
==============================================================================
tabicl_v2:  h=1e-03, dither=False
==============================================================================
  seed 42      53.6s  J_ii in [+0.00250, +1.03046]  cv_J 0.33042  ||J||_F 8.4848  s2 in [0.52356, 1.83958]
  seed 100     53.1s  J_ii in [+0.21577, +1.01840]  cv_J 0.28158  ||J||_F 8.8067  s2 in [0.66996, 1.73684]
  seed 200     52.7s  J_ii in [+0.02685, +0.65131]  cv_J 0.32881  ||J||_F 6.3205  s2 in [1.11795, 2.04557]
  seed 300     52.6s  J_ii in [+0.30404, +1.11751]  cv_J 0.27665  ||J||_F 8.4864  s2 in [0.31296, 1.06596]
  seed 400     52.7s  J_ii in [+0.19532, +0.74741]  cv_J 0.22506  ||J||_F 7.0650  s2 in [1.22016, 2.44115]

==============================================================================
tabswift:  h=1e-01, dither=False
==============================================================================
  seed 42      22.4s  J_ii in [-0.17090, +0.36816]  cv_J 0.92848  ||J||_F 4.3172
  seed 100     20.7s  J_ii in [-0.56152, +1.01074]  cv_J 1.52713  ||J||_F 9.3572
  seed 200     20.2s  J_ii in [-0.14404, +0.58594]  cv_J 0.74619  ||J||_F 4.5278
  seed 300     22.2s  J_ii in [-0.05371, +0.99365]  cv_J 0.67987  ||J||_F 7.1718
  seed 400     22.2s  J_ii in [-0.30762, +0.85205]  cv_J 0.57267  ||J||_F 5.8294

==============================================================================
tabpfn_v2_nodither:  h=1e-01, dither=False
==============================================================================
  seed 42      13.9s  J_ii in [-0.68750, +0.71465]  cv_J 1.23685  ||J||_F 8.8911  s2 in [1.67686, 2.10434]
  seed 100     12.9s  J_ii in [-0.03334, +0.12641]  cv_J 0.55428  ||J||_F 2.5479  s2 in [1.93125, 2.30587]
  seed 200     12.8s  J_ii in [-0.25445, +0.79817]  cv_J 0.48063  ||J||_F 9.9082  s2 in [1.18129, 2.23376]
  seed 300     12.8s  J_ii in [-0.29988, +0.93434]  cv_J 1.31081  ||J||_F 16.8053  s2 in [1.48771, 1.77456]
  seed 400     12.6s  J_ii in [-0.01676, +0.48490]  cv_J 0.47587  ||J||_F 5.6672  s2 in [1.76805, 2.31623]

==============================================================================
tabpfn_v2_dither:  h=1e-01, dither=True, halfwidth=delta, N=10
==============================================================================
  seed 42     133.6s  J_ii in [-0.63814, +0.72505]  cv_J 1.21014  ||J||_F 9.0085  s2 in [1.67686, 2.10434]
  seed 100    132.0s  J_ii in [-0.03677, +0.12147]  cv_J 0.56027  ||J||_F 2.5025  s2 in [1.93125, 2.30587]
  seed 200    131.7s  J_ii in [-0.22546, +0.75042]  cv_J 0.47289  ||J||_F 9.5954  s2 in [1.18129, 2.23376]
  seed 300    131.4s  J_ii in [-0.30379, +0.79610]  cv_J 1.29077  ||J||_F 16.7041  s2 in [1.48771, 1.77456]
  seed 400    130.3s  J_ii in [+0.00985, +0.50142]  cv_J 0.46508  ||J||_F 5.4749  s2 in [1.76805, 2.31623]

Saved 55 arrays to /home/psquare_a6000/Desktop/conformal_ood/experiments/tier0_instrument/exp12_ambient_jacobians.npz
