==============================================================================
T0.2  determinism of the audit path -- TabICL v2, 2 independent passes
      t=1e-03, no dither, Q seed 0, seeds [42, 100, 200, 300, 400]
==============================================================================

PASS 1
  [1] seed 42      50.5s  asym 0.606661791  negeig 0.241642052
  [1] seed 100     52.8s  asym 0.532993861  negeig 0.159459932
  [1] seed 200     50.6s  asym 0.705353295  negeig 0.220369026
  [1] seed 300     54.0s  asym 0.470116580  negeig 0.129146105
  [1] seed 400     53.7s  asym 0.586528982  negeig 0.132684470

PASS 2
  [2] seed 42      77.0s  asym 0.606661791  negeig 0.241642052
  [2] seed 100    109.8s  asym 0.532993861  negeig 0.159459932
  [2] seed 200    109.8s  asym 0.705353295  negeig 0.220369026
  [2] seed 300     91.3s  asym 0.470116580  negeig 0.129146105
  [2] seed 400     50.0s  asym 0.586528982  negeig 0.132684470

==============================================================================
PER SEED
==============================================================================
  seed       max|dm|       rel  ||dJ||_F/||J||    asym rel   negeig rel  bit-identical
  42       0.000e+00  0.00e+00       0.000e+00   0.000e+00    0.000e+00        m and J
  100      0.000e+00  0.00e+00       0.000e+00   0.000e+00    0.000e+00        m and J
  200      0.000e+00  0.00e+00       0.000e+00   0.000e+00    0.000e+00        m and J
  300      0.000e+00  0.00e+00       0.000e+00   0.000e+00    0.000e+00        m and J
  400      0.000e+00  0.00e+00       0.000e+00   0.000e+00    0.000e+00        m and J

==============================================================================
  worst asym   relative difference : 0.000e+00   (gate 1e-2)
  worst negeig relative difference : 0.000e+00   (gate 1e-2)
  T0.2 VERDICT: PASS
==============================================================================
Saved: /home/psquare_a6000/Desktop/conformal_ood/experiments/phase_3/results/t0_2_determinism.json
