================================================================================================
Is FD-at-y representative of the sphere the loop averages over?
  6 random points per context on the same constant-(ybar, r) sphere
================================================================================================

  seed 42
    FD skew AT y                    4.66537   (||J||_F 7.6902)
    FD skew on the sphere, 6 pts   4.33267 +- 0.50985  [3.48074, 5.01659]   (||J||_F 5.2939)
    sphere / at-y                   0.929     (368s)

  seed 100
    FD skew AT y                    4.15733   (||J||_F 7.8000)
    FD skew on the sphere, 6 pts   4.74793 +- 1.23006  [2.69059, 6.43278]   (||J||_F 5.3280)
    sphere / at-y                   1.142     (383s)

  seed 200
    FD skew AT y                    3.55827   (||J||_F 5.0447)
    FD skew on the sphere, 6 pts   4.33515 +- 1.16669  [2.31043, 5.44408]   (||J||_F 5.1450)
    sphere / at-y                   1.218     (371s)

================================================================================================
RECONCILIATION
================================================================================================
  seed     FD at y   FD sphere      loop  loop/FD_sphere  loop/FD_at_y
  42        4.6654      4.3327    0.6276           0.145         0.135
  100       4.1573      4.7479    0.6684           0.141         0.161
  200       3.5583      4.3352    0.6931           0.160         0.195

  sphere / at-y            1.096
  loop / FD-on-sphere      0.149     <- 1.0 would reconcile the two estimators

  LOCALITY REFUTED -- the estimators disagree on one object; HALT H2

Saved: /home/psquare_a6000/Desktop/conformal_ood/experiments/phase_3/results/t0_3_sphere_locality.json
