============================================================================================
RUNG A
============================================================================================
  ctx   0  asym 1.0270  negeig 0.3860  trJ/n 0.264  ||J-I|| 1.570  A3 R2 0.0015  (106s)
  ctx   1  asym 0.2363  negeig 0.0000  trJ/n 0.945  ||J-I|| 0.293  A3 R2 0.1348  (212s)
  ctx   2  asym 0.1230  negeig 0.0000  trJ/n 0.952  ||J-I|| 0.142  A3 R2 0.2440  (317s)
  ctx  10  asym 0.0958  negeig 0.0000  trJ/n 0.969  ||J-I|| 0.119  A3 R2 0.1248  (1238s)
  ctx  20  asym 0.1894  negeig 0.0000  trJ/n 0.958  ||J-I|| 0.225  A3 R2 0.3179  (2318s)
  ctx  30  asym 0.2230  negeig 0.0000  trJ/n 0.958  ||J-I|| 0.266  A3 R2 0.2136  (3408s)
  ctx  40  asym 0.6111  negeig 0.2711  trJ/n 0.622  ||J-I|| 0.781  A3 R2 0.3321  (4499s)
  ctx  50  asym 0.1509  negeig 0.0000  trJ/n 0.974  ||J-I|| 0.177  A3 R2 0.3241  (5640s)

  RUNG A DONE  60 contexts in 6587s
    asym      0.3727 +- 0.3367
    negeig    0.1012 +- 0.1350
    trJ/n     0.8442 [0.264, 1.007]
    ||J-I||   0.4260
    A3 R2     0.1763
    row resid 0.7478
============================================================================================
RUNG D
============================================================================================
  ctx   0  asym 0.7401  negeig 0.2128  trJ/n 0.473  ||J-I|| 1.053  A3 R2 0.0957  (110s)
  ctx   1  asym 0.6579  negeig 0.2646  trJ/n 0.594  ||J-I|| 0.873  A3 R2 0.0080  (217s)
  ctx   2  asym 0.5621  negeig 0.3467  trJ/n 0.736  ||J-I|| 0.646  A3 R2 0.2642  (330s)
  ctx  10  asym 0.7933  negeig 0.2808  trJ/n 0.470  ||J-I|| 1.044  A3 R2 0.1371  (1205s)
  ctx  20  asym 0.6147  negeig 0.1492  trJ/n 0.499  ||J-I|| 1.002  A3 R2 0.0718  (2313s)
  ctx  30  asym 0.7009  negeig 0.2005  trJ/n 0.407  ||J-I|| 1.236  A3 R2 0.0943  (3423s)
  ctx  40  asym 0.6062  negeig 0.1414  trJ/n 0.443  ||J-I|| 1.134  A3 R2 0.0055  (4577s)
  ctx  50  asym 0.6378  negeig 0.1490  trJ/n 0.402  ||J-I|| 1.240  A3 R2 0.0224  (5679s)

  RUNG D DONE  60 contexts in 6689s
    asym      0.6686 +- 0.1341
    negeig    0.2030 +- 0.0660
    trJ/n     0.4964 [0.213, 0.737]
    ||J-I||   1.0619
    A3 R2     0.0675
    row resid 0.8221
============================================================================================
RUNG B
============================================================================================
  ctx   0  asym 0.0994  negeig 0.0000  trJ/n 0.630  ||J-I|| 0.715  A3 R2 0.0197  (115s)
  ctx   1  asym 0.1094  negeig 0.0000  trJ/n 0.961  ||J-I|| 0.142  A3 R2 0.1020  (200s)
  ctx   2  asym 0.0738  negeig 0.0000  trJ/n 0.982  ||J-I|| 0.074  A3 R2 0.0947  (307s)
  ctx  10  asym 0.6507  negeig 0.1752  trJ/n 0.884  ||J-I|| 0.753  A3 R2 0.0568  (1168s)
  ctx  20  asym 0.3187  negeig 0.0000  trJ/n 0.902  ||J-I|| 0.330  A3 R2 0.0046  (2271s)
  ctx  30  asym 0.7379  negeig 0.2600  trJ/n 0.680  ||J-I|| 0.845  A3 R2 0.0322  (3339s)
  ctx  40  asym 0.0856  negeig 0.0000  trJ/n 0.977  ||J-I|| 0.108  A3 R2 0.0073  (4386s)
  ctx  50  asym 0.0711  negeig 0.0000  trJ/n 0.987  ||J-I|| 0.078  A3 R2 0.0046  (5542s)

  RUNG B DONE  60 contexts in 6583s
    asym      0.3048 +- 0.2918
    negeig    0.0814 +- 0.1286
    trJ/n     0.8667 [0.280, 1.004]
    ||J-I||   0.3808
    A3 R2     0.1146
    row resid 0.7478
============================================================================================
RUNG C
============================================================================================
  ctx   0  asym 0.1302  negeig 0.0000  trJ/n 0.977  ||J-I|| 0.150  A3 R2 0.0572  (109s)
  ctx   1  asym 0.0544  negeig 0.0000  trJ/n 0.994  ||J-I|| 0.052  A3 R2 0.0267  (198s)
  ctx   2  asym 0.0907  negeig 0.0000  trJ/n 0.990  ||J-I|| 0.092  A3 R2 0.1105  (320s)
  ctx  10  asym 0.0990  negeig 0.0000  trJ/n 0.990  ||J-I|| 0.105  A3 R2 0.0160  (1156s)
  ctx  20  asym 0.0476  negeig 0.0000  trJ/n 1.003  ||J-I|| 0.045  A3 R2 0.2275  (2324s)
  ctx  30  asym 0.4444  negeig 0.1035  trJ/n 0.806  ||J-I|| 0.658  A3 R2 0.1014  (3506s)
  ctx  40  asym 0.2645  negeig 0.0000  trJ/n 0.886  ||J-I|| 0.360  A3 R2 0.3327  (4577s)
  ctx  50  asym 0.0710  negeig 0.0000  trJ/n 1.000  ||J-I|| 0.071  A3 R2 0.0417  (5718s)

  RUNG C DONE  60 contexts in 6704s
    asym      0.2463 +- 0.2265
    negeig    0.0543 +- 0.1036
    trJ/n     0.9397 [0.618, 1.008]
    ||J-I||   0.2725
    A3 R2     0.1617
    row resid 0.7323
============================================================================================
RUNG E
============================================================================================
  ctx   0  asym 0.2911  negeig 0.1850  trJ/n 0.887  ||J-I|| 0.279  A3 R2 0.0357  (111s)
  ctx   1  asym 0.2342  negeig 0.0000  trJ/n 0.933  ||J-I|| 0.202  A3 R2 0.0479  (220s)
  ctx   2  asym 0.3123  negeig 0.1613  trJ/n 0.885  ||J-I|| 0.289  A3 R2 0.0415  (345s)
  ctx  10  asym 1.4088  negeig 0.4658  trJ/n 1.041  ||J-I|| 0.986  A3 R2 0.3034  (1222s)
  ctx  20  asym 1.0471  negeig 0.3694  trJ/n 0.456  ||J-I|| 1.067  A3 R2 0.0629  (2331s)
  ctx  30  asym 1.2896  negeig 0.3749  trJ/n 0.882  ||J-I|| 0.925  A3 R2 0.0035  (3431s)
  ctx  40  asym 0.6084  negeig 0.3898  trJ/n 0.754  ||J-I|| 0.564  A3 R2 0.0242  (4873s)
  ctx  50  asym 0.0540  negeig 0.0000  trJ/n 1.020  ||J-I|| 0.051  A3 R2 0.0033  (6596s)

  RUNG E DONE  60 contexts in 8391s
    asym      0.4906 +- 0.4778
    negeig    0.1880 +- 0.1984
    trJ/n     0.8680 [0.456, 1.041]
    ||J-I||   0.4273
    A3 R2     0.1022
    row resid 0.7728
============================================================================================
RUNG F
============================================================================================
  ctx   0  asym 0.1874  negeig 0.0381  trJ/n 0.687  ||J-I|| 0.678  A3 R2 0.0141  (112s)
  ctx   1  asym 0.2228  negeig 0.0961  trJ/n 0.675  ||J-I|| 0.694  A3 R2 0.0850  (222s)
  ctx   2  asym 0.2011  negeig 0.0443  trJ/n 0.683  ||J-I|| 0.683  A3 R2 0.3027  (333s)
  ctx  10  asym 0.2223  negeig 0.0652  trJ/n 0.675  ||J-I|| 0.694  A3 R2 0.1735  (1200s)
  ctx  20  asym 0.2724  negeig 0.0828  trJ/n 0.651  ||J-I|| 0.727  A3 R2 0.2694  (2297s)
  ctx  30  asym 0.3058  negeig 0.1339  trJ/n 0.654  ||J-I|| 0.728  A3 R2 0.3768  (3438s)
  ctx  40  asym 0.2663  negeig 0.0521  trJ/n 0.670  ||J-I|| 0.704  A3 R2 0.1279  (4582s)
  ctx  50  asym 0.2478  negeig 0.0686  trJ/n 0.650  ||J-I|| 0.724  A3 R2 0.2349  (5724s)

  RUNG F DONE  60 contexts in 6737s
    asym      0.2257 +- 0.0335
    negeig    0.0681 +- 0.0214
    trJ/n     0.6738 [0.643, 0.693]
    ||J-I||   0.6957
    A3 R2     0.2132
    row resid 0.7660
