Running 1a: Amplitude sweep (reduced-basis) on TabICL v2
 Seed 42
 Seed 100
 Seed 200
 Seed 300
 Seed 400

Results 1a:
 t=1.0e-03: asym=0.290 +/- 0.039, negeig=0.092
 t=3.0e-03: asym=0.290 +/- 0.039, negeig=0.092
 t=1.0e-02: asym=0.290 +/- 0.039, negeig=0.092
 t=3.0e-02: asym=0.290 +/- 0.039, negeig=0.092
 t=1.0e-01: asym=0.290 +/- 0.039, negeig=0.092

Running 1b & 1c: Instrument comparison at t=1e-3 (without Richardson extrapolation)
 Seed 42: Asym Red=0.3031, Asym StdProj=0.3032 -> Diff=-0.0001
 Seed 100: Asym Red=0.2664, Asym StdProj=0.2662 -> Diff=0.0002
 Seed 200: Asym Red=0.3531, Asym StdProj=0.3527 -> Diff=0.0003
 Seed 300: Asym Red=0.2353, Asym StdProj=0.2353 -> Diff=0.0001
 Seed 400: Asym Red=0.2937, Asym StdProj=0.2936 -> Diff=0.0001

Paired diff (Red - StdProj): 0.0001 +/- 0.0001

Instruments match at matched amplitude!
e!
