
==============================================================================
MODEL tabpfn_v2   4 datasets x 5 seeds x 3 schemes x 3 rates
==============================================================================
  did=229   s42    flip     r=0.05   20.1s  k=5   changed=5   lam_min -1.8125  trJ   35.19
  did=229   s42    shuffle  r=0.05   19.6s  k=5   changed=2   lam_min -0.8458  trJ   29.30
  did=229   s42    noise    r=0.05   19.9s  k=5   changed=5   lam_min -1.1996  trJ   25.67
  did=229   s42    flip     r=0.10   19.6s  k=10  changed=10  lam_min -0.6323  trJ   25.62
  did=229   s42    shuffle  r=0.10   20.0s  k=10  changed=8   lam_min -0.5109  trJ   21.30
  did=229   s42    noise    r=0.10   19.2s  k=10  changed=10  lam_min -1.0459  trJ   27.99
  did=229   s42    flip     r=0.20   17.4s  k=20  changed=20  lam_min -0.5464  trJ   11.04
  did=229   s42    shuffle  r=0.20   17.4s  k=20  changed=19  lam_min -1.1903  trJ   19.95
  did=229   s42    noise    r=0.20   17.8s  k=20  changed=20  lam_min -0.6708  trJ   18.35
  did=229   s100   flip     r=0.05   17.9s  k=5   changed=5   lam_min -0.8561  trJ   33.97
  did=229   s100   shuffle  r=0.05   17.8s  k=5   changed=5   lam_min -0.5192  trJ   34.49
  did=229   s100   noise    r=0.05   17.6s  k=5   changed=5   lam_min -1.8342  trJ   33.81
  did=229   s100   flip     r=0.10   17.9s  k=10  changed=10  lam_min -0.8815  trJ   27.06
  did=229   s100   shuffle  r=0.10   18.0s  k=10  changed=9   lam_min -0.6629  trJ   38.46
  did=229   s100   noise    r=0.10   18.1s  k=10  changed=10  lam_min -0.7285  trJ   30.73
  did=229   s100   flip     r=0.20   17.9s  k=20  changed=20  lam_min -1.1171  trJ   23.66
  did=229   s100   shuffle  r=0.20   17.7s  k=20  changed=18  lam_min -1.3300  trJ   28.18
  did=229   s100   noise    r=0.20   17.8s  k=20  changed=20  lam_min -1.1443  trJ   23.75
  did=229   s200   flip     r=0.05   17.6s  k=5   changed=5   lam_min -1.3168  trJ   25.08
  did=229   s200   shuffle  r=0.05   17.9s  k=5   changed=4   lam_min -1.5202  trJ   30.68
  did=229   s200   noise    r=0.05   17.6s  k=5   changed=5   lam_min -1.2776  trJ   31.29
  did=229   s200   flip     r=0.10   17.9s  k=10  changed=10  lam_min -1.4613  trJ   26.04
  did=229   s200   shuffle  r=0.10   17.4s  k=10  changed=9   lam_min -6.6336  trJ   27.87
  did=229   s200   noise    r=0.10   17.6s  k=10  changed=10  lam_min -3.2713  trJ   22.81
  did=229   s200   flip     r=0.20   17.4s  k=20  changed=20  lam_min -1.6963  trJ   13.02
  did=229   s200   shuffle  r=0.20   17.4s  k=20  changed=19  lam_min -0.7115  trJ   18.46
  did=229   s200   noise    r=0.20   17.5s  k=20  changed=20  lam_min -1.6970  trJ   17.64
  did=229   s300   flip     r=0.05   17.5s  k=5   changed=5   lam_min -1.0279  trJ   44.17
  did=229   s300   shuffle  r=0.05   17.5s  k=5   changed=5   lam_min -0.7505  trJ   36.36
  did=229   s300   noise    r=0.05   17.7s  k=5   changed=5   lam_min -0.4131  trJ   32.90
  did=229   s300   flip     r=0.10   17.6s  k=10  changed=10  lam_min -2.4316  trJ   37.28
  did=229   s300   shuffle  r=0.10   17.5s  k=10  changed=10  lam_min -0.8817  trJ   37.13
  did=229   s300   noise    r=0.10   17.5s  k=10  changed=10  lam_min -0.7539  trJ   49.12
  did=229   s300   flip     r=0.20   17.5s  k=20  changed=20  lam_min -1.7796  trJ   26.41
  did=229   s300   shuffle  r=0.20   17.7s  k=20  changed=18  lam_min -0.5006  trJ   21.71
  did=229   s300   noise    r=0.20   17.8s  k=20  changed=20  lam_min -0.7822  trJ   32.90
  did=229   s400   flip     r=0.05   17.7s  k=5   changed=5   lam_min -2.4799  trJ   36.11
  did=229   s400   shuffle  r=0.05   17.8s  k=5   changed=4   lam_min -1.3792  trJ   31.40
  did=229   s400   noise    r=0.05   17.9s  k=5   changed=5   lam_min -0.7785  trJ   42.93
  did=229   s400   flip     r=0.10   17.6s  k=10  changed=10  lam_min -1.2682  trJ   36.72
  did=229   s400   shuffle  r=0.10   17.5s  k=10  changed=9   lam_min -6.0085  trJ   45.92
  did=229   s400   noise    r=0.10   17.6s  k=10  changed=10  lam_min -1.0522  trJ   36.88
  did=229   s400   flip     r=0.20   17.8s  k=20  changed=20  lam_min -1.9794  trJ   50.69
  did=229   s400   shuffle  r=0.20   17.7s  k=20  changed=19  lam_min -10.1465  trJ   43.71
  did=229   s400   noise    r=0.20   17.8s  k=20  changed=20  lam_min -1.0694  trJ   42.92
  did=509   s42    flip     r=0.05   17.5s  k=5   changed=5   lam_min -0.3781  trJ   12.91
  did=509   s42    shuffle  r=0.05   17.4s  k=5   changed=2   lam_min -0.6935  trJ   19.64
  did=509   s42    noise    r=0.05   17.4s  k=5   changed=5   lam_min -1.1343  trJ   18.90
  did=509   s42    flip     r=0.10   17.3s  k=10  changed=10  lam_min -0.4668  trJ    7.55
  did=509   s42    shuffle  r=0.10   17.4s  k=10  changed=10  lam_min -0.5704  trJ   15.50
  did=509   s42    noise    r=0.10   17.3s  k=10  changed=10  lam_min -2.0834  trJ   20.31
  did=509   s42    flip     r=0.20   17.4s  k=20  changed=20  lam_min -0.3649  trJ   11.29
  did=509   s42    shuffle  r=0.20   17.5s  k=20  changed=20  lam_min -0.5477  trJ   16.88
  did=509   s42    noise    r=0.20   17.9s  k=20  changed=20  lam_min -0.5934  trJ   14.92
  did=509   s100   flip     r=0.05   18.0s  k=5   changed=5   lam_min -0.3571  trJ    7.94
  did=509   s100   shuffle  r=0.05   17.8s  k=5   changed=5   lam_min -0.3628  trJ   10.58
  did=509   s100   noise    r=0.05   17.7s  k=5   changed=5   lam_min -0.5745  trJ    8.30
  did=509   s100   flip     r=0.10   17.7s  k=10  changed=10  lam_min -0.4899  trJ    7.18
  did=509   s100   shuffle  r=0.10   17.6s  k=10  changed=9   lam_min -0.9543  trJ    9.96
  did=509   s100   noise    r=0.10   17.9s  k=10  changed=10  lam_min -0.4938  trJ    9.65
  did=509   s100   flip     r=0.20   17.7s  k=20  changed=20  lam_min -0.4246  trJ    9.22
  did=509   s100   shuffle  r=0.20   17.6s  k=20  changed=18  lam_min -0.8829  trJ    7.02
  did=509   s100   noise    r=0.20   17.8s  k=20  changed=20  lam_min -1.0938  trJ   16.04
  did=509   s200   flip     r=0.05   17.7s  k=5   changed=5   lam_min -0.9834  trJ   18.00
  did=509   s200   shuffle  r=0.05   18.1s  k=5   changed=3   lam_min -0.7615  trJ   17.92
  did=509   s200   noise    r=0.05   18.2s  k=5   changed=5   lam_min -0.9647  trJ   17.38
  did=509   s200   flip     r=0.10   18.1s  k=10  changed=10  lam_min -0.9213  trJ   15.08
  did=509   s200   shuffle  r=0.10   18.1s  k=10  changed=8   lam_min -0.7555  trJ   17.38
  did=509   s200   noise    r=0.10   17.9s  k=10  changed=10  lam_min -0.4876  trJ   16.46
  did=509   s200   flip     r=0.20   18.3s  k=20  changed=20  lam_min -0.6506  trJ   12.15
  did=509   s200   shuffle  r=0.20   17.8s  k=20  changed=19  lam_min -0.4172  trJ   13.30
  did=509   s200   noise    r=0.20   17.5s  k=20  changed=20  lam_min -0.2954  trJ    9.10
  did=509   s300   flip     r=0.05   17.9s  k=5   changed=5   lam_min -1.3461  trJ   12.65
  did=509   s300   shuffle  r=0.05   18.3s  k=5   changed=4   lam_min -0.4443  trJ   16.69
  did=509   s300   noise    r=0.05   17.8s  k=5   changed=5   lam_min -0.5604  trJ   13.81
  did=509   s300   flip     r=0.10   17.7s  k=10  changed=10  lam_min -0.8630  trJ   15.45
  did=509   s300   shuffle  r=0.10   17.7s  k=10  changed=8   lam_min -0.5364  trJ   18.62
  did=509   s300   noise    r=0.10   17.4s  k=10  changed=10  lam_min -1.4406  trJ   12.64
  did=509   s300   flip     r=0.20   17.6s  k=20  changed=20  lam_min -0.3730  trJ    7.44
  did=509   s300   shuffle  r=0.20   17.8s  k=20  changed=19  lam_min -0.4848  trJ   11.65
  did=509   s300   noise    r=0.20   17.7s  k=20  changed=20  lam_min -0.6446  trJ    8.27
  did=509   s400   flip     r=0.05   19.3s  k=5   changed=5   lam_min -1.8005  trJ   19.81
  did=509   s400   shuffle  r=0.05   17.6s  k=5   changed=4   lam_min -0.4781  trJ   18.42
  did=509   s400   noise    r=0.05   17.6s  k=5   changed=5   lam_min -0.4257  trJ   14.32
  did=509   s400   flip     r=0.10   17.7s  k=10  changed=10  lam_min -0.5135  trJ   22.09
  did=509   s400   shuffle  r=0.10   17.6s  k=10  changed=8   lam_min -0.3950  trJ   11.20
  did=509   s400   noise    r=0.10   17.8s  k=10  changed=10  lam_min -6.6960  trJ   11.29
  did=509   s400   flip     r=0.20   17.6s  k=20  changed=20  lam_min -0.7386  trJ   21.05
  did=509   s400   shuffle  r=0.20   17.9s  k=20  changed=20  lam_min -2.0636  trJ   15.16
  did=509   s400   noise    r=0.20   17.4s  k=20  changed=20  lam_min -2.0589  trJ   24.89
  did=522   s42    flip     r=0.05   17.4s  k=5   changed=5   lam_min -5.7061  trJ   15.85
  did=522   s42    shuffle  r=0.05   17.9s  k=5   changed=2   lam_min -2.7790  trJ   31.57
  did=522   s42    noise    r=0.05   18.1s  k=5   changed=5   lam_min -2.5642  trJ   23.42
  did=522   s42    flip     r=0.10   17.9s  k=10  changed=10  lam_min -7.5357  trJ   13.76
  did=522   s42    shuffle  r=0.10   18.1s  k=10  changed=10  lam_min -2.4417  trJ   23.84
  did=522   s42    noise    r=0.10   18.7s  k=10  changed=10  lam_min -1.8713  trJ   16.71
  did=522   s42    flip     r=0.20   18.8s  k=20  changed=20  lam_min -0.1771  trJ    2.91
  did=522   s42    shuffle  r=0.20   17.9s  k=20  changed=17  lam_min -1.2086  trJ   12.94
  did=522   s42    noise    r=0.20   18.1s  k=20  changed=20  lam_min -0.7995  trJ   12.09
  did=522   s100   flip     r=0.05   17.9s  k=5   changed=5   lam_min -3.3504  trJ   42.85
  did=522   s100   shuffle  r=0.05   18.7s  k=5   changed=5   lam_min -1.4186  trJ   39.64
  did=522   s100   noise    r=0.05   18.1s  k=5   changed=5   lam_min -0.4399  trJ   28.52
  did=522   s100   flip     r=0.10   18.0s  k=10  changed=10  lam_min -1.0411  trJ   24.85
  did=522   s100   shuffle  r=0.10   17.6s  k=10  changed=9   lam_min -0.7050  trJ   25.50
  did=522   s100   noise    r=0.10   17.4s  k=10  changed=10  lam_min -1.6019  trJ   32.97
  did=522   s100   flip     r=0.20   17.4s  k=20  changed=20  lam_min -0.3823  trJ   12.23
  did=522   s100   shuffle  r=0.20   18.1s  k=20  changed=19  lam_min -2.2054  trJ   25.67
  did=522   s100   noise    r=0.20   18.1s  k=20  changed=20  lam_min -0.6372  trJ   12.44
  did=522   s200   flip     r=0.05   18.0s  k=5   changed=5   lam_min -1.8629  trJ   26.29
  did=522   s200   shuffle  r=0.05   18.0s  k=5   changed=4   lam_min -1.3523  trJ   25.72
  did=522   s200   noise    r=0.05   17.7s  k=5   changed=5   lam_min -1.7625  trJ   25.14
  did=522   s200   flip     r=0.10   18.1s  k=10  changed=10  lam_min -0.9505  trJ   23.83
  did=522   s200   shuffle  r=0.10   18.0s  k=10  changed=10  lam_min -0.7639  trJ   26.89
  did=522   s200   noise    r=0.10   17.8s  k=10  changed=10  lam_min -0.5428  trJ   14.44
  did=522   s200   flip     r=0.20   17.7s  k=20  changed=20  lam_min -0.6767  trJ    8.47
  did=522   s200   shuffle  r=0.20   17.6s  k=20  changed=19  lam_min -0.9072  trJ   27.62
  did=522   s200   noise    r=0.20   17.5s  k=20  changed=20  lam_min -1.4828  trJ   16.48
  did=522   s300   flip     r=0.05   17.5s  k=5   changed=5   lam_min -0.9738  trJ   33.96
  did=522   s300   shuffle  r=0.05   17.5s  k=5   changed=5   lam_min -1.4227  trJ   36.21
  did=522   s300   noise    r=0.05   17.5s  k=5   changed=5   lam_min -1.5345  trJ   32.85
  did=522   s300   flip     r=0.10   17.6s  k=10  changed=10  lam_min -1.0288  trJ   14.54
  did=522   s300   shuffle  r=0.10   17.6s  k=10  changed=10  lam_min -0.8367  trJ   23.23
  did=522   s300   noise    r=0.10   17.9s  k=10  changed=10  lam_min -1.0744  trJ   22.34
  did=522   s300   flip     r=0.20   17.7s  k=20  changed=20  lam_min -1.5743  trJ   31.89
  did=522   s300   shuffle  r=0.20   17.7s  k=20  changed=17  lam_min -0.9954  trJ   21.90
  did=522   s300   noise    r=0.20   17.9s  k=20  changed=20  lam_min -1.6068  trJ   23.04
  did=522   s400   flip     r=0.05   17.6s  k=5   changed=5   lam_min -5.6379  trJ   30.26
  did=522   s400   shuffle  r=0.05   17.9s  k=5   changed=4   lam_min -5.1498  trJ   38.69
  did=522   s400   noise    r=0.05   17.5s  k=5   changed=5   lam_min -2.1511  trJ   34.82
  did=522   s400   flip     r=0.10   17.6s  k=10  changed=10  lam_min -1.9651  trJ   19.89
  did=522   s400   shuffle  r=0.10   17.9s  k=10  changed=10  lam_min -3.1416  trJ   18.08
  did=522   s400   noise    r=0.10   18.2s  k=10  changed=10  lam_min -1.1636  trJ   16.65
  did=522   s400   flip     r=0.20   18.1s  k=20  changed=20  lam_min -0.5658  trJ   14.69
  did=522   s400   shuffle  r=0.20   18.1s  k=20  changed=17  lam_min -1.2760  trJ   24.71
  did=522   s400   noise    r=0.20   18.0s  k=20  changed=20  lam_min -0.6390  trJ   17.73
  did=581   s42    flip     r=0.05   18.5s  k=5   changed=5   lam_min -0.0462  trJ   79.16
  did=581   s42    shuffle  r=0.05   18.3s  k=5   changed=4   lam_min -0.0975  trJ   77.61
  did=581   s42    noise    r=0.05   18.7s  k=5   changed=5   lam_min -0.7356  trJ   69.89
  did=581   s42    flip     r=0.10   18.8s  k=10  changed=10  lam_min -1.2772  trJ   56.39
  did=581   s42    shuffle  r=0.10   19.1s  k=10  changed=10  lam_min -0.8269  trJ   56.89
  did=581   s42    noise    r=0.10   18.6s  k=10  changed=10  lam_min -1.0333  trJ   64.52
  did=581   s42    flip     r=0.20   18.8s  k=20  changed=20  lam_min -1.5247  trJ   59.52
  did=581   s42    shuffle  r=0.20   18.8s  k=20  changed=19  lam_min -1.0535  trJ   66.63
  did=581   s42    noise    r=0.20   18.5s  k=20  changed=20  lam_min -1.6751  trJ   45.76
  did=581   s100   flip     r=0.05   18.7s  k=5   changed=5   lam_min -1.5614  trJ   65.80
  did=581   s100   shuffle  r=0.05   18.8s  k=5   changed=3   lam_min -0.5768  trJ   70.13
  did=581   s100   noise    r=0.05   19.0s  k=5   changed=5   lam_min -1.1348  trJ   65.61
  did=581   s100   flip     r=0.10   18.5s  k=10  changed=10  lam_min -1.7748  trJ   75.26
  did=581   s100   shuffle  r=0.10   18.6s  k=10  changed=9   lam_min -1.4032  trJ   70.83
  did=581   s100   noise    r=0.10   18.7s  k=10  changed=10  lam_min -1.5073  trJ   66.81
  did=581   s100   flip     r=0.20   19.1s  k=20  changed=20  lam_min -3.1325  trJ   43.56
  did=581   s100   shuffle  r=0.20   19.0s  k=20  changed=20  lam_min -1.7967  trJ   55.09
  did=581   s100   noise    r=0.20   19.0s  k=20  changed=20  lam_min -1.8145  trJ   48.13
  did=581   s200   flip     r=0.05   19.1s  k=5   changed=5   lam_min -0.7935  trJ   62.62
  did=581   s200   shuffle  r=0.05   19.4s  k=5   changed=4   lam_min -0.5876  trJ   64.94
  did=581   s200   noise    r=0.05   19.3s  k=5   changed=5   lam_min -0.2652  trJ   61.84
  did=581   s200   flip     r=0.10   19.0s  k=10  changed=10  lam_min -0.8848  trJ   56.32
  did=581   s200   shuffle  r=0.10   19.4s  k=10  changed=8   lam_min -1.3097  trJ   66.25
  did=581   s200   noise    r=0.10   19.3s  k=10  changed=10  lam_min -0.5452  trJ   60.98
  did=581   s200   flip     r=0.20   19.8s  k=20  changed=20  lam_min -0.7893  trJ   43.19
  did=581   s200   shuffle  r=0.20   19.4s  k=20  changed=20  lam_min -0.8570  trJ   55.66
  did=581   s200   noise    r=0.20   19.4s  k=20  changed=20  lam_min -1.4643  trJ   58.14
  did=581   s300   flip     r=0.05   19.4s  k=5   changed=5   lam_min -0.4889  trJ   68.66
  did=581   s300   shuffle  r=0.05   19.2s  k=5   changed=5   lam_min -3.9230  trJ   70.03
  did=581   s300   noise    r=0.05   18.8s  k=5   changed=5   lam_min -1.0529  trJ   71.86
  did=581   s300   flip     r=0.10   19.5s  k=10  changed=10  lam_min -2.6941  trJ   57.80
  did=581   s300   shuffle  r=0.10   19.3s  k=10  changed=10  lam_min -1.1390  trJ   59.08
  did=581   s300   noise    r=0.10   18.9s  k=10  changed=10  lam_min -1.8912  trJ   56.90
  did=581   s300   flip     r=0.20   18.5s  k=20  changed=20  lam_min -1.5929  trJ   71.75
  did=581   s300   shuffle  r=0.20   18.8s  k=20  changed=20  lam_min -1.8047  trJ   60.47
  did=581   s300   noise    r=0.20   18.9s  k=20  changed=20  lam_min -1.5703  trJ   57.45
  did=581   s400   flip     r=0.05   18.5s  k=5   changed=5   lam_min -4.2757  trJ   64.03
  did=581   s400   shuffle  r=0.05   18.5s  k=5   changed=5   lam_min -1.1044  trJ   64.78
  did=581   s400   noise    r=0.05   18.8s  k=5   changed=5   lam_min -0.8096  trJ   55.18
  did=581   s400   flip     r=0.10   19.0s  k=10  changed=10  lam_min -1.4882  trJ   59.29
  did=581   s400   shuffle  r=0.10   18.6s  k=10  changed=7   lam_min -1.4694  trJ   63.26
  did=581   s400   noise    r=0.10   18.5s  k=10  changed=10  lam_min -1.1651  trJ   61.35
  did=581   s400   flip     r=0.20   18.9s  k=20  changed=20  lam_min -5.8484  trJ   47.87
  did=581   s400   shuffle  r=0.20   18.7s  k=20  changed=19  lam_min -2.7257  trJ   51.27
  did=581   s400   noise    r=0.20   18.8s  k=20  changed=20  lam_min -1.0610  trJ   58.49

==============================================================================
MODEL tabswift   4 datasets x 5 seeds x 3 schemes x 3 rates
==============================================================================
  did=229   s42    flip     r=0.05   30.5s  k=5   changed=5   lam_min -0.3610  trJ   22.16
  did=229   s42    shuffle  r=0.05   30.5s  k=5   changed=2   lam_min -0.5155  trJ   34.15
  did=229   s42    noise    r=0.05   30.4s  k=5   changed=5   lam_min -0.4550  trJ   20.76
  did=229   s42    flip     r=0.10   30.2s  k=10  changed=10  lam_min -0.3559  trJ   25.78
  did=229   s42    shuffle  r=0.10   30.3s  k=10  changed=8   lam_min -0.4242  trJ   27.79
  did=229   s42    noise    r=0.10   30.2s  k=10  changed=10  lam_min -0.3777  trJ    9.48
  did=229   s42    flip     r=0.20   30.1s  k=20  changed=20  lam_min -0.2350  trJ    3.07
  did=229   s42    shuffle  r=0.20   30.0s  k=20  changed=19  lam_min -0.3271  trJ    4.19
  did=229   s42    noise    r=0.20   30.3s  k=20  changed=20  lam_min -0.5176  trJ   11.07
  did=229   s100   flip     r=0.05   30.2s  k=5   changed=5   lam_min -0.4460  trJ   33.18
  did=229   s100   shuffle  r=0.05   30.3s  k=5   changed=5   lam_min -0.3256  trJ   35.84
  did=229   s100   noise    r=0.05   30.4s  k=5   changed=5   lam_min -0.5038  trJ   32.42
  did=229   s100   flip     r=0.10   30.3s  k=10  changed=10  lam_min -0.3246  trJ   23.09
  did=229   s100   shuffle  r=0.10   30.2s  k=10  changed=9   lam_min -0.3142  trJ   29.41
  did=229   s100   noise    r=0.10   30.0s  k=10  changed=10  lam_min -0.4982  trJ   21.43
  did=229   s100   flip     r=0.20   30.1s  k=20  changed=20  lam_min -0.4009  trJ    9.48
  did=229   s100   shuffle  r=0.20   30.1s  k=20  changed=18  lam_min -0.2762  trJ   13.43
  did=229   s100   noise    r=0.20   30.3s  k=20  changed=20  lam_min -0.3034  trJ    7.86
  did=229   s200   flip     r=0.05   30.1s  k=5   changed=5   lam_min -0.3703  trJ   32.90
  did=229   s200   shuffle  r=0.05   30.2s  k=5   changed=4   lam_min -0.4145  trJ   31.79
  did=229   s200   noise    r=0.05   30.2s  k=5   changed=5   lam_min -0.3866  trJ   22.62
  did=229   s200   flip     r=0.10   30.4s  k=10  changed=10  lam_min -0.4198  trJ   22.02
  did=229   s200   shuffle  r=0.10   30.4s  k=10  changed=9   lam_min -0.2194  trJ   20.26
  did=229   s200   noise    r=0.10   30.4s  k=10  changed=10  lam_min -0.4993  trJ   21.12
  did=229   s200   flip     r=0.20   30.3s  k=20  changed=20  lam_min -0.3806  trJ    2.78
  did=229   s200   shuffle  r=0.20   30.3s  k=20  changed=19  lam_min -0.3691  trJ    7.64
  did=229   s200   noise    r=0.20   30.1s  k=20  changed=20  lam_min -0.4317  trJ   11.07
  did=229   s300   flip     r=0.05   30.2s  k=5   changed=5   lam_min -0.4596  trJ   33.29
  did=229   s300   shuffle  r=0.05   30.3s  k=5   changed=5   lam_min -0.3799  trJ   41.59
  did=229   s300   noise    r=0.05   30.3s  k=5   changed=5   lam_min -0.4655  trJ   28.85
  did=229   s300   flip     r=0.10   30.5s  k=10  changed=10  lam_min -0.6288  trJ   23.18
  did=229   s300   shuffle  r=0.10   30.5s  k=10  changed=10  lam_min -0.3491  trJ   35.30
  did=229   s300   noise    r=0.10   30.6s  k=10  changed=10  lam_min -0.9071  trJ   26.61
  did=229   s300   flip     r=0.20   30.0s  k=20  changed=20  lam_min -0.4688  trJ    8.83
  did=229   s300   shuffle  r=0.20   30.4s  k=20  changed=18  lam_min -0.3131  trJ   14.53
  did=229   s300   noise    r=0.20   30.3s  k=20  changed=20  lam_min -0.6132  trJ   18.89
  did=229   s400   flip     r=0.05   30.6s  k=5   changed=5   lam_min -0.4126  trJ   23.47
  did=229   s400   shuffle  r=0.05   29.9s  k=5   changed=4   lam_min -0.4925  trJ   25.95
  did=229   s400   noise    r=0.05   30.3s  k=5   changed=5   lam_min -0.6076  trJ   28.55
  did=229   s400   flip     r=0.10   30.4s  k=10  changed=10  lam_min -0.3340  trJ   12.87
  did=229   s400   shuffle  r=0.10   30.3s  k=10  changed=9   lam_min -0.3882  trJ   23.62
  did=229   s400   noise    r=0.10   30.2s  k=10  changed=10  lam_min -0.5852  trJ   22.76
  did=229   s400   flip     r=0.20   29.8s  k=20  changed=20  lam_min -0.4535  trJ   13.99
  did=229   s400   shuffle  r=0.20   29.6s  k=20  changed=19  lam_min -0.4535  trJ   17.37
  did=229   s400   noise    r=0.20   29.5s  k=20  changed=20  lam_min -0.5096  trJ   16.91
  did=509   s42    flip     r=0.05   30.0s  k=5   changed=5   lam_min -0.0012  trJ    0.00
  did=509   s42    shuffle  r=0.05   29.2s  k=5   changed=2   lam_min -0.0012  trJ    0.00
  did=509   s42    noise    r=0.05   29.4s  k=5   changed=5   lam_min -0.0012  trJ   -0.00
  did=509   s42    flip     r=0.10   29.1s  k=10  changed=10  lam_min -0.0015  trJ   -0.00
  did=509   s42    shuffle  r=0.10   28.1s  k=10  changed=10  lam_min -0.0013  trJ    0.00
  did=509   s42    noise    r=0.10   28.6s  k=10  changed=10  lam_min -0.0089  trJ    0.00
  did=509   s42    flip     r=0.20   28.6s  k=20  changed=20  lam_min -0.0013  trJ   -0.00
  did=509   s42    shuffle  r=0.20   29.7s  k=20  changed=20  lam_min -0.0015  trJ   -0.00
  did=509   s42    noise    r=0.20   29.4s  k=20  changed=20  lam_min -0.0012  trJ   -0.00
  did=509   s100   flip     r=0.05   28.3s  k=5   changed=5   lam_min -0.0014  trJ   -0.00
  did=509   s100   shuffle  r=0.05   29.7s  k=5   changed=5   lam_min -0.0011  trJ    0.00
  did=509   s100   noise    r=0.05   30.2s  k=5   changed=5   lam_min -0.0012  trJ   -0.00
  did=509   s100   flip     r=0.10   27.7s  k=10  changed=10  lam_min -0.0021  trJ    0.00
  did=509   s100   shuffle  r=0.10   27.7s  k=10  changed=9   lam_min -0.0013  trJ    0.00
  did=509   s100   noise    r=0.10   27.2s  k=10  changed=10  lam_min -0.0362  trJ    0.00
  did=509   s100   flip     r=0.20   27.8s  k=20  changed=20  lam_min -0.0024  trJ   -0.00
  did=509   s100   shuffle  r=0.20   28.0s  k=20  changed=18  lam_min -0.0019  trJ   -0.00
  did=509   s100   noise    r=0.20   28.6s  k=20  changed=20  lam_min -0.0027  trJ   -0.00
  did=509   s200   flip     r=0.05   29.4s  k=5   changed=5   lam_min -0.0013  trJ    0.00
  did=509   s200   shuffle  r=0.05   28.0s  k=5   changed=3   lam_min -0.0015  trJ    0.00
  did=509   s200   noise    r=0.05   26.3s  k=5   changed=5   lam_min -0.0015  trJ    0.00
  did=509   s200   flip     r=0.10   25.9s  k=10  changed=10  lam_min -0.0020  trJ    0.00
  did=509   s200   shuffle  r=0.10   25.3s  k=10  changed=8   lam_min -0.0012  trJ    0.00
  did=509   s200   noise    r=0.10   25.3s  k=10  changed=10  lam_min -0.0603  trJ    0.02
  did=509   s200   flip     r=0.20   25.3s  k=20  changed=20  lam_min -0.0018  trJ    0.00
  did=509   s200   shuffle  r=0.20   25.6s  k=20  changed=19  lam_min -0.0012  trJ   -0.00
  did=509   s200   noise    r=0.20   25.2s  k=20  changed=20  lam_min -0.0918  trJ   -0.01
  did=509   s300   flip     r=0.05   25.2s  k=5   changed=5   lam_min -0.0019  trJ   -0.00
  did=509   s300   shuffle  r=0.05   25.4s  k=5   changed=4   lam_min -0.0015  trJ    0.00
  did=509   s300   noise    r=0.05   25.6s  k=5   changed=5   lam_min -0.0023  trJ   -0.00
  did=509   s300   flip     r=0.10   25.4s  k=10  changed=10  lam_min -0.0015  trJ   -0.00
  did=509   s300   shuffle  r=0.10   25.3s  k=10  changed=8   lam_min -0.0013  trJ    0.00
  did=509   s300   noise    r=0.10   25.5s  k=10  changed=10  lam_min -0.0012  trJ    0.00
  did=509   s300   flip     r=0.20   25.3s  k=20  changed=20  lam_min -0.0021  trJ    0.00
  did=509   s300   shuffle  r=0.20   25.4s  k=20  changed=19  lam_min -0.0014  trJ   -0.00
  did=509   s300   noise    r=0.20   25.3s  k=20  changed=20  lam_min -0.1289  trJ   -0.04
  did=509   s400   flip     r=0.05   25.6s  k=5   changed=5   lam_min -0.0013  trJ    0.00
  did=509   s400   shuffle  r=0.05   25.6s  k=5   changed=4   lam_min -0.0011  trJ    0.00
  did=509   s400   noise    r=0.05   25.6s  k=5   changed=5   lam_min -0.0011  trJ   -0.00
  did=509   s400   flip     r=0.10   25.5s  k=10  changed=10  lam_min -0.0025  trJ    0.00
  did=509   s400   shuffle  r=0.10   25.5s  k=10  changed=8   lam_min -0.0014  trJ    0.00
  did=509   s400   noise    r=0.10   25.8s  k=10  changed=10  lam_min -0.0614  trJ    0.05
  did=509   s400   flip     r=0.20   25.8s  k=20  changed=20  lam_min -0.0024  trJ   -0.00
  did=509   s400   shuffle  r=0.20   25.6s  k=20  changed=20  lam_min -0.0012  trJ   -0.00
  did=509   s400   noise    r=0.20   25.2s  k=20  changed=20  lam_min -0.0365  trJ    0.01
  did=522   s42    flip     r=0.05   25.1s  k=5   changed=5   lam_min -0.0853  trJ   22.03
  did=522   s42    shuffle  r=0.05   25.0s  k=5   changed=2   lam_min -0.1304  trJ   29.63
  did=522   s42    noise    r=0.05   25.7s  k=5   changed=5   lam_min -0.0815  trJ   14.77
  did=522   s42    flip     r=0.10   25.3s  k=10  changed=10  lam_min -0.0980  trJ   21.68
  did=522   s42    shuffle  r=0.10   25.5s  k=10  changed=10  lam_min -0.1123  trJ   22.32
  did=522   s42    noise    r=0.10   25.3s  k=10  changed=10  lam_min -0.0518  trJ   20.61
  did=522   s42    flip     r=0.20   25.2s  k=20  changed=20  lam_min -0.0838  trJ   12.43
  did=522   s42    shuffle  r=0.20   25.1s  k=20  changed=17  lam_min -0.1126  trJ   17.06
  did=522   s42    noise    r=0.20   25.4s  k=20  changed=20  lam_min -0.1595  trJ   19.69
  did=522   s100   flip     r=0.05   25.4s  k=5   changed=5   lam_min -0.1154  trJ   22.06
  did=522   s100   shuffle  r=0.05   25.4s  k=5   changed=5   lam_min -0.0664  trJ   27.78
  did=522   s100   noise    r=0.05   25.5s  k=5   changed=5   lam_min -0.1027  trJ   21.18
  did=522   s100   flip     r=0.10   25.3s  k=10  changed=10  lam_min -0.0748  trJ   15.56
  did=522   s100   shuffle  r=0.10   25.4s  k=10  changed=9   lam_min -0.0658  trJ   21.46
  did=522   s100   noise    r=0.10   25.3s  k=10  changed=10  lam_min -0.0737  trJ   21.15
  did=522   s100   flip     r=0.20   25.6s  k=20  changed=20  lam_min -0.1217  trJ   12.48
  did=522   s100   shuffle  r=0.20   25.5s  k=20  changed=19  lam_min -0.0770  trJ   18.26
  did=522   s100   noise    r=0.20   25.5s  k=20  changed=20  lam_min -0.1682  trJ   13.11
  did=522   s200   flip     r=0.05   25.4s  k=5   changed=5   lam_min -0.0621  trJ   28.64
  did=522   s200   shuffle  r=0.05   25.7s  k=5   changed=4   lam_min -0.0766  trJ   28.11
  did=522   s200   noise    r=0.05   25.6s  k=5   changed=5   lam_min -0.0968  trJ   16.20
  did=522   s200   flip     r=0.10   25.7s  k=10  changed=10  lam_min -0.0964  trJ   18.96
  did=522   s200   shuffle  r=0.10   25.8s  k=10  changed=10  lam_min -0.1072  trJ   19.40
  did=522   s200   noise    r=0.10   25.8s  k=10  changed=10  lam_min -0.1148  trJ   28.27
  did=522   s200   flip     r=0.20   25.4s  k=20  changed=20  lam_min -0.1402  trJ   14.58
  did=522   s200   shuffle  r=0.20   25.5s  k=20  changed=19  lam_min -0.0772  trJ   20.53
  did=522   s200   noise    r=0.20   25.3s  k=20  changed=20  lam_min -0.1003  trJ   22.26
  did=522   s300   flip     r=0.05   25.4s  k=5   changed=5   lam_min -0.0614  trJ   36.66
  did=522   s300   shuffle  r=0.05   25.8s  k=5   changed=5   lam_min -0.0716  trJ   37.14
  did=522   s300   noise    r=0.05   25.6s  k=5   changed=5   lam_min -0.1016  trJ   36.35
  did=522   s300   flip     r=0.10   25.6s  k=10  changed=10  lam_min -0.0744  trJ   25.43
  did=522   s300   shuffle  r=0.10   25.5s  k=10  changed=10  lam_min -0.0640  trJ   30.12
  did=522   s300   noise    r=0.10   25.7s  k=10  changed=10  lam_min -0.2017  trJ   24.81
  did=522   s300   flip     r=0.20   25.6s  k=20  changed=20  lam_min -0.0914  trJ   32.32
  did=522   s300   shuffle  r=0.20   25.5s  k=20  changed=17  lam_min -0.0691  trJ   31.29
  did=522   s300   noise    r=0.20   25.5s  k=20  changed=20  lam_min -0.1847  trJ   27.49
  did=522   s400   flip     r=0.05   25.7s  k=5   changed=5   lam_min -0.0599  trJ   27.67
  did=522   s400   shuffle  r=0.05   25.3s  k=5   changed=4   lam_min -0.0857  trJ   28.48
  did=522   s400   noise    r=0.05   25.6s  k=5   changed=5   lam_min -0.1101  trJ   24.00
  did=522   s400   flip     r=0.10   25.4s  k=10  changed=10  lam_min -0.1111  trJ   20.10
  did=522   s400   shuffle  r=0.10   25.6s  k=10  changed=10  lam_min -0.0545  trJ   20.28
  did=522   s400   noise    r=0.10   25.6s  k=10  changed=10  lam_min -0.0644  trJ   18.49
  did=522   s400   flip     r=0.20   25.2s  k=20  changed=20  lam_min -0.0917  trJ   19.93
  did=522   s400   shuffle  r=0.20   25.1s  k=20  changed=17  lam_min -0.0770  trJ   21.69
  did=522   s400   noise    r=0.20   25.2s  k=20  changed=20  lam_min -0.2677  trJ   22.68
  did=581   s42    flip     r=0.05   25.5s  k=5   changed=5   lam_min -0.7306  trJ   56.37
  did=581   s42    shuffle  r=0.05   25.4s  k=5   changed=4   lam_min -0.3862  trJ   59.42
  did=581   s42    noise    r=0.05   25.3s  k=5   changed=5   lam_min -1.0586  trJ   55.58
  did=581   s42    flip     r=0.10   25.2s  k=10  changed=10  lam_min -0.8891  trJ   53.07
  did=581   s42    shuffle  r=0.10   25.6s  k=10  changed=10  lam_min -0.6289  trJ   52.15
  did=581   s42    noise    r=0.10   25.5s  k=10  changed=10  lam_min -1.0166  trJ   51.72
  did=581   s42    flip     r=0.20   25.6s  k=20  changed=20  lam_min -1.2344  trJ   49.65
  did=581   s42    shuffle  r=0.20   25.6s  k=20  changed=19  lam_min -1.0960  trJ   55.35
  did=581   s42    noise    r=0.20   25.7s  k=20  changed=20  lam_min -1.1406  trJ   21.73
  did=581   s100   flip     r=0.05   25.3s  k=5   changed=5   lam_min -0.3435  trJ   56.25
  did=581   s100   shuffle  r=0.05   25.6s  k=5   changed=3   lam_min -0.2815  trJ   58.24
  did=581   s100   noise    r=0.05   25.7s  k=5   changed=5   lam_min -0.7148  trJ   64.21
  did=581   s100   flip     r=0.10   25.6s  k=10  changed=10  lam_min -0.6167  trJ   57.56
  did=581   s100   shuffle  r=0.10   25.7s  k=10  changed=9   lam_min -0.3846  trJ   48.04
  did=581   s100   noise    r=0.10   25.7s  k=10  changed=10  lam_min -1.1253  trJ   39.42
  did=581   s100   flip     r=0.20   25.7s  k=20  changed=20  lam_min -0.9852  trJ   29.20
  did=581   s100   shuffle  r=0.20   25.6s  k=20  changed=20  lam_min -0.6719  trJ   33.37
  did=581   s100   noise    r=0.20   25.7s  k=20  changed=20  lam_min -0.4702  trJ   24.57
  did=581   s200   flip     r=0.05   25.5s  k=5   changed=5   lam_min -0.5328  trJ   42.34
  did=581   s200   shuffle  r=0.05   25.7s  k=5   changed=4   lam_min -0.6131  trJ   52.49
  did=581   s200   noise    r=0.05   25.6s  k=5   changed=5   lam_min -0.3943  trJ   46.85
  did=581   s200   flip     r=0.10   25.6s  k=10  changed=10  lam_min -0.9394  trJ   63.81
  did=581   s200   shuffle  r=0.10   25.6s  k=10  changed=8   lam_min -0.9760  trJ   46.02
  did=581   s200   noise    r=0.10   25.4s  k=10  changed=10  lam_min -0.6827  trJ   37.41
  did=581   s200   flip     r=0.20   25.5s  k=20  changed=20  lam_min -1.0028  trJ   51.65
  did=581   s200   shuffle  r=0.20   25.7s  k=20  changed=20  lam_min -0.7926  trJ   54.06
  did=581   s200   noise    r=0.20   25.6s  k=20  changed=20  lam_min -1.4127  trJ   27.70
  did=581   s300   flip     r=0.05   25.6s  k=5   changed=5   lam_min -0.9272  trJ   65.26
  did=581   s300   shuffle  r=0.05   25.5s  k=5   changed=5   lam_min -0.4621  trJ   83.66
  did=581   s300   noise    r=0.05   25.6s  k=5   changed=5   lam_min -0.8384  trJ   54.74
  did=581   s300   flip     r=0.10   26.1s  k=10  changed=10  lam_min -0.7861  trJ   58.49
  did=581   s300   shuffle  r=0.10   25.8s  k=10  changed=10  lam_min -0.8131  trJ   52.07
  did=581   s300   noise    r=0.10   25.6s  k=10  changed=10  lam_min -1.0264  trJ   48.77
  did=581   s300   flip     r=0.20   25.7s  k=20  changed=20  lam_min -0.4443  trJ   46.32
  did=581   s300   shuffle  r=0.20   25.9s  k=20  changed=20  lam_min -0.5640  trJ   59.93
  did=581   s300   noise    r=0.20   25.4s  k=20  changed=20  lam_min -1.0600  trJ   34.31
  did=581   s400   flip     r=0.05   25.4s  k=5   changed=5   lam_min -0.6149  trJ   10.08
  did=581   s400   shuffle  r=0.05   25.4s  k=5   changed=5   lam_min -1.9257  trJ   43.76
  did=581   s400   noise    r=0.05   25.7s  k=5   changed=5   lam_min -2.0364  trJ   34.13
  did=581   s400   flip     r=0.10   25.5s  k=10  changed=10  lam_min -1.4855  trJ   28.73
  did=581   s400   shuffle  r=0.10   26.2s  k=10  changed=7   lam_min -2.0623  trJ   35.20
  did=581   s400   noise    r=0.10   26.4s  k=10  changed=10  lam_min -1.7847  trJ   27.07
  did=581   s400   flip     r=0.20   26.5s  k=20  changed=20  lam_min -1.4666  trJ    6.93
  did=581   s400   shuffle  r=0.20   26.4s  k=20  changed=19  lam_min -4.2901  trJ   28.42
  did=581   s400   noise    r=0.20   26.0s  k=20  changed=20  lam_min -1.9140  trJ    6.78

Done.
