
==============================================================================
MODEL tabpfn_v2   full LOO over all 100 context points per split
==============================================================================
  did=223    seed 42      37.3s  lam_min -0.3710  LOO [0.4749, 2.607]  i_hi  42 i_lo  93  Jii gap 0.311  sens hi/lo 1.671
  did=223    seed 100     31.6s  lam_min -0.6384  LOO [0.7933, 5.04]  i_hi  72 i_lo  29  Jii gap 0.213  sens hi/lo 1.304
  did=223    seed 200     33.3s  lam_min -0.8857  LOO [0.5465, 3.61]  i_hi  61 i_lo   2  Jii gap 0.029  sens hi/lo 0.734
  did=223    seed 300     33.1s  lam_min -0.3967  LOO [0.5491, 2.235]  i_hi   5 i_lo   0  Jii gap 0.010  sens hi/lo 0.855
  did=223    seed 400     42.0s  lam_min -0.6526  LOO [0.7034, 3.344]  i_hi  31 i_lo  19  Jii gap 1.343  sens hi/lo 1.716
  did=229    seed 42      56.0s  lam_min -0.8178  LOO [1.054, 4.764]  i_hi  91 i_lo   4  Jii gap 0.831  sens hi/lo 1.193
  did=229    seed 100     33.3s  lam_min -0.9948  LOO [1.014, 4.117]  i_hi  21 i_lo  18  Jii gap 0.014  sens hi/lo 1.082
  did=229    seed 200     33.7s  lam_min -1.3066  LOO [0.9203, 6.776]  i_hi  17 i_lo  67  Jii gap 0.016  sens hi/lo 0.501
  did=229    seed 300     34.6s  lam_min -0.4932  LOO [1, 3.351]  i_hi  92 i_lo  47  Jii gap 0.013  sens hi/lo 1.217
  did=229    seed 400     33.7s  lam_min -0.4466  LOO [0.9767, 4.872]  i_hi  61 i_lo  26  Jii gap 0.026  sens hi/lo 1.251
  did=509    seed 42      34.7s  lam_min -0.6027  LOO [170.5, 1477]  i_hi  98 i_lo  31  Jii gap 0.008  sens hi/lo 1.470
  did=509    seed 100     33.4s  lam_min -0.7170  LOO [83.28, 1589]  i_hi  32 i_lo  73  Jii gap 0.006  sens hi/lo 1.014
  did=509    seed 200     32.7s  lam_min -0.9139  LOO [164.8, 2007]  i_hi  34 i_lo  20  Jii gap 0.001  sens hi/lo 0.625
  did=509    seed 300     51.7s  lam_min -0.6099  LOO [87.25, 1030]  i_hi  30 i_lo  73  Jii gap 0.010  sens hi/lo 1.566
  did=509    seed 400     32.8s  lam_min -1.6421  LOO [410.3, 1337]  i_hi  71 i_lo  69  Jii gap 0.089  sens hi/lo 0.565
  did=522    seed 42      41.4s  lam_min -1.8677  LOO [0.1748, 1.335]  i_hi  74 i_lo   5  Jii gap 0.141  sens hi/lo 1.466
  did=522    seed 100     34.1s  lam_min -0.6512  LOO [0.2182, 1.318]  i_hi  46 i_lo  54  Jii gap 0.020  sens hi/lo 1.323
  did=522    seed 200     61.7s  lam_min -3.6566  LOO [0.2878, 1.34]  i_hi  64 i_lo  70  Jii gap 0.526  sens hi/lo 1.172
  did=522    seed 300     36.6s  lam_min -1.6192  LOO [0.3925, 1.365]  i_hi  92 i_lo  85  Jii gap 0.936  sens hi/lo 0.975
  did=522    seed 400     36.1s  lam_min -5.6906  LOO [0.2124, 1.656]  i_hi  28 i_lo   4  Jii gap 0.297  sens hi/lo 0.596
  did=540    seed 42      34.7s  lam_min -3.2035  LOO [2.288, 12.22]  i_hi  49 i_lo  27  Jii gap 0.024  sens hi/lo 1.308
  did=540    seed 100     34.5s  lam_min -1.6718  LOO [1.75, 14.75]  i_hi  96 i_lo  60  Jii gap 0.046  sens hi/lo 2.140
  did=540    seed 200     34.3s  lam_min -3.8949  LOO [1.8, 17.91]  i_hi  77 i_lo  73  Jii gap 0.017  sens hi/lo 0.985
  did=540    seed 300     34.8s  lam_min -4.4922  LOO [0.7227, 14.85]  i_hi  26 i_lo  75  Jii gap 0.127  sens hi/lo 0.725
  did=540    seed 400     36.0s  lam_min -3.1446  LOO [3.03, 17.13]  i_hi  58 i_lo  67  Jii gap 0.075  sens hi/lo 0.731
  did=547    seed 42      35.1s  lam_min -5.8092  LOO [0.1978, 0.9976]  i_hi  60 i_lo  61  Jii gap 0.049  sens hi/lo 0.857
  did=547    seed 100     34.6s  lam_min -7.0242  LOO [0.193, 0.9636]  i_hi  92 i_lo  11  Jii gap 0.018  sens hi/lo 2.705
  did=547    seed 200     35.1s  lam_min -0.9886  LOO [0.3167, 1.113]  i_hi  11 i_lo  74  Jii gap 0.006  sens hi/lo 1.253
  did=547    seed 300     35.2s  lam_min -0.6763  LOO [0.1632, 0.6373]  i_hi  70 i_lo  96  Jii gap 0.083  sens hi/lo 0.935
  did=547    seed 400     33.2s  lam_min -1.0273  LOO [0.1958, 0.8565]  i_hi  27 i_lo  98  Jii gap 0.011  sens hi/lo 0.774
  did=549    seed 42      33.5s  lam_min -6.6925  LOO [131, 733.4]  i_hi  36 i_lo  77  Jii gap 0.010  sens hi/lo 0.868
  did=549    seed 100     34.7s  lam_min -2.8899  LOO [115.2, 533]  i_hi   9 i_lo   6  Jii gap 0.039  sens hi/lo 0.991
  did=549    seed 200     35.5s  lam_min -5.6117  LOO [75.64, 467.3]  i_hi  59 i_lo  96  Jii gap 0.023  sens hi/lo 0.887
  did=549    seed 300     41.4s  lam_min -5.0665  LOO [301.7, 603]  i_hi  98 i_lo  47  Jii gap 0.679  sens hi/lo 1.445
  did=549    seed 400     34.5s  lam_min -1.6885  LOO [84.81, 699.8]  i_hi  19 i_lo  31  Jii gap 0.011  sens hi/lo 2.464
  did=560    seed 42      34.6s  lam_min -0.3514  LOO [0.3737, 1.255]  i_hi  90 i_lo   8  Jii gap 0.007  sens hi/lo 0.791
  did=560    seed 100     36.7s  lam_min -0.1515  LOO [0.2314, 0.9622]  i_hi  22 i_lo  31  Jii gap 0.031  sens hi/lo 6.161
  did=560    seed 200     36.1s  lam_min -0.5963  LOO [0.3798, 1.936]  i_hi   3 i_lo  33  Jii gap 0.073  sens hi/lo 0.849
  did=560    seed 300     34.0s  lam_min -1.6389  LOO [0.1803, 2.459]  i_hi  85 i_lo  89  Jii gap 0.312  sens hi/lo 0.361
  did=560    seed 400     34.6s  lam_min -0.9048  LOO [1.325, 5.418]  i_hi  84 i_lo  32  Jii gap 0.042  sens hi/lo 1.047
  did=579    seed 42      38.1s  lam_min -2.2332  LOO [0.294, 0.8874]  i_hi  44 i_lo  16  Jii gap 0.004  sens hi/lo 0.892
  did=579    seed 100     35.5s  lam_min -1.1695  LOO [0.3167, 0.6613]  i_hi  72 i_lo  35  Jii gap 0.123  sens hi/lo 1.173
  did=579    seed 200     31.7s  lam_min -1.5067  LOO [0.3215, 1.086]  i_hi  41 i_lo   8  Jii gap 0.001  sens hi/lo 1.604
  did=579    seed 300     33.1s  lam_min -1.0780  LOO [0.3266, 1.263]  i_hi  14 i_lo  46  Jii gap 0.019  sens hi/lo 1.557
  did=579    seed 400     33.9s  lam_min -0.6307  LOO [0.1956, 0.7251]  i_hi  76 i_lo  41  Jii gap 0.037  sens hi/lo 1.325
  did=581    seed 42      34.5s  lam_min -0.1943  LOO [0.4683, 0.6801]  i_hi   5 i_lo  81  Jii gap 0.455  sens hi/lo 1.492
  did=581    seed 100     35.0s  lam_min -0.0949  LOO [0.4303, 0.7993]  i_hi  46 i_lo  16  Jii gap 0.235  sens hi/lo 0.645
  did=581    seed 200     35.7s  lam_min -0.1835  LOO [0.5722, 1.091]  i_hi  13 i_lo  24  Jii gap 0.041  sens hi/lo 0.834
  did=581    seed 300     33.5s  lam_min -0.3499  LOO [0.4234, 1.001]  i_hi  20 i_lo  23  Jii gap 0.085  sens hi/lo 0.998
  did=581    seed 400     34.8s  lam_min -0.3455  LOO [0.4419, 1.05]  i_hi  40 i_lo  83  Jii gap 0.587  sens hi/lo 0.849
  did=582    seed 42      43.3s  lam_min -0.1552  LOO [0.4685, 1.513]  i_hi  72 i_lo  22  Jii gap 0.375  sens hi/lo 0.950
  did=582    seed 100     36.4s  lam_min -0.1667  LOO [0.3592, 1.2]  i_hi  71 i_lo  69  Jii gap 0.151  sens hi/lo 0.821
  did=582    seed 200     35.6s  lam_min -0.4472  LOO [0.4144, 0.8942]  i_hi  30 i_lo  74  Jii gap 0.103  sens hi/lo 0.845
  did=582    seed 300     34.4s  lam_min -0.7472  LOO [0.3997, 0.8181]  i_hi  23 i_lo  38  Jii gap 0.070  sens hi/lo 1.399
  did=582    seed 400     37.5s  lam_min -0.4456  LOO [0.4851, 0.9438]  i_hi  22 i_lo  38  Jii gap 0.059  sens hi/lo 0.882
  did=583    seed 42      37.9s  lam_min -4.4230  LOO [0.6432, 1.441]  i_hi  55 i_lo  80  Jii gap 0.009  sens hi/lo 0.925
  did=583    seed 100     36.3s  lam_min -0.2303  LOO [0.4541, 0.9295]  i_hi  72 i_lo  20  Jii gap 0.008  sens hi/lo 1.587
  did=583    seed 200     35.5s  lam_min -0.1059  LOO [0.5542, 0.8915]  i_hi  29 i_lo  59  Jii gap 0.472  sens hi/lo 1.184
  did=583    seed 300     36.4s  lam_min -0.8595  LOO [0.4508, 0.847]  i_hi  79 i_lo  64  Jii gap 0.011  sens hi/lo 1.268
  did=583    seed 400     36.5s  lam_min -1.6320  LOO [0.685, 1.194]  i_hi  34 i_lo  90  Jii gap 0.858  sens hi/lo 1.109

==============================================================================
MODEL tabswift   full LOO over all 100 context points per split
==============================================================================
  did=223    seed 42      43.7s  lam_min -0.5799  LOO [0.313, 1.703]  i_hi  84 i_lo  15  Jii gap 0.615  sens hi/lo 0.310
  did=223    seed 100     42.5s  lam_min -0.3862  LOO [0.3582, 1.635]  i_hi  16 i_lo  26  Jii gap 0.400  sens hi/lo 1.197
  did=223    seed 200     41.1s  lam_min -0.4448  LOO [0.417, 2.539]  i_hi  12 i_lo  70  Jii gap 0.099  sens hi/lo 3.866
  did=223    seed 300     41.7s  lam_min -0.5251  LOO [0.2273, 1.576]  i_hi  57 i_lo  17  Jii gap 0.000  sens hi/lo 1.201
  did=223    seed 400     43.6s  lam_min -0.4839  LOO [0.2527, 1.812]  i_hi  15 i_lo  36  Jii gap 0.515  sens hi/lo 8.965
  did=229    seed 42      41.6s  lam_min -0.4848  LOO [0.1257, 1.212]  i_hi  89 i_lo  14  Jii gap 0.000  sens hi/lo 1.259
  did=229    seed 100     45.8s  lam_min -0.3045  LOO [0.1128, 1.913]  i_hi   5 i_lo  28  Jii gap 0.000  sens hi/lo 1.617
  did=229    seed 200     44.1s  lam_min -0.4318  LOO [0.09998, 1.667]  i_hi   4 i_lo  19  Jii gap 0.013  sens hi/lo 0.307
  did=229    seed 300     42.5s  lam_min -0.4578  LOO [0.1039, 1.613]  i_hi  56 i_lo  17  Jii gap 0.000  sens hi/lo 1.033
  did=229    seed 400     47.1s  lam_min -0.4655  LOO [0.1003, 2.535]  i_hi  35 i_lo   2  Jii gap 0.004  sens hi/lo 0.760
  did=509    seed 42      47.9s  lam_min -0.0013  LOO [0.3569, 3.438]  i_hi  85 i_lo  37  Jii gap 0.063  sens hi/lo 1.029
  did=509    seed 100     44.5s  lam_min -0.0013  LOO [0.3667, 1]  i_hi   0 i_lo  50  Jii gap 0.625  sens hi/lo 0.860
  did=509    seed 200     43.0s  lam_min -0.0015  LOO [0.4272, 3.762]  i_hi  57 i_lo  10  Jii gap 0.000  sens hi/lo 1.009
  did=509    seed 300     42.8s  lam_min -0.0021  LOO [0.7842, 3.031]  i_hi  11 i_lo   6  Jii gap 0.000  sens hi/lo 1.008
  did=509    seed 400     42.6s  lam_min -0.0013  LOO [0.405, 1.606]  i_hi  31 i_lo  34  Jii gap 0.072  sens hi/lo 0.911
  did=522    seed 42      47.2s  lam_min -0.1208  LOO [0.03439, 0.5713]  i_hi  83 i_lo   5  Jii gap 1.000  sens hi/lo 2.806
  did=522    seed 100     41.6s  lam_min -0.0769  LOO [0.02086, 0.3884]  i_hi  37 i_lo  58  Jii gap 9.002  sens hi/lo 1.014
  did=522    seed 200     44.4s  lam_min -0.0625  LOO [0.02068, 0.5312]  i_hi   5 i_lo  86  Jii gap 6.004  sens hi/lo 1.692
  did=522    seed 300     41.9s  lam_min -0.0641  LOO [0.03992, 0.5586]  i_hi  31 i_lo  73  Jii gap 204711914062.500  sens hi/lo 0.901
  did=522    seed 400     40.6s  lam_min -0.0929  LOO [0.03014, 0.386]  i_hi  86 i_lo  79  Jii gap 0.499  sens hi/lo 1.677
  did=540    seed 42      40.7s  lam_min -0.6175  LOO [0.1267, 4.156]  i_hi  53 i_lo  10  Jii gap 0.258  sens hi/lo 3.395
  did=540    seed 100     43.4s  lam_min -0.5749  LOO [0.0979, 5.57]  i_hi  86 i_lo   7  Jii gap 0.167  sens hi/lo 1.018
  did=540    seed 200     40.9s  lam_min -0.4484  LOO [0.1609, 5.426]  i_hi  98 i_lo  84  Jii gap 0.143  sens hi/lo 3.988
  did=540    seed 300     43.3s  lam_min -0.5162  LOO [0.1516, 4.766]  i_hi  73 i_lo  16  Jii gap 0.042  sens hi/lo 1.112
  did=540    seed 400     44.5s  lam_min -0.5405  LOO [0.1918, 3.607]  i_hi  16 i_lo  47  Jii gap 0.000  sens hi/lo 1.119
  did=547    seed 42      40.1s  lam_min -0.1040  LOO [0.02962, 0.4849]  i_hi  14 i_lo  93  Jii gap 1.000  sens hi/lo 1.351
  did=547    seed 100     42.3s  lam_min -0.0556  LOO [0.02547, 0.584]  i_hi  84 i_lo  86  Jii gap 0.333  sens hi/lo 0.827
  did=547    seed 200     44.1s  lam_min -0.0851  LOO [0.03032, 0.6494]  i_hi  60 i_lo   6  Jii gap 1.999  sens hi/lo 1.563
  did=547    seed 300     42.0s  lam_min -0.0982  LOO [0.01904, 0.4441]  i_hi  11 i_lo  90  Jii gap 7.000  sens hi/lo 0.706
  did=547    seed 400     47.8s  lam_min -0.0939  LOO [0.02762, 0.5166]  i_hi  97 i_lo  82  Jii gap 1.251  sens hi/lo 0.560
  did=549    seed 42      53.1s  lam_min -0.3761  LOO [0.6934, 16.11]  i_hi   6 i_lo  77  Jii gap 0.000  sens hi/lo 1.112
  did=549    seed 100     43.9s  lam_min -0.3711  LOO [0.7144, 22.33]  i_hi  11 i_lo  14  Jii gap 0.085  sens hi/lo 1.036
  did=549    seed 200     38.2s  lam_min -0.4273  LOO [0.7378, 15.02]  i_hi  13 i_lo  63  Jii gap 0.047  sens hi/lo 0.644
  did=549    seed 300     46.4s  lam_min -0.3647  LOO [0.6567, 12.59]  i_hi  92 i_lo  29  Jii gap 0.120  sens hi/lo 1.180
  did=549    seed 400     44.7s  lam_min -0.8541  LOO [0.5029, 20.16]  i_hi  74 i_lo  65  Jii gap 0.000  sens hi/lo 0.050
  did=560    seed 42      48.9s  lam_min -0.1602  LOO [0.1266, 2.393]  i_hi  31 i_lo  54  Jii gap 0.000  sens hi/lo 1.725
  did=560    seed 100     39.7s  lam_min -0.3821  LOO [0.1094, 2.25]  i_hi  72 i_lo  76  Jii gap 0.009  sens hi/lo 1.492
  did=560    seed 200     41.1s  lam_min -0.3281  LOO [0.1484, 5.031]  i_hi  20 i_lo  78  Jii gap 0.071  sens hi/lo 1.436
  did=560    seed 300     40.3s  lam_min -0.3985  LOO [0.1637, 2.467]  i_hi  68 i_lo  56  Jii gap 0.111  sens hi/lo 5.789
  did=560    seed 400     41.3s  lam_min -0.3114  LOO [0.1119, 6.711]  i_hi  38 i_lo  78  Jii gap 0.022  sens hi/lo 1.180
  did=579    seed 42      39.9s  lam_min -0.4193  LOO [0.04437, 0.5698]  i_hi  90 i_lo   7  Jii gap 0.329  sens hi/lo 1.091
  did=579    seed 100     41.3s  lam_min -0.3679  LOO [0.03293, 0.4812]  i_hi  65 i_lo  13  Jii gap 0.500  sens hi/lo 0.505
  did=579    seed 200     40.2s  lam_min -0.1420  LOO [0.03491, 0.7231]  i_hi  80 i_lo  57  Jii gap 0.283  sens hi/lo 1.354
  did=579    seed 300     45.0s  lam_min -0.4695  LOO [0.05042, 0.7256]  i_hi  47 i_lo  34  Jii gap 0.015  sens hi/lo 1.301
  did=579    seed 400     39.8s  lam_min -0.1839  LOO [0.04141, 0.5752]  i_hi   1 i_lo  96  Jii gap 0.059  sens hi/lo 1.988
  did=581    seed 42      40.5s  lam_min -0.3350  LOO [0.09961, 1.336]  i_hi  43 i_lo  41  Jii gap 0.010  sens hi/lo 0.990
  did=581    seed 100     42.6s  lam_min -0.1966  LOO [0.08618, 0.9673]  i_hi  17 i_lo  96  Jii gap 0.068  sens hi/lo 0.816
  did=581    seed 200     42.4s  lam_min -0.6947  LOO [0.1198, 0.9736]  i_hi  89 i_lo  86  Jii gap 0.013  sens hi/lo 2.347
  did=581    seed 300     40.6s  lam_min -0.1032  LOO [0.1118, 1.136]  i_hi  75 i_lo   9  Jii gap 0.006  sens hi/lo 0.442
  did=581    seed 400     39.0s  lam_min -1.7627  LOO [0.1708, 1.435]  i_hi  27 i_lo   0  Jii gap 0.038  sens hi/lo 0.645
  did=582    seed 42      41.2s  lam_min -3.0931  LOO [0.2417, 2.607]  i_hi   1 i_lo  42  Jii gap 0.010  sens hi/lo 1.527
  did=582    seed 100     41.1s  lam_min -0.2574  LOO [0.119, 0.7637]  i_hi  49 i_lo  93  Jii gap 0.337  sens hi/lo 1.444
  did=582    seed 200     45.4s  lam_min -0.4998  LOO [0.09888, 0.9683]  i_hi  99 i_lo  85  Jii gap 0.119  sens hi/lo 0.918
  did=582    seed 300     40.9s  lam_min -1.2785  LOO [0.08368, 0.8027]  i_hi  42 i_lo  93  Jii gap 0.294  sens hi/lo 0.675
  did=582    seed 400     51.5s  lam_min -0.3591  LOO [0.1262, 0.9365]  i_hi  29 i_lo  16  Jii gap 0.034  sens hi/lo 2.191
  did=583    seed 42      42.8s  lam_min -0.2553  LOO [0.06177, 0.7769]  i_hi  62 i_lo  45  Jii gap 0.017  sens hi/lo 2.472
  did=583    seed 100     38.6s  lam_min -1.5102  LOO [0.09906, 1.825]  i_hi  57 i_lo  18  Jii gap 0.007  sens hi/lo 1.447
  did=583    seed 200     44.9s  lam_min -1.9322  LOO [0.1403, 0.9966]  i_hi  50 i_lo  93  Jii gap 0.016  sens hi/lo 0.966
  did=583    seed 300     51.9s  lam_min -0.2439  LOO [0.06836, 0.6689]  i_hi  59 i_lo  84  Jii gap 0.000  sens hi/lo 1.364
  did=583    seed 400     42.0s  lam_min -2.2753  LOO [0.103, 1.319]  i_hi  84 i_lo  56  Jii gap 0.075  sens hi/lo 3.263

Done.
