datasets: [223, 229, 509, 522, 540, 547, 549, 560, 579, 581, 582, 583]

==============================================================================
MODEL tabpfn_v2   h=6.8597e-02 x std(y_ctx), no dither
==============================================================================
  did=223    seed 42      74.3s  trJ   50.93  n-trJ   49.07  sig2     0.3648  neg Jii   0  clip 0.000  rmse 1.082
  did=223    seed 100     26.4s  trJ   68.82  n-trJ   31.18  sig2     0.3312  neg Jii   0  clip 0.000  rmse 1.222
  did=223    seed 200     26.1s  trJ   66.14  n-trJ   33.86  sig2      0.386  neg Jii   0  clip 0.000  rmse 1.344
  did=223    seed 300     26.8s  trJ   66.80  n-trJ   33.20  sig2     0.2506  neg Jii   0  clip 0.020  rmse 0.779
  did=223    seed 400     26.5s  trJ   61.55  n-trJ   38.45  sig2     0.4337  neg Jii   0  clip 0.000  rmse 1.08
  did=229    seed 42      26.2s  trJ   28.65  n-trJ   71.35  sig2      2.883  neg Jii   0  clip 0.000  rmse 2.126
  did=229    seed 100     28.0s  trJ   33.46  n-trJ   66.54  sig2      2.595  neg Jii   0  clip 0.020  rmse 1.869
  did=229    seed 200     28.5s  trJ   28.55  n-trJ   71.45  sig2      2.924  neg Jii   0  clip 0.000  rmse 2.374
  did=229    seed 300     26.5s  trJ   39.15  n-trJ   60.85  sig2      1.843  neg Jii   0  clip 0.000  rmse 1.756
  did=229    seed 400     26.8s  trJ   39.70  n-trJ   60.30  sig2      2.138  neg Jii   0  clip 0.000  rmse 1.708
  did=509    seed 42      26.6s  trJ   20.21  n-trJ   79.79  sig2  7.844e+05  neg Jii   0  clip 0.000  rmse 850.1
  did=509    seed 100     26.6s  trJ   10.54  n-trJ   89.46  sig2  1.151e+06  neg Jii   9  clip 0.000  rmse 867.7
  did=509    seed 200     26.8s  trJ   16.50  n-trJ   83.50  sig2  8.215e+05  neg Jii   2  clip 0.000  rmse 954.6
  did=509    seed 300     25.7s  trJ   15.87  n-trJ   84.13  sig2  8.031e+05  neg Jii   2  clip 0.000  rmse 823.7
  did=509    seed 400     26.0s  trJ   19.66  n-trJ   80.34  sig2  9.092e+05  neg Jii   2  clip 0.000  rmse 925.9
  did=522    seed 42      26.2s  trJ   18.51  n-trJ   81.49  sig2     0.5663  neg Jii   8  clip 0.000  rmse 1.016
  did=522    seed 100     26.3s  trJ   40.17  n-trJ   59.83  sig2      0.258  neg Jii   0  clip 0.000  rmse 0.682
  did=522    seed 200     25.4s  trJ   28.13  n-trJ   71.87  sig2     0.4033  neg Jii   2  clip 0.000  rmse 0.8107
  did=522    seed 300     26.6s  trJ   32.94  n-trJ   67.06  sig2      0.352  neg Jii   2  clip 0.000  rmse 0.7442
  did=522    seed 400     26.4s  trJ   31.17  n-trJ   68.83  sig2     0.3628  neg Jii   5  clip 0.000  rmse 0.8058
  did=540    seed 42      25.6s  trJ   18.58  n-trJ   81.42  sig2      26.89  neg Jii  15  clip 0.000  rmse 7.27
  did=540    seed 100     25.7s  trJ   12.15  n-trJ   87.85  sig2      28.24  neg Jii  14  clip 0.000  rmse 6.823
  did=540    seed 200     25.9s  trJ   18.19  n-trJ   81.81  sig2      25.01  neg Jii  11  clip 0.000  rmse 6.502
  did=540    seed 300     26.6s  trJ   17.48  n-trJ   82.52  sig2      25.13  neg Jii  11  clip 0.000  rmse 5.087
  did=540    seed 400     26.4s  trJ   19.02  n-trJ   80.98  sig2      20.92  neg Jii   5  clip 0.000  rmse 8.052
  did=547    seed 42      25.8s  trJ   25.56  n-trJ   74.44  sig2     0.2254  neg Jii   5  clip 0.000  rmse 0.5543
  did=547    seed 100     26.3s  trJ   25.24  n-trJ   74.76  sig2     0.2329  neg Jii   9  clip 0.000  rmse 0.5298
  did=547    seed 200     25.6s  trJ   37.89  n-trJ   62.11  sig2     0.2091  neg Jii   0  clip 0.000  rmse 0.456
  did=547    seed 300     25.5s  trJ   30.17  n-trJ   69.83  sig2     0.1367  neg Jii   0  clip 0.000  rmse 0.4937
  did=547    seed 400     25.9s  trJ   24.94  n-trJ   75.06  sig2     0.2017  neg Jii   2  clip 0.000  rmse 0.5949
  did=549    seed 42      25.5s  trJ   44.33  n-trJ   55.67  sig2  3.703e+05  neg Jii   5  clip 0.020  rmse 283.1
  did=549    seed 100     25.3s  trJ   37.90  n-trJ   62.10  sig2    8.3e+04  neg Jii  11  clip 0.040  rmse 274.5
  did=549    seed 200     25.8s  trJ   28.20  n-trJ   71.80  sig2  6.565e+04  neg Jii   9  clip 0.000  rmse 472.6
  did=549    seed 300     26.1s  trJ   33.07  n-trJ   66.93  sig2  1.223e+05  neg Jii   3  clip 0.000  rmse 267.8
  did=549    seed 400     26.3s  trJ   34.84  n-trJ   65.16  sig2  1.198e+05  neg Jii   1  clip 0.020  rmse 892.6
  did=560    seed 42      27.2s  trJ   19.43  n-trJ   80.57  sig2     0.3224  neg Jii   0  clip 0.000  rmse 0.1008
  did=560    seed 100     26.8s  trJ   19.56  n-trJ   80.44  sig2     0.2307  neg Jii   0  clip 0.020  rmse 1.312
  did=560    seed 200     27.5s  trJ   23.55  n-trJ   76.45  sig2       1.03  neg Jii   0  clip 0.000  rmse 2.326
  did=560    seed 300     27.0s  trJ   15.41  n-trJ   84.59  sig2     0.2765  neg Jii   1  clip 0.000  rmse 2.155
  did=560    seed 400     26.5s  trJ   27.32  n-trJ   72.68  sig2     0.9372  neg Jii   0  clip 0.000  rmse 0.3837
  did=579    seed 42      25.6s  trJ   51.06  n-trJ   48.94  sig2    0.03774  neg Jii   0  clip 0.000  rmse 0.2856
  did=579    seed 100     27.5s  trJ   56.75  n-trJ   43.25  sig2    0.04222  neg Jii   0  clip 0.000  rmse 0.3178
  did=579    seed 200     26.0s  trJ   78.15  n-trJ   21.85  sig2    0.02209  neg Jii   0  clip 0.020  rmse 0.2707
  did=579    seed 300     27.7s  trJ   63.12  n-trJ   36.88  sig2    0.03707  neg Jii   0  clip 0.000  rmse 0.3256
  did=579    seed 400     29.5s  trJ   53.24  n-trJ   46.76  sig2    0.03542  neg Jii   0  clip 0.000  rmse 0.3216
  did=581    seed 42      27.9s  trJ   74.85  n-trJ   25.15  sig2     0.0142  neg Jii   0  clip 0.040  rmse 0.229
  did=581    seed 100     27.0s  trJ   70.16  n-trJ   29.84  sig2    0.01025  neg Jii   0  clip 0.040  rmse 0.2006
  did=581    seed 200     28.4s  trJ   63.51  n-trJ   36.49  sig2    0.02172  neg Jii   0  clip 0.000  rmse 0.2333
  did=581    seed 300     28.2s  trJ   68.12  n-trJ   31.88  sig2    0.01454  neg Jii   0  clip 0.080  rmse 0.2156
  did=581    seed 400     29.9s  trJ   68.26  n-trJ   31.74  sig2    0.01475  neg Jii   0  clip 0.020  rmse 0.2169
  did=582    seed 42      29.2s  trJ   75.11  n-trJ   24.89  sig2    0.01181  neg Jii   0  clip 0.060  rmse 0.1794
  did=582    seed 100     27.1s  trJ   71.68  n-trJ   28.32  sig2    0.01302  neg Jii   0  clip 0.000  rmse 0.1955
  did=582    seed 200     28.6s  trJ   79.14  n-trJ   20.86  sig2    0.01523  neg Jii   0  clip 0.060  rmse 0.2941
  did=582    seed 300     30.9s  trJ   61.49  n-trJ   38.51  sig2    0.02666  neg Jii   0  clip 0.020  rmse 0.2699
  did=582    seed 400     28.7s  trJ   64.55  n-trJ   35.45  sig2    0.01743  neg Jii   0  clip 0.000  rmse 0.2321
  did=583    seed 42      29.6s  trJ   76.61  n-trJ   23.39  sig2    0.01909  neg Jii   0  clip 0.180  rmse 0.3345
  did=583    seed 100     29.4s  trJ   71.81  n-trJ   28.19  sig2    0.01716  neg Jii   0  clip 0.040  rmse 0.2298
  did=583    seed 200     28.7s  trJ   72.45  n-trJ   27.55  sig2    0.01212  neg Jii   0  clip 0.020  rmse 0.2301
  did=583    seed 300     29.6s  trJ   68.43  n-trJ   31.57  sig2    0.01984  neg Jii   0  clip 0.000  rmse 0.2845
  did=583    seed 400     29.2s  trJ   69.39  n-trJ   30.61  sig2    0.01873  neg Jii   0  clip 0.100  rmse 0.2841

==============================================================================
MODEL tabswift   h=6.8597e-02 x std(y_ctx), no dither
==============================================================================
  did=223    seed 42      37.6s  trJ   -1.18  n-trJ  101.18  sig2       1781  neg Jii  70  clip 0.040  rmse 41.27
  did=223    seed 100     37.3s  trJ   -1.51  n-trJ  101.51  sig2       1721  neg Jii  74  clip 0.020  rmse 42.94
  did=223    seed 200     35.7s  trJ   -1.12  n-trJ  101.12  sig2       1768  neg Jii  71  clip 0.040  rmse 41.86
  did=223    seed 300     36.6s  trJ   -1.23  n-trJ  101.23  sig2       1768  neg Jii  56  clip 0.020  rmse 39.22
  did=223    seed 400     36.2s  trJ   -0.96  n-trJ  100.96  sig2       1721  neg Jii  67  clip 0.060  rmse 40.66
  did=229    seed 42      36.2s  trJ   34.14  n-trJ   65.86  sig2      6.614  neg Jii   4  clip 0.000  rmse 3.548
  did=229    seed 100     35.2s  trJ   40.75  n-trJ   59.25  sig2      5.889  neg Jii   3  clip 0.000  rmse 2.742
  did=229    seed 200     38.0s  trJ   37.60  n-trJ   62.40  sig2      6.037  neg Jii   3  clip 0.000  rmse 2.996
  did=229    seed 300     36.8s  trJ   42.14  n-trJ   57.86  sig2      5.449  neg Jii   3  clip 0.020  rmse 2.324
  did=229    seed 400     37.4s  trJ   35.55  n-trJ   64.45  sig2      6.418  neg Jii   4  clip 0.020  rmse 3.052
  did=509    seed 42      36.7s  trJ   -0.00  n-trJ  100.00  sig2    3.1e+07  neg Jii  48  clip 0.000  rmse 5477
  did=509    seed 100     37.0s  trJ   -0.00  n-trJ  100.00  sig2   3.12e+07  neg Jii  41  clip 0.000  rmse 5516
  did=509    seed 200     37.3s  trJ    0.00  n-trJ  100.00  sig2  3.087e+07  neg Jii  35  clip 0.000  rmse 5612
  did=509    seed 300     37.4s  trJ    0.00  n-trJ  100.00  sig2    3.1e+07  neg Jii  39  clip 0.000  rmse 5537
  did=509    seed 400     36.9s  trJ   -0.00  n-trJ  100.00  sig2  3.099e+07  neg Jii  45  clip 0.000  rmse 5870
  did=522    seed 42      37.3s  trJ   26.23  n-trJ   73.77  sig2     0.4868  neg Jii   1  clip 0.000  rmse 0.9903
  did=522    seed 100     37.0s  trJ   26.98  n-trJ   73.02  sig2     0.3652  neg Jii   0  clip 0.000  rmse 0.7138
  did=522    seed 200     37.3s  trJ   29.33  n-trJ   70.67  sig2     0.3678  neg Jii   1  clip 0.000  rmse 0.7586
  did=522    seed 300     35.6s  trJ   41.00  n-trJ   59.00  sig2     0.3193  neg Jii   0  clip 0.000  rmse 0.7419
  did=522    seed 400     37.2s  trJ   28.30  n-trJ   71.70  sig2     0.4017  neg Jii   0  clip 0.000  rmse 0.8479
  did=540    seed 42      36.7s  trJ    8.39  n-trJ   91.61  sig2      452.9  neg Jii  25  clip 0.000  rmse 19.13
  did=540    seed 100     36.4s  trJ    6.18  n-trJ   93.82  sig2      494.1  neg Jii  31  clip 0.000  rmse 21.4
  did=540    seed 200     36.4s  trJ    9.02  n-trJ   90.98  sig2      459.9  neg Jii  30  clip 0.000  rmse 21.36
  did=540    seed 300     35.2s  trJ    7.53  n-trJ   92.47  sig2      489.6  neg Jii  31  clip 0.000  rmse 21.51
  did=540    seed 400     37.1s  trJ    7.85  n-trJ   92.15  sig2      408.5  neg Jii  22  clip 0.000  rmse 20.58
  did=547    seed 42      35.8s  trJ   33.96  n-trJ   66.04  sig2     0.2107  neg Jii   1  clip 0.000  rmse 0.516
  did=547    seed 100     36.7s  trJ   35.99  n-trJ   64.01  sig2      0.196  neg Jii   0  clip 0.000  rmse 0.5289
  did=547    seed 200     36.7s  trJ   30.52  n-trJ   69.48  sig2     0.2695  neg Jii   0  clip 0.000  rmse 0.5013
  did=547    seed 300     36.1s  trJ   36.82  n-trJ   63.18  sig2     0.1378  neg Jii   0  clip 0.000  rmse 0.5146
  did=547    seed 400     36.5s  trJ   29.51  n-trJ   70.49  sig2     0.1721  neg Jii   0  clip 0.000  rmse 0.6191
  did=549    seed 42      37.1s  trJ   -0.19  n-trJ  100.19  sig2  5.757e+05  neg Jii  55  clip 0.000  rmse 469.2
  did=549    seed 100     37.5s  trJ    1.13  n-trJ   98.87  sig2  2.927e+05  neg Jii  49  clip 0.000  rmse 496.6
  did=549    seed 200     36.5s  trJ    2.14  n-trJ   97.86  sig2   1.71e+05  neg Jii  31  clip 0.000  rmse 609.2
  did=549    seed 300     37.7s  trJ    0.41  n-trJ   99.59  sig2  2.803e+05  neg Jii  51  clip 0.000  rmse 403.6
  did=549    seed 400     36.7s  trJ    1.00  n-trJ   99.00  sig2  2.629e+05  neg Jii  41  clip 0.000  rmse 1020
  did=560    seed 42      37.9s  trJ   11.24  n-trJ   88.76  sig2      148.3  neg Jii   8  clip 0.000  rmse 11.81
  did=560    seed 100     37.4s  trJ   11.93  n-trJ   88.07  sig2      137.4  neg Jii  14  clip 0.000  rmse 11.52
  did=560    seed 200     38.0s  trJ    9.72  n-trJ   90.28  sig2      147.5  neg Jii  11  clip 0.000  rmse 11.79
  did=560    seed 300     36.7s  trJ   11.10  n-trJ   88.90  sig2      143.7  neg Jii  12  clip 0.000  rmse 10.46
  did=560    seed 400     37.6s  trJ    8.36  n-trJ   91.64  sig2      134.2  neg Jii  13  clip 0.000  rmse 11.47
  did=579    seed 42      37.7s  trJ   65.09  n-trJ   34.91  sig2     0.0364  neg Jii   0  clip 0.000  rmse 0.2832
  did=579    seed 100     37.7s  trJ   63.13  n-trJ   36.87  sig2    0.04243  neg Jii   0  clip 0.020  rmse 0.288
  did=579    seed 200     38.2s  trJ   80.53  n-trJ   19.47  sig2    0.01994  neg Jii   0  clip 0.020  rmse 0.2783
  did=579    seed 300     37.0s  trJ   75.65  n-trJ   24.35  sig2    0.02359  neg Jii   0  clip 0.020  rmse 0.3502
  did=579    seed 400     37.7s  trJ   76.05  n-trJ   23.95  sig2      0.024  neg Jii   0  clip 0.000  rmse 0.312
  did=581    seed 42      37.0s  trJ   58.10  n-trJ   41.90  sig2    0.08957  neg Jii   0  clip 0.000  rmse 0.4304
  did=581    seed 100    154.9s  trJ   63.26  n-trJ   36.74  sig2    0.09078  neg Jii   0  clip 0.000  rmse 0.426
  did=581    seed 200    391.6s  trJ   50.50  n-trJ   49.50  sig2    0.09521  neg Jii   0  clip 0.000  rmse 0.4877
  did=581    seed 300    253.4s  trJ   77.55  n-trJ   22.45  sig2    0.05564  neg Jii   0  clip 0.060  rmse 0.3476
  did=581    seed 400     33.6s  trJ   49.72  n-trJ   50.28  sig2     0.1323  neg Jii   0  clip 0.040  rmse 0.5353
  did=582    seed 42      36.0s  trJ   56.92  n-trJ   43.08  sig2     0.2635  neg Jii   1  clip 0.080  rmse 0.6527
  did=582    seed 100     36.6s  trJ   61.59  n-trJ   38.41  sig2     0.1367  neg Jii   0  clip 0.060  rmse 0.5625
  did=582    seed 200     37.2s  trJ   45.82  n-trJ   54.18  sig2     0.1999  neg Jii   1  clip 0.020  rmse 0.6125
  did=582    seed 300     36.6s  trJ   54.71  n-trJ   45.29  sig2     0.1608  neg Jii   0  clip 0.000  rmse 0.6055
  did=582    seed 400     37.2s  trJ   54.60  n-trJ   45.40  sig2     0.1243  neg Jii   0  clip 0.020  rmse 0.4038
  did=583    seed 42      37.2s  trJ   33.57  n-trJ   66.43  sig2     0.4882  neg Jii   3  clip 0.000  rmse 0.8325
  did=583    seed 100     36.3s  trJ   43.32  n-trJ   56.68  sig2     0.2959  neg Jii   1  clip 0.100  rmse 0.8732
  did=583    seed 200     35.5s  trJ   38.65  n-trJ   61.35  sig2     0.3113  neg Jii   2  clip 0.020  rmse 0.7457
  did=583    seed 300     36.3s  trJ   68.32  n-trJ   31.68  sig2     0.3042  neg Jii   0  clip 0.000  rmse 0.8845
  did=583    seed 400     37.0s  trJ   62.27  n-trJ   37.73  sig2      0.321  neg Jii   1  clip 0.040  rmse 0.8509

Done.
