
==============================================================================
MODEL tabicl_v2   K=64 draws per probe
==============================================================================
  did=223    seed 42      37.2s  probes=  2 (neg 0)  Jstar range [+0.775, +1.022]
  did=223    seed 100     47.4s  probes=  2 (neg 0)  Jstar range [+0.763, +1.037]
  did=223    seed 200     52.0s  probes=  2 (neg 0)  Jstar range [+0.767, +0.974]
  did=223    seed 300     51.8s  probes=  2 (neg 0)  Jstar range [+0.709, +1.003]
  did=223    seed 400     37.7s  probes=  2 (neg 0)  Jstar range [+0.890, +1.015]
  did=229    seed 42      36.9s  probes=  2 (neg 0)  Jstar range [+0.495, +0.901]
  did=229    seed 100     37.0s  probes=  2 (neg 0)  Jstar range [+0.550, +0.872]
  did=229    seed 200     45.7s  probes=  2 (neg 0)  Jstar range [+0.265, +0.652]
  did=229    seed 300     50.2s  probes=  2 (neg 0)  Jstar range [+0.541, +0.792]
  did=229    seed 400     36.8s  probes=  2 (neg 0)  Jstar range [+0.648, +0.925]
  did=509    seed 42      36.8s  probes=  2 (neg 0)  Jstar range [+0.790, +1.026]
  did=509    seed 100     36.5s  probes=  2 (neg 0)  Jstar range [+0.720, +1.026]
  did=509    seed 200     36.8s  probes=  2 (neg 0)  Jstar range [+0.774, +1.017]
  did=509    seed 300     36.6s  probes=  2 (neg 0)  Jstar range [+0.574, +1.029]
  did=509    seed 400     37.3s  probes=  2 (neg 0)  Jstar range [+0.798, +1.006]
  did=522    seed 42      37.0s  probes=  2 (neg 0)  Jstar range [+0.961, +1.045]
  did=522    seed 100     45.3s  probes=  2 (neg 0)  Jstar range [+0.866, +1.085]
  did=522    seed 200     54.2s  probes=  2 (neg 0)  Jstar range [+0.650, +0.960]
  did=522    seed 300     51.1s  probes=  2 (neg 0)  Jstar range [+0.678, +0.999]
  did=522    seed 400     36.8s  probes=  2 (neg 0)  Jstar range [+0.886, +1.075]
  did=540    seed 42      36.9s  probes=  2 (neg 0)  Jstar range [+0.068, +0.662]
  did=540    seed 100     37.1s  probes=  2 (neg 0)  Jstar range [+0.260, +0.729]
  did=540    seed 200     36.4s  probes=  2 (neg 0)  Jstar range [+0.299, +0.993]
  did=540    seed 300     36.1s  probes=  2 (neg 0)  Jstar range [+0.411, +0.973]
  did=540    seed 400     36.7s  probes=  2 (neg 0)  Jstar range [+0.284, +0.873]
  did=547    seed 42      36.9s  probes=  2 (neg 0)  Jstar range [+0.502, +0.897]
  did=547    seed 100     36.9s  probes=  2 (neg 0)  Jstar range [+0.923, +1.072]
  did=547    seed 200     37.3s  probes=  2 (neg 0)  Jstar range [+0.889, +1.016]
  did=547    seed 300     37.1s  probes=  2 (neg 0)  Jstar range [+0.953, +1.026]
  did=547    seed 400     37.1s  probes=  2 (neg 0)  Jstar range [+0.731, +1.014]
  did=549    seed 42      36.8s  probes=  2 (neg 0)  Jstar range [+0.537, +1.037]
  did=549    seed 100     37.1s  probes=  2 (neg 0)  Jstar range [+0.529, +1.053]
  did=549    seed 200     37.1s  probes=  2 (neg 0)  Jstar range [+0.071, +0.946]
  did=549    seed 300     37.0s  probes=  2 (neg 0)  Jstar range [+0.203, +1.236]
  did=549    seed 400     36.8s  probes=  2 (neg 0)  Jstar range [+0.473, +1.172]
  did=560    seed 42      37.0s  probes=  2 (neg 0)  Jstar range [+0.550, +1.056]
  did=560    seed 100     37.4s  probes=  2 (neg 0)  Jstar range [+0.735, +1.199]
  did=560    seed 200     36.9s  probes=  2 (neg 0)  Jstar range [+0.677, +0.985]
  did=560    seed 300     37.7s  probes=  2 (neg 0)  Jstar range [+0.725, +1.120]
  did=560    seed 400     37.6s  probes=  2 (neg 0)  Jstar range [+0.703, +1.048]
  did=579    seed 42      36.9s  probes=  2 (neg 0)  Jstar range [+0.489, +0.943]
  did=579    seed 100     36.9s  probes=  2 (neg 0)  Jstar range [+0.775, +1.032]
  did=579    seed 200     36.8s  probes=  2 (neg 0)  Jstar range [+0.926, +1.047]
  did=579    seed 300     36.6s  probes=  2 (neg 0)  Jstar range [+0.665, +1.004]
  did=579    seed 400     37.0s  probes=  2 (neg 0)  Jstar range [+0.867, +1.031]
  did=581    seed 42      37.2s  probes=  2 (neg 0)  Jstar range [+0.954, +1.049]
  did=581    seed 100     36.2s  probes=  2 (neg 0)  Jstar range [+0.982, +1.068]
  did=581    seed 200     36.1s  probes=  2 (neg 0)  Jstar range [+0.927, +1.060]
  did=581    seed 300     36.1s  probes=  2 (neg 0)  Jstar range [+0.933, +1.051]
  did=581    seed 400     36.7s  probes=  2 (neg 0)  Jstar range [+0.942, +1.054]
  did=582    seed 42      36.3s  probes=  2 (neg 0)  Jstar range [+0.934, +1.072]
  did=582    seed 100     36.4s  probes=  2 (neg 0)  Jstar range [+0.892, +1.044]
  did=582    seed 200     37.0s  probes=  2 (neg 0)  Jstar range [+0.929, +1.041]
  did=582    seed 300     37.3s  probes=  2 (neg 0)  Jstar range [+0.958, +1.063]
  did=582    seed 400     37.4s  probes=  2 (neg 0)  Jstar range [+0.969, +1.054]
  did=583    seed 42      36.9s  probes=  2 (neg 0)  Jstar range [+0.972, +1.076]
  did=583    seed 100     37.0s  probes=  2 (neg 0)  Jstar range [+0.948, +1.060]
  did=583    seed 200     37.2s  probes=  2 (neg 0)  Jstar range [+0.936, +1.058]
  did=583    seed 300     36.9s  probes=  2 (neg 0)  Jstar range [+0.963, +1.035]
  did=583    seed 400     37.5s  probes=  2 (neg 0)  Jstar range [+0.958, +1.045]

Done.
