==============================================================================
4.1  SURE vs held-out squared error
==============================================================================
  tabicl_v2   splits  60  trJ in [45.63, 101.99]  neg Jii total    7 (4 splits)
              SURE gap mean +1.3816e+05  sd 3.6175e+05   spearman(gap, neg count) -0.0587
  tabpfn_v2   splits  60  trJ in [10.54, 79.14]  neg Jii total  134 (22 splits)
              SURE gap mean +40874  sd 1.2724e+05   spearman(gap, neg count) -0.0379
  tabswift    splits  60  trJ in [-1.51, 80.53]  neg Jii total  999 (39 splits)
              SURE gap mean -39303  sd 4.9968e+05   spearman(gap, neg count) +0.3972

==============================================================================
4.2c  controls: exact GP (must be >= 0) and targeted imitator (must go < 0)
==============================================================================
  exactgp_wrapped    seed 42    lam_min -0.00000  negeig 0.00000  D(0.003)=-0.0000  D(0.01)=+0.0000  D(0.03)=-0.0000
  exactgp_wrapped    seed 100   lam_min -0.00000  negeig 0.00000  D(0.003)=+0.0000  D(0.01)=-0.0000  D(0.03)=-0.0000
  exactgp_wrapped    seed 200   lam_min -0.00000  negeig 0.00000  D(0.003)=-0.0000  D(0.01)=-0.0000  D(0.03)=-0.0000
  exactgp_wrapped    seed 300   lam_min -0.00000  negeig 0.00000  D(0.003)=-0.0000  D(0.01)=+0.0000  D(0.03)=+0.0000
  exactgp_wrapped    seed 400   lam_min -0.00000  negeig 0.00000  D(0.003)=-0.0000  D(0.01)=+0.0000  D(0.03)=+0.0000
  targeted_imitator  seed 42    lam_min -0.08818  negeig 0.08819  D(0.003)=-0.0882  D(0.01)=-0.0882  D(0.03)=-0.0882
  targeted_imitator  seed 100   lam_min -0.05878  negeig 0.05900  D(0.003)=-0.0588  D(0.01)=-0.0588  D(0.03)=-0.0588
  targeted_imitator  seed 200   lam_min -0.06490  negeig 0.06474  D(0.003)=-0.0649  D(0.01)=-0.0649  D(0.03)=-0.0649
  targeted_imitator  seed 300   lam_min -0.08965  negeig 0.08983  D(0.003)=-0.0896  D(0.01)=-0.0896  D(0.03)=-0.0896
  targeted_imitator  seed 400   lam_min -0.12057  negeig 0.12072  D(0.003)=-0.1206  D(0.01)=-0.1206  D(0.03)=-0.1206

==============================================================================
4.2a/b/d  directional monotonicity on the frozen models
==============================================================================
  tabicl_v2   did=223    seed 42    lam_min -0.34726  negeig 0.18989  D(0.003)=-0.3311  D(0.01)=-0.1875  D(0.03)=+0.1573  D(0.1)=+0.2507  D(0.3)=+0.0589
  tabicl_v2   did=223    seed 100   lam_min +0.01035  negeig 0.00000  D(0.003)=+0.0098  D(0.01)=+0.0179  D(0.03)=+0.0969  D(0.1)=+0.0749  D(0.3)=+0.0375
  tabicl_v2   did=223    seed 200   lam_min -0.31487  negeig 0.16276  D(0.003)=-0.3026  D(0.01)=-0.2248  D(0.03)=-0.0444  D(0.1)=+0.0301  D(0.3)=+0.0349
  tabicl_v2   did=223    seed 300   lam_min -0.19785  negeig 0.13276  D(0.003)=-0.1888  D(0.01)=-0.1138  D(0.03)=+0.1190  D(0.1)=+0.0450  D(0.3)=+0.0253
  tabicl_v2   did=223    seed 400   lam_min +0.63593  negeig 0.00000  D(0.003)=+0.6370  D(0.01)=+0.6359  D(0.03)=+0.5655  D(0.1)=+0.2726  D(0.3)=+0.0601
  tabicl_v2   did=229    seed 42    lam_min -1.00279  negeig 0.34186  D(0.003)=-1.0063  D(0.01)=-1.0207  D(0.03)=-0.5075  D(0.1)=-0.1337  D(0.3)=+0.0826
  tabicl_v2   did=229    seed 100   lam_min -0.99815  negeig 0.34043  D(0.003)=-0.9989  D(0.01)=-0.9732  D(0.03)=-0.8043  D(0.1)=-0.1873  D(0.3)=+0.1718
  tabicl_v2   did=229    seed 200   lam_min -0.95217  negeig 0.35516  D(0.003)=-0.9504  D(0.01)=-0.9440  D(0.03)=-0.8867  D(0.1)=-0.4450  D(0.3)=+0.1290
  tabicl_v2   did=229    seed 300   lam_min -0.71881  negeig 0.32084  D(0.003)=-0.7181  D(0.01)=-0.7120  D(0.03)=-0.6517  D(0.1)=-0.1199  D(0.3)=+0.0720
  tabicl_v2   did=229    seed 400   lam_min -1.30824  negeig 0.37779  D(0.003)=-1.2849  D(0.01)=-1.1193  D(0.03)=-0.2969  D(0.1)=+0.0181  D(0.3)=+0.0907
  tabicl_v2   did=509    seed 42    lam_min -0.01360  negeig 0.00550  D(0.003)=-0.0122  D(0.01)=-0.0050  D(0.03)=+0.0618  D(0.1)=+0.3323  D(0.3)=+0.5671
  tabicl_v2   did=509    seed 100   lam_min -0.09556  negeig 0.04267  D(0.003)=-0.0956  D(0.01)=-0.0868  D(0.03)=-0.0261  D(0.1)=+0.2300  D(0.3)=+0.4778
  tabicl_v2   did=509    seed 200   lam_min -0.22689  negeig 0.10104  D(0.003)=-0.2237  D(0.01)=-0.2254  D(0.03)=-0.2023  D(0.1)=+0.0234  D(0.3)=+0.3817
  tabicl_v2   did=509    seed 300   lam_min -0.79699  negeig 0.21446  D(0.003)=-0.7848  D(0.01)=-0.7672  D(0.03)=-0.6389  D(0.1)=-0.0855  D(0.3)=+0.6258
  tabicl_v2   did=509    seed 400   lam_min +0.08491  negeig 0.00000  D(0.003)=+0.0872  D(0.01)=+0.1035  D(0.03)=+0.2009  D(0.1)=+0.4556  D(0.3)=+0.8022
  tabicl_v2   did=522    seed 42    lam_min +0.54311  negeig 0.00000  D(0.003)=+0.5486  D(0.01)=+0.5930  D(0.03)=+0.7325  D(0.1)=+0.7544  D(0.3)=+0.5303
  tabicl_v2   did=522    seed 100   lam_min +0.38342  negeig 0.00000  D(0.003)=+0.3861  D(0.01)=+0.3874  D(0.03)=+0.3999  D(0.1)=+0.4878  D(0.3)=+0.9067
  tabicl_v2   did=522    seed 200   lam_min -1.30057  negeig 0.35987  D(0.003)=-1.2835  D(0.01)=-1.1979  D(0.03)=-0.6351  D(0.1)=+0.2742  D(0.3)=+0.5819
  tabicl_v2   did=522    seed 300   lam_min -0.10888  negeig 0.05369  D(0.003)=-0.1060  D(0.01)=-0.0962  D(0.03)=-0.0254  D(0.1)=+0.2246  D(0.3)=+0.4072
  tabicl_v2   did=522    seed 400   lam_min +0.61865  negeig 0.00000  D(0.003)=+0.6197  D(0.01)=+0.6178  D(0.03)=+0.6062  D(0.1)=+0.5724  D(0.3)=+0.5965
  tabicl_v2   did=540    seed 42    lam_min -1.47494  negeig 0.36602  D(0.003)=-1.4656  D(0.01)=-1.3546  D(0.03)=-0.8383  D(0.1)=-0.1072  D(0.3)=+0.1335
  tabicl_v2   did=540    seed 100   lam_min -0.92557  negeig 0.28365  D(0.003)=-0.9186  D(0.01)=-0.8978  D(0.03)=-0.7803  D(0.1)=-0.1907  D(0.3)=+0.1651
  tabicl_v2   did=540    seed 200   lam_min -1.28863  negeig 0.33257  D(0.003)=-1.2860  D(0.01)=-1.2589  D(0.03)=-0.9909  D(0.1)=-0.3442  D(0.3)=+0.1003
  tabicl_v2   did=540    seed 300   lam_min -1.47241  negeig 0.36943  D(0.003)=-1.4751  D(0.01)=-1.4259  D(0.03)=-1.1563  D(0.1)=-0.3861  D(0.3)=+0.0961
  tabicl_v2   did=540    seed 400   lam_min -1.50820  negeig 0.37901  D(0.003)=-1.4992  D(0.01)=-1.4175  D(0.03)=-0.8918  D(0.1)=-0.1624  D(0.3)=+0.1029
  tabicl_v2   did=547    seed 42    lam_min -1.53385  negeig 0.35292  D(0.003)=-1.5266  D(0.01)=-1.4829  D(0.03)=-1.1959  D(0.1)=-0.3788  D(0.3)=+0.2906
  tabicl_v2   did=547    seed 100   lam_min +0.64452  negeig 0.00000  D(0.003)=+0.6456  D(0.01)=+0.6461  D(0.03)=+0.6416  D(0.1)=+0.5877  D(0.3)=+0.7858
  tabicl_v2   did=547    seed 200   lam_min +0.41306  negeig 0.00000  D(0.003)=+0.4124  D(0.01)=+0.3945  D(0.03)=+0.3002  D(0.1)=+0.6182  D(0.3)=+0.7326
  tabicl_v2   did=547    seed 300   lam_min +0.44725  negeig 0.00000  D(0.003)=+0.4503  D(0.01)=+0.4671  D(0.03)=+0.5670  D(0.1)=+0.8577  D(0.3)=+0.9475
  tabicl_v2   did=547    seed 400   lam_min -0.18202  negeig 0.06617  D(0.003)=-0.1743  D(0.01)=-0.1102  D(0.03)=+0.1089  D(0.1)=+0.2193  D(0.3)=+0.4738
  tabicl_v2   did=549    seed 42    lam_min -0.28177  negeig 0.13435  D(0.003)=-0.2762  D(0.01)=-0.2185  D(0.03)=+0.0959  D(0.1)=+0.2361  D(0.3)=+0.3441
  tabicl_v2   did=549    seed 100   lam_min -0.25896  negeig 0.11013  D(0.003)=-0.2598  D(0.01)=-0.2464  D(0.03)=-0.1538  D(0.1)=+0.1575  D(0.3)=+0.3302
  tabicl_v2   did=549    seed 200   lam_min -0.78078  negeig 0.20882  D(0.003)=-0.7801  D(0.01)=-0.7712  D(0.03)=-0.6098  D(0.1)=-0.0611  D(0.3)=+0.2184
  tabicl_v2   did=549    seed 300   lam_min -1.06381  negeig 0.28704  D(0.003)=-1.0520  D(0.01)=-0.9305  D(0.03)=-0.6124  D(0.1)=-0.1726  D(0.3)=+0.1944
  tabicl_v2   did=549    seed 400   lam_min -2.19062  negeig 0.38885  D(0.003)=-2.1601  D(0.01)=-1.8738  D(0.03)=-0.8017  D(0.1)=-0.0829  D(0.3)=+0.3401
  tabicl_v2   did=560    seed 42    lam_min -0.32159  negeig 0.25861  D(0.003)=-0.3219  D(0.01)=-0.2392  D(0.03)=+0.0099  D(0.1)=-0.0232  D(0.3)=+0.0049
  tabicl_v2   did=560    seed 100   lam_min -0.10237  negeig 0.08229  D(0.003)=-0.1031  D(0.01)=-0.0708  D(0.03)=-0.0983  D(0.1)=+0.0278  D(0.3)=+0.0240
  tabicl_v2   did=560    seed 200   lam_min -0.27440  negeig 0.20129  D(0.003)=-0.1242  D(0.01)=+0.1071  D(0.03)=+0.0443  D(0.1)=+0.0021  D(0.3)=+0.0285
  tabicl_v2   did=560    seed 300   lam_min -0.25988  negeig 0.18183  D(0.003)=-0.0807  D(0.01)=+0.0897  D(0.03)=+0.0141  D(0.1)=+0.0854  D(0.3)=+0.1991
  tabicl_v2   did=560    seed 400   lam_min -0.16132  negeig 0.10794  D(0.003)=-0.1598  D(0.01)=-0.1589  D(0.03)=-0.1339  D(0.1)=+0.3430  D(0.3)=+0.3617
  tabicl_v2   did=579    seed 42    lam_min -1.30128  negeig 0.38980  D(0.003)=-1.2939  D(0.01)=-1.2256  D(0.03)=-0.8682  D(0.1)=-0.0579  D(0.3)=+0.2311
  tabicl_v2   did=579    seed 100   lam_min +0.25641  negeig 0.00000  D(0.003)=+0.2386  D(0.01)=+0.2256  D(0.03)=+0.2472  D(0.1)=+0.2359  D(0.3)=+0.2298
  tabicl_v2   did=579    seed 200   lam_min +0.78140  negeig 0.00000  D(0.003)=+0.7822  D(0.01)=+0.7809  D(0.03)=+0.7726  D(0.1)=+0.7395  D(0.3)=+0.9453
  tabicl_v2   did=579    seed 300   lam_min -1.35516  negeig 0.33443  D(0.003)=-1.2918  D(0.01)=-0.8403  D(0.03)=+0.0199  D(0.1)=+0.1739  D(0.3)=+0.4526
  tabicl_v2   did=579    seed 400   lam_min +0.09406  negeig 0.00000  D(0.003)=+0.0967  D(0.01)=+0.1029  D(0.03)=+0.1733  D(0.1)=+0.3127  D(0.3)=+0.1935
  tabicl_v2   did=581    seed 42    lam_min +0.92084  negeig 0.00000  D(0.003)=+0.9214  D(0.01)=+0.9346  D(0.03)=+0.9723  D(0.1)=+0.9781  D(0.3)=+0.9801
  tabicl_v2   did=581    seed 100   lam_min +0.92153  negeig 0.00000  D(0.003)=+0.9290  D(0.01)=+0.9620  D(0.03)=+0.9991  D(0.1)=+1.0041  D(0.3)=+0.8950
  tabicl_v2   did=581    seed 200   lam_min +0.86672  negeig 0.00000  D(0.003)=+0.8675  D(0.01)=+0.8626  D(0.03)=+0.8311  D(0.1)=+0.8089  D(0.3)=+0.8941
  tabicl_v2   did=581    seed 300   lam_min +0.75247  negeig 0.00000  D(0.003)=+0.7551  D(0.01)=+0.7678  D(0.03)=+0.7956  D(0.1)=+0.8015  D(0.3)=+0.7645
  tabicl_v2   did=581    seed 400   lam_min +0.73539  negeig 0.00000  D(0.003)=+0.7359  D(0.01)=+0.7366  D(0.03)=+0.7299  D(0.1)=+0.6389  D(0.3)=+0.5810
  tabicl_v2   did=582    seed 42    lam_min +0.91997  negeig 0.00000  D(0.003)=+0.9215  D(0.01)=+0.9220  D(0.03)=+0.9263  D(0.1)=+0.9478  D(0.3)=+0.9881
  tabicl_v2   did=582    seed 100   lam_min +0.77074  negeig 0.00000  D(0.003)=+0.7706  D(0.01)=+0.7697  D(0.03)=+0.7660  D(0.1)=+0.7727  D(0.3)=+0.8360
  tabicl_v2   did=582    seed 200   lam_min +0.86312  negeig 0.00000  D(0.003)=+0.8628  D(0.01)=+0.8630  D(0.03)=+0.8892  D(0.1)=+0.9406  D(0.3)=+0.9539
  tabicl_v2   did=582    seed 300   lam_min +0.90000  negeig 0.00000  D(0.003)=+0.9006  D(0.01)=+0.9020  D(0.03)=+0.9116  D(0.1)=+0.9516  D(0.3)=+0.9897
  tabicl_v2   did=582    seed 400   lam_min +0.87659  negeig 0.00000  D(0.003)=+0.8799  D(0.01)=+0.8972  D(0.03)=+0.9473  D(0.1)=+0.9720  D(0.3)=+0.9227
  tabicl_v2   did=583    seed 42    lam_min +0.91140  negeig 0.00000  D(0.003)=+0.9114  D(0.01)=+0.9125  D(0.03)=+0.9211  D(0.1)=+0.9642  D(0.3)=+1.0049
  tabicl_v2   did=583    seed 100   lam_min +0.93383  negeig 0.00000  D(0.003)=+0.9357  D(0.01)=+0.9477  D(0.03)=+0.9748  D(0.1)=+0.9948  D(0.3)=+1.0015
  tabicl_v2   did=583    seed 200   lam_min +0.86257  negeig 0.00000  D(0.003)=+0.8732  D(0.01)=+0.9367  D(0.03)=+0.9963  D(0.1)=+0.9939  D(0.3)=+0.9944
  tabicl_v2   did=583    seed 300   lam_min +0.87819  negeig 0.00000  D(0.003)=+0.8798  D(0.01)=+0.8845  D(0.03)=+0.9141  D(0.1)=+0.9649  D(0.3)=+0.9949
  tabicl_v2   did=583    seed 400   lam_min +0.92486  negeig 0.00000  D(0.003)=+0.9262  D(0.01)=+0.9297  D(0.03)=+0.9463  D(0.1)=+0.9742  D(0.3)=+0.9876
  tabpfn_v2   did=223    seed 42    lam_min -0.37099  negeig 0.22455  D(0.003)=-0.4342  D(0.01)=-0.4224  D(0.03)=-0.2125  D(0.1)=+0.1074  D(0.3)=+0.0964
  tabpfn_v2   did=223    seed 100   lam_min -0.63845  negeig 0.27635  D(0.003)=-0.5511  D(0.01)=-0.5474  D(0.03)=-0.2753  D(0.1)=+0.0899  D(0.3)=+0.0594
  tabpfn_v2   did=223    seed 200   lam_min -0.88568  negeig 0.30874  D(0.003)=-1.0166  D(0.01)=-0.7491  D(0.03)=-0.2308  D(0.1)=+0.1170  D(0.3)=+0.0723
  tabpfn_v2   did=223    seed 300   lam_min -0.39668  negeig 0.18025  D(0.003)=-0.3798  D(0.01)=-0.4077  D(0.03)=-0.1431  D(0.1)=+0.1057  D(0.3)=+0.0634
  tabpfn_v2   did=223    seed 400   lam_min -0.65263  negeig 0.26140  D(0.003)=-0.7666  D(0.01)=-0.4360  D(0.03)=-0.1763  D(0.1)=+0.1423  D(0.3)=+0.0942
  tabpfn_v2   did=229    seed 42    lam_min -0.81781  negeig 0.24877  D(0.003)=-1.1884  D(0.01)=-1.0445  D(0.03)=-0.5384  D(0.1)=+0.0321  D(0.3)=+0.1493
  tabpfn_v2   did=229    seed 100   lam_min -0.99477  negeig 0.33370  D(0.003)=-1.1366  D(0.01)=-0.7400  D(0.03)=-0.1569  D(0.1)=+0.1693  D(0.3)=+0.2043
  tabpfn_v2   did=229    seed 200   lam_min -1.30660  negeig 0.43593  D(0.003)=-2.1974  D(0.01)=-1.1111  D(0.03)=-0.2932  D(0.1)=+0.1278  D(0.3)=+0.2498
  tabpfn_v2   did=229    seed 300   lam_min -0.49322  negeig 0.21379  D(0.003)=-0.8347  D(0.01)=-0.4647  D(0.03)=-0.0622  D(0.1)=+0.2342  D(0.3)=+0.2951
  tabpfn_v2   did=229    seed 400   lam_min -0.44658  negeig 0.18927  D(0.003)=-0.3310  D(0.01)=-0.4052  D(0.03)=-0.2592  D(0.1)=+0.1502  D(0.3)=+0.2513
  tabpfn_v2   did=509    seed 42    lam_min -0.60269  negeig 0.22171  D(0.003)=-0.4649  D(0.01)=-0.5394  D(0.03)=-0.3904  D(0.1)=+0.1046  D(0.3)=+0.2190
  tabpfn_v2   did=509    seed 100   lam_min -0.71700  negeig 0.33693  D(0.003)=-1.1382  D(0.01)=-0.8341  D(0.03)=-0.3887  D(0.1)=+0.0130  D(0.3)=+0.2565
  tabpfn_v2   did=509    seed 200   lam_min -0.91394  negeig 0.31377  D(0.003)=-0.9895  D(0.01)=-0.8883  D(0.03)=-0.4304  D(0.1)=+0.0419  D(0.3)=+0.1127
  tabpfn_v2   did=509    seed 300   lam_min -0.60988  negeig 0.29564  D(0.003)=-0.9725  D(0.01)=-0.6860  D(0.03)=-0.2375  D(0.1)=+0.0487  D(0.3)=+0.1197
  tabpfn_v2   did=509    seed 400   lam_min -1.64210  negeig 0.36247  D(0.003)=-1.9011  D(0.01)=-0.3932  D(0.03)=+0.1391  D(0.1)=+0.3311  D(0.3)=+0.3094
  tabpfn_v2   did=522    seed 42    lam_min -1.86769  negeig 0.42653  D(0.003)=-2.4793  D(0.01)=-1.6100  D(0.03)=-0.5899  D(0.1)=+0.1105  D(0.3)=+0.3382
  tabpfn_v2   did=522    seed 100   lam_min -0.65122  negeig 0.16784  D(0.003)=-0.8625  D(0.01)=-1.0190  D(0.03)=-0.3866  D(0.1)=+0.1546  D(0.3)=+0.2841
  tabpfn_v2   did=522    seed 200   lam_min -3.65664  negeig 0.40555  D(0.003)=-3.8199  D(0.01)=-0.9483  D(0.03)=-0.1987  D(0.1)=+0.2942  D(0.3)=+0.4406
  tabpfn_v2   did=522    seed 300   lam_min -1.61919  negeig 0.38220  D(0.003)=-1.6200  D(0.01)=-1.1256  D(0.03)=+0.0665  D(0.1)=+0.2677  D(0.3)=+0.3043
  tabpfn_v2   did=522    seed 400   lam_min -5.69062  negeig 0.44815  D(0.003)=-4.8776  D(0.01)=-1.1174  D(0.03)=-0.1491  D(0.1)=+0.5064  D(0.3)=+0.5630
  tabpfn_v2   did=540    seed 42    lam_min -3.20348  negeig 0.47936  D(0.003)=-2.9684  D(0.01)=-2.7638  D(0.03)=-1.8904  D(0.1)=-0.2855  D(0.3)=+0.3881
  tabpfn_v2   did=540    seed 100   lam_min -1.67183  negeig 0.32103  D(0.003)=-1.9774  D(0.01)=-2.2631  D(0.03)=-1.0902  D(0.1)=+0.0820  D(0.3)=+0.3979
  tabpfn_v2   did=540    seed 200   lam_min -3.89488  negeig 0.46257  D(0.003)=-7.1482  D(0.01)=-2.8267  D(0.03)=-0.7615  D(0.1)=-0.3960  D(0.3)=+0.2386
  tabpfn_v2   did=540    seed 300   lam_min -4.49217  negeig 0.48339  D(0.003)=-4.7910  D(0.01)=-3.6450  D(0.03)=-1.5482  D(0.1)=-0.4474  D(0.3)=+0.2380
  tabpfn_v2   did=540    seed 400   lam_min -3.14457  negeig 0.50864  D(0.003)=-2.9170  D(0.01)=-3.3728  D(0.03)=-1.7120  D(0.1)=-0.1145  D(0.3)=+0.3486
  tabpfn_v2   did=547    seed 42    lam_min -5.80925  negeig 0.46027  D(0.003)=-4.7478  D(0.01)=-1.0503  D(0.03)=+0.0113  D(0.1)=+0.2854  D(0.3)=+0.3981
  tabpfn_v2   did=547    seed 100   lam_min -7.02420  negeig 0.47994  D(0.003)=-4.3908  D(0.01)=-1.0848  D(0.03)=-0.0463  D(0.1)=+0.3190  D(0.3)=+0.3786
  tabpfn_v2   did=547    seed 200   lam_min -0.98856  negeig 0.29861  D(0.003)=-1.2825  D(0.01)=-0.9917  D(0.03)=-0.1188  D(0.1)=+0.1960  D(0.3)=+0.2628
  tabpfn_v2   did=547    seed 300   lam_min -0.67632  negeig 0.27579  D(0.003)=-0.7557  D(0.01)=-0.4905  D(0.03)=-0.1494  D(0.1)=+0.2034  D(0.3)=+0.2666
  tabpfn_v2   did=547    seed 400   lam_min -1.02735  negeig 0.31206  D(0.003)=-0.6485  D(0.01)=-0.7392  D(0.03)=-0.0818  D(0.1)=+0.1803  D(0.3)=+0.3472
  tabpfn_v2   did=549    seed 42    lam_min -6.69252  negeig 0.46354  D(0.003)=-3.5640  D(0.01)=-0.9028  D(0.03)=+0.1732  D(0.1)=+0.2454  D(0.3)=+0.1841
  tabpfn_v2   did=549    seed 100   lam_min -2.88994  negeig 0.43868  D(0.003)=-3.1065  D(0.01)=-2.2453  D(0.03)=-1.4931  D(0.1)=+0.2234  D(0.3)=+0.3189
  tabpfn_v2   did=549    seed 200   lam_min -5.61165  negeig 0.39892  D(0.003)=-6.4390  D(0.01)=-4.5047  D(0.03)=-1.6690  D(0.1)=-0.1969  D(0.3)=+0.4306
  tabpfn_v2   did=549    seed 300   lam_min -5.06651  negeig 0.48282  D(0.003)=-4.1380  D(0.01)=-0.7847  D(0.03)=-0.1387  D(0.1)=+0.3165  D(0.3)=+0.3456
  tabpfn_v2   did=549    seed 400   lam_min -1.68854  negeig 0.27843  D(0.003)=-2.1512  D(0.01)=-1.1860  D(0.03)=-0.4252  D(0.1)=+0.3225  D(0.3)=+0.3784
  tabpfn_v2   did=560    seed 42    lam_min -0.35145  negeig 0.28380  D(0.003)=-0.1689  D(0.01)=-0.0442  D(0.03)=+0.4719  D(0.1)=+0.5482  D(0.3)=+0.4329
  tabpfn_v2   did=560    seed 100   lam_min -0.15146  negeig 0.14249  D(0.003)=+0.3147  D(0.01)=+0.2573  D(0.03)=+0.1715  D(0.1)=+0.1073  D(0.3)=+0.1053
  tabpfn_v2   did=560    seed 200   lam_min -0.59635  negeig 0.20097  D(0.003)=-0.9850  D(0.01)=-0.0914  D(0.03)=+0.0875  D(0.1)=+0.1225  D(0.3)=+0.2634
  tabpfn_v2   did=560    seed 300   lam_min -1.63889  negeig 0.91403  D(0.003)=-1.5082  D(0.01)=-0.7025  D(0.03)=+0.5173  D(0.1)=+0.7545  D(0.3)=+0.5526
  tabpfn_v2   did=560    seed 400   lam_min -0.90479  negeig 0.23389  D(0.003)=-0.0051  D(0.01)=-0.4609  D(0.03)=+0.5980  D(0.1)=+0.6746  D(0.3)=+0.6655
  tabpfn_v2   did=579    seed 42    lam_min -2.23323  negeig 0.42063  D(0.003)=-2.0329  D(0.01)=-0.0696  D(0.03)=+0.3248  D(0.1)=+0.4313  D(0.3)=+0.4620
  tabpfn_v2   did=579    seed 100   lam_min -1.16954  negeig 0.33465  D(0.003)=-1.3384  D(0.01)=-0.8266  D(0.03)=-0.0794  D(0.1)=+0.2695  D(0.3)=+0.3561
  tabpfn_v2   did=579    seed 200   lam_min -1.50667  negeig 0.31153  D(0.003)=-1.7913  D(0.01)=-0.6140  D(0.03)=+0.1994  D(0.1)=+0.4197  D(0.3)=+0.3460
  tabpfn_v2   did=579    seed 300   lam_min -1.07796  negeig 0.23544  D(0.003)=-1.0267  D(0.01)=-0.2998  D(0.03)=+0.3381  D(0.1)=+0.4646  D(0.3)=+0.4127
  tabpfn_v2   did=579    seed 400   lam_min -0.63074  negeig 0.29117  D(0.003)=-0.5368  D(0.01)=-0.5885  D(0.03)=-0.5063  D(0.1)=-0.1007  D(0.3)=+0.1231
  tabpfn_v2   did=581    seed 42    lam_min -0.19433  negeig 0.11188  D(0.003)=-0.1915  D(0.01)=-0.1645  D(0.03)=-0.0465  D(0.1)=+0.2052  D(0.3)=+0.1679
  tabpfn_v2   did=581    seed 100   lam_min -0.09492  negeig 0.06407  D(0.003)=-0.0655  D(0.01)=-0.0491  D(0.03)=+0.0366  D(0.1)=+0.2007  D(0.3)=+0.1669
  tabpfn_v2   did=581    seed 200   lam_min -0.18352  negeig 0.12085  D(0.003)=-0.2300  D(0.01)=-0.1669  D(0.03)=-0.1093  D(0.1)=+0.1027  D(0.3)=+0.2058
  tabpfn_v2   did=581    seed 300   lam_min -0.34987  negeig 0.16695  D(0.003)=-0.3007  D(0.01)=-0.3504  D(0.03)=-0.1940  D(0.1)=+0.1601  D(0.3)=+0.2003
  tabpfn_v2   did=581    seed 400   lam_min -0.34548  negeig 0.18034  D(0.003)=-0.4143  D(0.01)=-0.3572  D(0.03)=-0.2516  D(0.1)=+0.0980  D(0.3)=+0.1232
  tabpfn_v2   did=582    seed 42    lam_min -0.15520  negeig 0.08435  D(0.003)=-0.1266  D(0.01)=-0.1711  D(0.03)=-0.0548  D(0.1)=+0.1600  D(0.3)=+0.1858
  tabpfn_v2   did=582    seed 100   lam_min -0.16671  negeig 0.08480  D(0.003)=-0.1831  D(0.01)=-0.1894  D(0.03)=-0.0984  D(0.1)=+0.2082  D(0.3)=+0.2110
  tabpfn_v2   did=582    seed 200   lam_min -0.44720  negeig 0.17407  D(0.003)=-0.6722  D(0.01)=-0.5425  D(0.03)=-0.2640  D(0.1)=+0.1463  D(0.3)=+0.2812
  tabpfn_v2   did=582    seed 300   lam_min -0.74724  negeig 0.23458  D(0.003)=-0.8549  D(0.01)=-0.6053  D(0.03)=-0.2505  D(0.1)=+0.2216  D(0.3)=+0.2593
  tabpfn_v2   did=582    seed 400   lam_min -0.44556  negeig 0.25107  D(0.003)=-0.3581  D(0.01)=-0.4964  D(0.03)=-0.3726  D(0.1)=+0.0155  D(0.3)=+0.1547
  tabpfn_v2   did=583    seed 42    lam_min -4.42298  negeig 0.39429  D(0.003)=-2.3678  D(0.01)=+0.1834  D(0.03)=+0.7503  D(0.1)=+0.7798  D(0.3)=+0.7201
  tabpfn_v2   did=583    seed 100   lam_min -0.23029  negeig 0.11594  D(0.003)=-0.2748  D(0.01)=-0.0069  D(0.03)=+0.3489  D(0.1)=+0.6436  D(0.3)=+0.6853
  tabpfn_v2   did=583    seed 200   lam_min -0.10592  negeig 0.06901  D(0.003)=-0.1065  D(0.01)=-0.1106  D(0.03)=+0.0238  D(0.1)=+0.2280  D(0.3)=+0.3170
  tabpfn_v2   did=583    seed 300   lam_min -0.85948  negeig 0.27406  D(0.003)=-0.9814  D(0.01)=-0.0707  D(0.03)=+0.3448  D(0.1)=+0.4736  D(0.3)=+0.3960
  tabpfn_v2   did=583    seed 400   lam_min -1.63197  negeig 0.34646  D(0.003)=+0.2582  D(0.01)=-1.3610  D(0.03)=+0.1448  D(0.1)=+0.6089  D(0.3)=+0.6866
  tabswift    did=223    seed 42    lam_min -0.57986  negeig 0.71824  D(0.003)=-0.5775  D(0.01)=-0.5142  D(0.03)=-0.5169  D(0.1)=-0.4703  D(0.3)=-0.3886
  tabswift    did=223    seed 100   lam_min -0.38616  negeig 0.80348  D(0.003)=-0.3106  D(0.01)=-0.3415  D(0.03)=-0.3555  D(0.1)=-0.3407  D(0.3)=-0.2597
  tabswift    did=223    seed 200   lam_min -0.44481  negeig 0.71371  D(0.003)=-0.4864  D(0.01)=-0.4476  D(0.03)=-0.4284  D(0.1)=-0.4105  D(0.3)=-0.3369
  tabswift    did=223    seed 300   lam_min -0.52515  negeig 0.74331  D(0.003)=-0.4522  D(0.01)=-0.4392  D(0.03)=-0.4641  D(0.1)=-0.4193  D(0.3)=-0.2700
  tabswift    did=223    seed 400   lam_min -0.48391  negeig 0.65550  D(0.003)=-0.4393  D(0.01)=-0.4483  D(0.03)=-0.4292  D(0.1)=-0.4042  D(0.3)=-0.3146
  tabswift    did=229    seed 42    lam_min -0.48484  negeig 0.29573  D(0.003)=-0.5081  D(0.01)=-0.4654  D(0.03)=-0.4319  D(0.1)=-0.2181  D(0.3)=+0.0796
  tabswift    did=229    seed 100   lam_min -0.30445  negeig 0.22859  D(0.003)=-0.3477  D(0.01)=-0.3070  D(0.03)=-0.2854  D(0.1)=-0.1309  D(0.3)=+0.1055
  tabswift    did=229    seed 200   lam_min -0.43181  negeig 0.31799  D(0.003)=-0.3936  D(0.01)=-0.3857  D(0.03)=-0.3778  D(0.1)=-0.1977  D(0.3)=+0.0866
  tabswift    did=229    seed 300   lam_min -0.45781  negeig 0.31260  D(0.003)=-0.4393  D(0.01)=-0.4195  D(0.03)=-0.3863  D(0.1)=-0.1069  D(0.3)=+0.0653
  tabswift    did=229    seed 400   lam_min -0.46554  negeig 0.38224  D(0.003)=-0.4181  D(0.01)=-0.4067  D(0.03)=-0.3849  D(0.1)=-0.1527  D(0.3)=+0.1266
  tabswift    did=509    seed 42    lam_min -0.00134  negeig 0.65009  D(0.003)=+0.0004  D(0.01)=+0.0000  D(0.03)=-0.0000  D(0.1)=+0.0000  D(0.3)=+0.0000
  tabswift    did=509    seed 100   lam_min -0.00133  negeig 0.68661  D(0.003)=-0.0005  D(0.01)=-0.0001  D(0.03)=-0.0000  D(0.1)=-0.0000  D(0.3)=-0.0000
  tabswift    did=509    seed 200   lam_min -0.00149  negeig 0.51493  D(0.003)=+0.0000  D(0.01)=+0.0001  D(0.03)=+0.0001  D(0.1)=-0.0000  D(0.3)=-0.0000
  tabswift    did=509    seed 300   lam_min -0.00210  negeig 0.51259  D(0.003)=-0.0003  D(0.01)=+0.0001  D(0.03)=+0.0000  D(0.1)=-0.0000  D(0.3)=+0.0000
  tabswift    did=509    seed 400   lam_min -0.00127  negeig 0.60170  D(0.003)=+0.0002  D(0.01)=-0.0000  D(0.03)=+0.0000  D(0.1)=+0.0000  D(0.3)=+0.0000
  tabswift    did=522    seed 42    lam_min -0.12078  negeig 0.12574  D(0.003)=-0.0299  D(0.01)=-0.0369  D(0.03)=-0.0378  D(0.1)=-0.0206  D(0.3)=+0.0659
  tabswift    did=522    seed 100   lam_min -0.07687  negeig 0.07318  D(0.003)=+0.0216  D(0.01)=+0.0054  D(0.03)=+0.0152  D(0.1)=+0.0232  D(0.3)=+0.0580
  tabswift    did=522    seed 200   lam_min -0.06247  negeig 0.05840  D(0.003)=-0.0055  D(0.01)=+0.0082  D(0.03)=-0.0000  D(0.1)=+0.0216  D(0.3)=+0.0480
  tabswift    did=522    seed 300   lam_min -0.06406  negeig 0.05730  D(0.003)=-0.0327  D(0.01)=-0.0171  D(0.03)=-0.0014  D(0.1)=+0.0338  D(0.3)=+0.0835
  tabswift    did=522    seed 400   lam_min -0.09295  negeig 0.09443  D(0.003)=-0.0263  D(0.01)=-0.0213  D(0.03)=-0.0048  D(0.1)=+0.0089  D(0.3)=+0.0564
  tabswift    did=540    seed 42    lam_min -0.61747  negeig 0.40761  D(0.003)=-0.6021  D(0.01)=-0.5934  D(0.03)=-0.4095  D(0.1)=-0.1693  D(0.3)=-0.0310
  tabswift    did=540    seed 100   lam_min -0.57494  negeig 0.37639  D(0.003)=-0.6115  D(0.01)=-0.5937  D(0.03)=-0.4606  D(0.1)=-0.1938  D(0.3)=-0.0834
  tabswift    did=540    seed 200   lam_min -0.44843  negeig 0.32855  D(0.003)=-0.4585  D(0.01)=-0.4710  D(0.03)=-0.4442  D(0.1)=-0.3175  D(0.3)=-0.0647
  tabswift    did=540    seed 300   lam_min -0.51623  negeig 0.35892  D(0.003)=-0.6040  D(0.01)=-0.5690  D(0.03)=-0.4914  D(0.1)=-0.2638  D(0.3)=-0.0492
  tabswift    did=540    seed 400   lam_min -0.54052  negeig 0.38098  D(0.003)=-0.5708  D(0.01)=-0.5604  D(0.03)=-0.4541  D(0.1)=-0.1700  D(0.3)=-0.0301
  tabswift    did=547    seed 42    lam_min -0.10402  negeig 0.09531  D(0.003)=+0.0539  D(0.01)=+0.0189  D(0.03)=+0.0102  D(0.1)=+0.0237  D(0.3)=+0.0459
  tabswift    did=547    seed 100   lam_min -0.05558  negeig 0.04661  D(0.003)=+0.1311  D(0.01)=+0.0580  D(0.03)=+0.0755  D(0.1)=+0.0685  D(0.3)=+0.0676
  tabswift    did=547    seed 200   lam_min -0.08508  negeig 0.07560  D(0.003)=+0.0122  D(0.01)=+0.0306  D(0.03)=+0.0427  D(0.1)=+0.0427  D(0.3)=+0.0735
  tabswift    did=547    seed 300   lam_min -0.09820  negeig 0.08296  D(0.003)=-0.0439  D(0.01)=+0.0133  D(0.03)=+0.0129  D(0.1)=+0.0244  D(0.3)=+0.0932
  tabswift    did=547    seed 400   lam_min -0.09390  negeig 0.08656  D(0.003)=+0.1409  D(0.01)=+0.0892  D(0.03)=+0.0946  D(0.1)=+0.0932  D(0.3)=+0.0864
  tabswift    did=549    seed 42    lam_min -0.37608  negeig 0.55695  D(0.003)=+0.1446  D(0.01)=+0.0307  D(0.03)=+0.0126  D(0.1)=-0.0045  D(0.3)=-0.0007
  tabswift    did=549    seed 100   lam_min -0.37111  negeig 0.38394  D(0.003)=-0.1399  D(0.01)=-0.0421  D(0.03)=-0.0063  D(0.1)=+0.0073  D(0.3)=+0.0021
  tabswift    did=549    seed 200   lam_min -0.42727  negeig 0.43002  D(0.003)=+0.1194  D(0.01)=+0.0277  D(0.03)=+0.0161  D(0.1)=+0.0156  D(0.3)=+0.0039
  tabswift    did=549    seed 300   lam_min -0.36474  negeig 0.48228  D(0.003)=+0.2705  D(0.01)=+0.0725  D(0.03)=+0.0055  D(0.1)=+0.0025  D(0.3)=+0.0078
  tabswift    did=549    seed 400   lam_min -0.85407  negeig 0.52505  D(0.003)=-0.0581  D(0.01)=+0.0700  D(0.03)=+0.0932  D(0.1)=+0.0218  D(0.3)=+0.0070
  tabswift    did=560    seed 42    lam_min -0.16018  negeig 0.19466  D(0.003)=-0.1485  D(0.01)=-0.1434  D(0.03)=-0.1454  D(0.1)=-0.1195  D(0.3)=+0.0119
  tabswift    did=560    seed 100   lam_min -0.38209  negeig 0.38055  D(0.003)=-0.4055  D(0.01)=-0.3777  D(0.03)=-0.3198  D(0.1)=+0.0333  D(0.3)=+0.0098
  tabswift    did=560    seed 200   lam_min -0.32808  negeig 0.28009  D(0.003)=-0.2878  D(0.01)=-0.2966  D(0.03)=-0.3041  D(0.1)=-0.2153  D(0.3)=+0.0034
  tabswift    did=560    seed 300   lam_min -0.39853  negeig 0.39450  D(0.003)=-0.4174  D(0.01)=-0.4126  D(0.03)=-0.2917  D(0.1)=+0.1031  D(0.3)=+0.0471
  tabswift    did=560    seed 400   lam_min -0.31136  negeig 0.39277  D(0.003)=-0.3093  D(0.01)=-0.2840  D(0.03)=-0.1491  D(0.1)=-0.0148  D(0.3)=+0.0254
  tabswift    did=579    seed 42    lam_min -0.41935  negeig 0.24563  D(0.003)=-0.5127  D(0.01)=-0.3894  D(0.03)=-0.3571  D(0.1)=-0.0718  D(0.3)=+0.1110
  tabswift    did=579    seed 100   lam_min -0.36793  negeig 0.18628  D(0.003)=-0.3836  D(0.01)=-0.3674  D(0.03)=-0.3564  D(0.1)=-0.1008  D(0.3)=+0.1190
  tabswift    did=579    seed 200   lam_min -0.14199  negeig 0.08595  D(0.003)=-0.1184  D(0.01)=-0.1219  D(0.03)=-0.1118  D(0.1)=+0.0955  D(0.3)=+0.1485
  tabswift    did=579    seed 300   lam_min -0.46945  negeig 0.21699  D(0.003)=-0.4168  D(0.01)=-0.3898  D(0.03)=-0.3296  D(0.1)=-0.0237  D(0.3)=+0.1390
  tabswift    did=579    seed 400   lam_min -0.18393  negeig 0.11034  D(0.003)=-0.1833  D(0.01)=-0.1190  D(0.03)=-0.1109  D(0.1)=+0.0923  D(0.3)=+0.1291
  tabswift    did=581    seed 42    lam_min -0.33504  negeig 0.13655  D(0.003)=-0.3197  D(0.01)=-0.3484  D(0.03)=-0.2356  D(0.1)=+0.1028  D(0.3)=+0.3904
  tabswift    did=581    seed 100   lam_min -0.19658  negeig 0.09655  D(0.003)=-0.2624  D(0.01)=-0.1363  D(0.03)=-0.0925  D(0.1)=+0.1027  D(0.3)=+0.3678
  tabswift    did=581    seed 200   lam_min -0.69472  negeig 0.23570  D(0.003)=-0.7062  D(0.01)=-0.6401  D(0.03)=-0.0870  D(0.1)=+0.4157  D(0.3)=+0.6164
  tabswift    did=581    seed 300   lam_min -0.10320  negeig 0.04938  D(0.003)=-0.0726  D(0.01)=-0.0649  D(0.03)=-0.0781  D(0.1)=+0.1398  D(0.3)=+0.4706
  tabswift    did=581    seed 400   lam_min -1.76267  negeig 0.35655  D(0.003)=-1.7399  D(0.01)=-1.7682  D(0.03)=-1.3588  D(0.1)=-0.1710  D(0.3)=+0.3201
  tabswift    did=582    seed 42    lam_min -3.09311  negeig 0.22729  D(0.003)=-3.3400  D(0.01)=-2.7321  D(0.03)=-1.5039  D(0.1)=+0.0115  D(0.3)=+0.2978
  tabswift    did=582    seed 100   lam_min -0.25739  negeig 0.09858  D(0.003)=-0.2936  D(0.01)=-0.2347  D(0.03)=-0.1763  D(0.1)=+0.1110  D(0.3)=+0.2942
  tabswift    did=582    seed 200   lam_min -0.49978  negeig 0.17778  D(0.003)=-0.6031  D(0.01)=-0.4426  D(0.03)=-0.4106  D(0.1)=-0.1203  D(0.3)=+0.3792
  tabswift    did=582    seed 300   lam_min -1.27848  negeig 0.32157  D(0.003)=-1.1645  D(0.01)=-1.2209  D(0.03)=-0.4147  D(0.1)=+0.3754  D(0.3)=+0.5990
  tabswift    did=582    seed 400   lam_min -0.35914  negeig 0.13641  D(0.003)=-0.3213  D(0.01)=-0.3404  D(0.03)=-0.3080  D(0.1)=-0.0357  D(0.3)=+0.3882
  tabswift    did=583    seed 42    lam_min -0.25532  negeig 0.10380  D(0.003)=-0.2742  D(0.01)=-0.2757  D(0.03)=-0.2102  D(0.1)=+0.0159  D(0.3)=+0.0607
  tabswift    did=583    seed 100   lam_min -1.51023  negeig 0.26465  D(0.003)=-1.4187  D(0.01)=-1.3906  D(0.03)=-0.9357  D(0.1)=-0.0605  D(0.3)=+0.2030
  tabswift    did=583    seed 200   lam_min -1.93218  negeig 0.43216  D(0.003)=-1.9870  D(0.01)=-1.8414  D(0.03)=-1.5658  D(0.1)=-0.5124  D(0.3)=+0.1347
  tabswift    did=583    seed 300   lam_min -0.24394  negeig 0.11664  D(0.003)=-0.1372  D(0.01)=-0.1794  D(0.03)=-0.1509  D(0.1)=+0.0667  D(0.3)=+0.4263
  tabswift    did=583    seed 400   lam_min -2.27531  negeig 0.23352  D(0.003)=-2.2104  D(0.01)=-2.1540  D(0.03)=-1.1785  D(0.1)=-0.0823  D(0.3)=+0.1774

==============================================================================
4.2 summary -- sign of D(t) = u^T J u by amplitude
==============================================================================
  exactgp_wrapped    lam_min mean -0.00000  negative in 5/5 rows   D(t)<0 counts  0.003:4/5  0.01:2/5  0.03:3/5  0.1:2/5  0.3:3/5
  targeted_imitator  lam_min mean -0.08442  negative in 5/5 rows   D(t)<0 counts  0.003:5/5  0.01:5/5  0.03:5/5  0.1:5/5  0.3:5/5
  tabicl_v2          lam_min mean -0.11948  negative in 33/60 rows   D(t)<0 counts  0.003:33/60  0.01:31/60  0.03:24/60  0.1:16/60  0.3:0/60
  tabpfn_v2          lam_min mean -1.65830  negative in 60/60 rows   D(t)<0 counts  0.003:58/60  0.01:58/60  0.03:42/60  0.1:6/60  0.3:0/60
  tabswift           lam_min mean -0.47461  negative in 60/60 rows   D(t)<0 counts  0.003:49/60  0.01:46/60  0.03:47/60  0.1:32/60  0.3:13/60

Saved: /home/psquare_a6000/Desktop/conformal_ood/experiments/phase_2/results/chunk4_results.json
