
==============================================================================
MODEL tabicl_v2   4 datasets x 5 seeds x 3 schemes x 3 rates
==============================================================================
  did=229   s42    flip     r=0.05   50.3s  k=5   changed=5   lam_min -0.6146  trJ   81.82
  did=229   s42    shuffle  r=0.05   49.5s  k=5   changed=2   lam_min -0.9846  trJ   78.18
  did=229   s42    noise    r=0.05   49.3s  k=5   changed=5   lam_min -1.9191  trJ   70.12
  did=229   s42    flip     r=0.10   49.0s  k=10  changed=10  lam_min -2.2716  trJ   62.63
  did=229   s42    shuffle  r=0.10   50.5s  k=10  changed=8   lam_min -1.7887  trJ   61.49
  did=229   s42    noise    r=0.10   49.3s  k=10  changed=10  lam_min -2.0483  trJ   48.48
  did=229   s42    flip     r=0.20   49.3s  k=20  changed=20  lam_min -1.3400  trJ   69.66
  did=229   s42    shuffle  r=0.20   48.9s  k=20  changed=19  lam_min -1.8817  trJ   46.43
  did=229   s42    noise    r=0.20   48.8s  k=20  changed=20  lam_min -0.4285  trJ   40.50
  did=229   s100   flip     r=0.05   48.7s  k=5   changed=5   lam_min -1.4067  trJ   64.35
  did=229   s100   shuffle  r=0.05   49.3s  k=5   changed=5   lam_min -1.6171  trJ   73.21
  did=229   s100   noise    r=0.05   49.1s  k=5   changed=5   lam_min -0.8459  trJ   63.03
  did=229   s100   flip     r=0.10   49.0s  k=10  changed=10  lam_min -1.9664  trJ   58.33
  did=229   s100   shuffle  r=0.10   49.4s  k=10  changed=9   lam_min -0.8870  trJ   48.90
  did=229   s100   noise    r=0.10   48.6s  k=10  changed=10  lam_min -1.5762  trJ   46.72
  did=229   s100   flip     r=0.20   49.2s  k=20  changed=20  lam_min -2.6843  trJ   70.52
  did=229   s100   shuffle  r=0.20   49.4s  k=20  changed=18  lam_min -2.4959  trJ   77.15
  did=229   s100   noise    r=0.20   49.4s  k=20  changed=20  lam_min -0.8942  trJ   81.05
  did=229   s200   flip     r=0.05   48.1s  k=5   changed=5   lam_min -1.4236  trJ   57.37
  did=229   s200   shuffle  r=0.05   48.6s  k=5   changed=4   lam_min -1.7434  trJ   53.45
  did=229   s200   noise    r=0.05   49.0s  k=5   changed=5   lam_min -1.4531  trJ   57.69
  did=229   s200   flip     r=0.10   48.1s  k=10  changed=10  lam_min -0.7078  trJ   46.42
  did=229   s200   shuffle  r=0.10   48.7s  k=10  changed=9   lam_min -1.3193  trJ   55.20
  did=229   s200   noise    r=0.10   48.4s  k=10  changed=10  lam_min -1.8536  trJ   69.80
  did=229   s200   flip     r=0.20   49.1s  k=20  changed=20  lam_min -0.0605  trJ   67.70
  did=229   s200   shuffle  r=0.20   48.9s  k=20  changed=19  lam_min -0.5169  trJ   81.89
  did=229   s200   noise    r=0.20   48.8s  k=20  changed=20  lam_min -0.6396  trJ   30.42
  did=229   s300   flip     r=0.05   49.4s  k=5   changed=5   lam_min -1.2852  trJ   74.64
  did=229   s300   shuffle  r=0.05   48.8s  k=5   changed=5   lam_min -1.1699  trJ   79.89
  did=229   s300   noise    r=0.05   49.1s  k=5   changed=5   lam_min -1.3712  trJ   72.88
  did=229   s300   flip     r=0.10   48.9s  k=10  changed=10  lam_min -1.1844  trJ   71.89
  did=229   s300   shuffle  r=0.10   49.5s  k=10  changed=10  lam_min -0.7056  trJ   75.96
  did=229   s300   noise    r=0.10   48.3s  k=10  changed=10  lam_min -0.7529  trJ   71.59
  did=229   s300   flip     r=0.20   48.2s  k=20  changed=20  lam_min -1.1980  trJ   68.50
  did=229   s300   shuffle  r=0.20   48.4s  k=20  changed=18  lam_min -1.4172  trJ   67.41
  did=229   s300   noise    r=0.20   48.7s  k=20  changed=20  lam_min -0.5082  trJ   50.12
  did=229   s400   flip     r=0.05   48.8s  k=5   changed=5   lam_min -1.2760  trJ   79.06
  did=229   s400   shuffle  r=0.05   49.3s  k=5   changed=4   lam_min -1.3582  trJ   81.44
  did=229   s400   noise    r=0.05   49.2s  k=5   changed=5   lam_min -2.0025  trJ   80.73
  did=229   s400   flip     r=0.10   48.9s  k=10  changed=10  lam_min -0.9728  trJ   86.00
  did=229   s400   shuffle  r=0.10   49.1s  k=10  changed=9   lam_min -1.0261  trJ   72.59
  did=229   s400   noise    r=0.10   48.9s  k=10  changed=10  lam_min -2.1444  trJ   88.29
  did=229   s400   flip     r=0.20   48.8s  k=20  changed=20  lam_min -0.5371  trJ   88.96
  did=229   s400   shuffle  r=0.20   48.8s  k=20  changed=19  lam_min -0.9856  trJ   75.51
  did=229   s400   noise    r=0.20   48.7s  k=20  changed=20  lam_min -0.7019  trJ   48.09
  did=509   s42    flip     r=0.05   48.4s  k=5   changed=5   lam_min -0.1120  trJ   89.36
  did=509   s42    shuffle  r=0.05   48.5s  k=5   changed=2   lam_min -0.1210  trJ   92.02
  did=509   s42    noise    r=0.05   48.6s  k=5   changed=5   lam_min +0.1588  trJ   91.84
  did=509   s42    flip     r=0.10   48.5s  k=10  changed=10  lam_min +0.1067  trJ   93.24
  did=509   s42    shuffle  r=0.10   48.3s  k=10  changed=10  lam_min +0.7765  trJ   98.55
  did=509   s42    noise    r=0.10   48.2s  k=10  changed=10  lam_min +0.4654  trJ   98.13
  did=509   s42    flip     r=0.20   48.6s  k=20  changed=20  lam_min -1.0329  trJ   88.63
  did=509   s42    shuffle  r=0.20   48.6s  k=20  changed=20  lam_min +0.3108  trJ   95.85
  did=509   s42    noise    r=0.20   48.8s  k=20  changed=20  lam_min +0.4140  trJ   95.91
  did=509   s100   flip     r=0.05   48.7s  k=5   changed=5   lam_min -0.2184  trJ   72.11
  did=509   s100   shuffle  r=0.05   48.6s  k=5   changed=5   lam_min -0.7599  trJ   68.11
  did=509   s100   noise    r=0.05   48.2s  k=5   changed=5   lam_min -0.2033  trJ   87.64
  did=509   s100   flip     r=0.10   48.1s  k=10  changed=10  lam_min +0.6385  trJ   97.39
  did=509   s100   shuffle  r=0.10   48.0s  k=10  changed=9   lam_min -0.0129  trJ   94.81
  did=509   s100   noise    r=0.10   48.6s  k=10  changed=10  lam_min -0.2272  trJ   90.97
  did=509   s100   flip     r=0.20   48.8s  k=20  changed=20  lam_min -0.3933  trJ   77.73
  did=509   s100   shuffle  r=0.20   48.5s  k=20  changed=18  lam_min -0.9351  trJ   68.79
  did=509   s100   noise    r=0.20   48.3s  k=20  changed=20  lam_min -0.1955  trJ   94.15
  did=509   s200   flip     r=0.05   48.9s  k=5   changed=5   lam_min -0.4237  trJ   82.59
  did=509   s200   shuffle  r=0.05   48.7s  k=5   changed=3   lam_min -1.0448  trJ   77.80
  did=509   s200   noise    r=0.05   49.3s  k=5   changed=5   lam_min -1.3200  trJ   79.45
  did=509   s200   flip     r=0.10   49.3s  k=10  changed=10  lam_min -0.6108  trJ   84.44
  did=509   s200   shuffle  r=0.10   49.4s  k=10  changed=8   lam_min -0.4865  trJ   87.07
  did=509   s200   noise    r=0.10   49.1s  k=10  changed=10  lam_min -0.6991  trJ   87.41
  did=509   s200   flip     r=0.20   48.4s  k=20  changed=20  lam_min +0.0743  trJ   90.21
  did=509   s200   shuffle  r=0.20   48.6s  k=20  changed=19  lam_min -0.2755  trJ   85.95
  did=509   s200   noise    r=0.20   49.0s  k=20  changed=20  lam_min +0.7055  trJ   97.84
  did=509   s300   flip     r=0.05   48.8s  k=5   changed=5   lam_min -0.0836  trJ   92.80
  did=509   s300   shuffle  r=0.05   48.4s  k=5   changed=4   lam_min -0.3249  trJ   89.77
  did=509   s300   noise    r=0.05   48.5s  k=5   changed=5   lam_min -0.0097  trJ   92.12
  did=509   s300   flip     r=0.10   48.7s  k=10  changed=10  lam_min -1.0571  trJ   85.25
  did=509   s300   shuffle  r=0.10   48.6s  k=10  changed=8   lam_min -0.7321  trJ   72.18
  did=509   s300   noise    r=0.10   49.0s  k=10  changed=10  lam_min -0.6317  trJ   79.05
  did=509   s300   flip     r=0.20   48.5s  k=20  changed=20  lam_min -0.6730  trJ   81.92
  did=509   s300   shuffle  r=0.20   48.8s  k=20  changed=19  lam_min -0.3438  trJ   89.01
  did=509   s300   noise    r=0.20   48.3s  k=20  changed=20  lam_min -0.5637  trJ   46.56
  did=509   s400   flip     r=0.05   47.9s  k=5   changed=5   lam_min -0.1753  trJ   90.69
  did=509   s400   shuffle  r=0.05   48.3s  k=5   changed=4   lam_min -0.4149  trJ   88.97
  did=509   s400   noise    r=0.05   48.7s  k=5   changed=5   lam_min -0.6213  trJ   83.25
  did=509   s400   flip     r=0.10   48.6s  k=10  changed=10  lam_min -0.5893  trJ   76.80
  did=509   s400   shuffle  r=0.10   48.3s  k=10  changed=8   lam_min +0.2864  trJ   94.67
  did=509   s400   noise    r=0.10   48.3s  k=10  changed=10  lam_min -1.4379  trJ   73.12
  did=509   s400   flip     r=0.20   48.8s  k=20  changed=20  lam_min +0.6608  trJ   98.84
  did=509   s400   shuffle  r=0.20   48.2s  k=20  changed=20  lam_min +0.4972  trJ   97.08
  did=509   s400   noise    r=0.20   49.2s  k=20  changed=20  lam_min +0.6178  trJ   97.57
  did=522   s42    flip     r=0.05   48.0s  k=5   changed=5   lam_min +0.4511  trJ   96.54
  did=522   s42    shuffle  r=0.05   48.4s  k=5   changed=2   lam_min +0.4275  trJ   98.27
  did=522   s42    noise    r=0.05   49.1s  k=5   changed=5   lam_min +0.6762  trJ   97.99
  did=522   s42    flip     r=0.10   50.0s  k=10  changed=10  lam_min +0.7433  trJ   96.64
  did=522   s42    shuffle  r=0.10   50.3s  k=10  changed=10  lam_min +0.7873  trJ   97.81
  did=522   s42    noise    r=0.10   50.5s  k=10  changed=10  lam_min +0.6398  trJ   97.26
  did=522   s42    flip     r=0.20   49.6s  k=20  changed=20  lam_min -1.1575  trJ   87.84
  did=522   s42    shuffle  r=0.20   48.2s  k=20  changed=17  lam_min -0.8360  trJ   85.07
  did=522   s42    noise    r=0.20   48.2s  k=20  changed=20  lam_min -1.9508  trJ   79.35
  did=522   s100   flip     r=0.05   48.8s  k=5   changed=5   lam_min +0.5083  trJ   96.49
  did=522   s100   shuffle  r=0.05   48.3s  k=5   changed=5   lam_min +0.3838  trJ   96.34
  did=522   s100   noise    r=0.05   48.8s  k=5   changed=5   lam_min -0.4520  trJ   87.18
  did=522   s100   flip     r=0.10   48.3s  k=10  changed=10  lam_min +0.5947  trJ   98.60
  did=522   s100   shuffle  r=0.10   48.4s  k=10  changed=9   lam_min +0.2807  trJ   94.04
  did=522   s100   noise    r=0.10   48.4s  k=10  changed=10  lam_min -0.5582  trJ   79.73
  did=522   s100   flip     r=0.20   48.5s  k=20  changed=20  lam_min +0.0593  trJ   88.32
  did=522   s100   shuffle  r=0.20   48.5s  k=20  changed=19  lam_min +0.2218  trJ   94.11
  did=522   s100   noise    r=0.20   48.3s  k=20  changed=20  lam_min -0.7720  trJ   91.24
  did=522   s200   flip     r=0.05   48.4s  k=5   changed=5   lam_min -0.2845  trJ   94.52
  did=522   s200   shuffle  r=0.05   48.4s  k=5   changed=4   lam_min -1.0789  trJ   87.46
  did=522   s200   noise    r=0.05   48.3s  k=5   changed=5   lam_min -0.0048  trJ   91.13
  did=522   s200   flip     r=0.10   48.1s  k=10  changed=10  lam_min -0.1660  trJ   72.89
  did=522   s200   shuffle  r=0.10   48.4s  k=10  changed=10  lam_min +0.0345  trJ   91.75
  did=522   s200   noise    r=0.10   48.5s  k=10  changed=10  lam_min -1.3801  trJ   78.92
  did=522   s200   flip     r=0.20   48.5s  k=20  changed=20  lam_min -1.6808  trJ   79.63
  did=522   s200   shuffle  r=0.20   48.8s  k=20  changed=19  lam_min +0.7927  trJ   99.05
  did=522   s200   noise    r=0.20   48.7s  k=20  changed=20  lam_min -0.6709  trJ   91.11
  did=522   s300   flip     r=0.05   48.6s  k=5   changed=5   lam_min -0.1624  trJ   87.70
  did=522   s300   shuffle  r=0.05   48.6s  k=5   changed=5   lam_min +0.0175  trJ   94.45
  did=522   s300   noise    r=0.05   49.1s  k=5   changed=5   lam_min +0.2922  trJ   95.83
  did=522   s300   flip     r=0.10   49.0s  k=10  changed=10  lam_min -0.3063  trJ   87.81
  did=522   s300   shuffle  r=0.10   49.1s  k=10  changed=10  lam_min -0.2584  trJ   88.47
  did=522   s300   noise    r=0.10   48.3s  k=10  changed=10  lam_min +0.5727  trJ   97.35
  did=522   s300   flip     r=0.20   48.3s  k=20  changed=20  lam_min -0.0881  trJ   89.48
  did=522   s300   shuffle  r=0.20   48.1s  k=20  changed=17  lam_min -0.6147  trJ   89.38
  did=522   s300   noise    r=0.20   48.8s  k=20  changed=20  lam_min +0.5107  trJ   96.93
  did=522   s400   flip     r=0.05   48.2s  k=5   changed=5   lam_min +0.5642  trJ   97.31
  did=522   s400   shuffle  r=0.05   49.0s  k=5   changed=4   lam_min +0.5590  trJ   97.78
  did=522   s400   noise    r=0.05   48.5s  k=5   changed=5   lam_min +0.3496  trJ   94.84
  did=522   s400   flip     r=0.10   48.5s  k=10  changed=10  lam_min +0.1293  trJ   87.76
  did=522   s400   shuffle  r=0.10   48.0s  k=10  changed=10  lam_min +0.4276  trJ   96.52
  did=522   s400   noise    r=0.10   48.9s  k=10  changed=10  lam_min +0.0758  trJ   96.14
  did=522   s400   flip     r=0.20   49.1s  k=20  changed=20  lam_min +0.8315  trJ   99.60
  did=522   s400   shuffle  r=0.20   48.2s  k=20  changed=17  lam_min -0.0937  trJ   89.75
  did=522   s400   noise    r=0.20   48.6s  k=20  changed=20  lam_min +0.4639  trJ   98.45
  did=581   s42    flip     r=0.05   48.8s  k=5   changed=5   lam_min +0.9242  trJ  100.32
  did=581   s42    shuffle  r=0.05   49.1s  k=5   changed=4   lam_min +0.9303  trJ  100.61
  did=581   s42    noise    r=0.05   49.0s  k=5   changed=5   lam_min +0.5897  trJ   98.78
  did=581   s42    flip     r=0.10   49.1s  k=10  changed=10  lam_min +0.7010  trJ   99.72
  did=581   s42    shuffle  r=0.10   49.4s  k=10  changed=10  lam_min +0.8078  trJ  100.18
  did=581   s42    noise    r=0.10   48.8s  k=10  changed=10  lam_min +0.6024  trJ  100.16
  did=581   s42    flip     r=0.20   48.4s  k=20  changed=20  lam_min +0.9134  trJ   99.87
  did=581   s42    shuffle  r=0.20   48.5s  k=20  changed=19  lam_min +0.9200  trJ  100.14
  did=581   s42    noise    r=0.20   48.4s  k=20  changed=20  lam_min +0.9063  trJ   99.96
  did=581   s100   flip     r=0.05   48.6s  k=5   changed=5   lam_min +0.8749  trJ  100.14
  did=581   s100   shuffle  r=0.05   48.6s  k=5   changed=3   lam_min +0.8547  trJ  100.29
  did=581   s100   noise    r=0.05   48.4s  k=5   changed=5   lam_min +0.5865  trJ  100.10
  did=581   s100   flip     r=0.10   48.7s  k=10  changed=10  lam_min +0.9029  trJ  100.02
  did=581   s100   shuffle  r=0.10   48.8s  k=10  changed=9   lam_min +0.7765  trJ  100.16
  did=581   s100   noise    r=0.10   48.2s  k=10  changed=10  lam_min -1.8157  trJ   97.55
  did=581   s100   flip     r=0.20   47.9s  k=20  changed=20  lam_min +0.8691  trJ   99.42
  did=581   s100   shuffle  r=0.20   48.2s  k=20  changed=20  lam_min +0.6656  trJ   97.80
  did=581   s100   noise    r=0.20   48.5s  k=20  changed=20  lam_min +0.5762  trJ  100.98
  did=581   s200   flip     r=0.05   48.6s  k=5   changed=5   lam_min +0.2364  trJ   98.61
  did=581   s200   shuffle  r=0.05   48.7s  k=5   changed=4   lam_min -0.4040  trJ   94.82
  did=581   s200   noise    r=0.05   48.3s  k=5   changed=5   lam_min +0.2304  trJ  100.71
  did=581   s200   flip     r=0.10   48.8s  k=10  changed=10  lam_min +0.9012  trJ  100.01
  did=581   s200   shuffle  r=0.10   48.7s  k=10  changed=8   lam_min -0.3293  trJ  100.28
  did=581   s200   noise    r=0.10   48.6s  k=10  changed=10  lam_min +0.5508  trJ   99.73
  did=581   s200   flip     r=0.20   48.4s  k=20  changed=20  lam_min +0.7975  trJ   99.22
  did=581   s200   shuffle  r=0.20   48.4s  k=20  changed=20  lam_min +0.5682  trJ   99.16
  did=581   s200   noise    r=0.20   48.5s  k=20  changed=20  lam_min +0.6529  trJ   99.40
  did=581   s300   flip     r=0.05   48.7s  k=5   changed=5   lam_min +0.8130  trJ  100.34
  did=581   s300   shuffle  r=0.05   48.5s  k=5   changed=5   lam_min +0.8913  trJ  102.09
  did=581   s300   noise    r=0.05   48.7s  k=5   changed=5   lam_min +0.4451  trJ  101.28
  did=581   s300   flip     r=0.10   48.2s  k=10  changed=10  lam_min +0.9127  trJ  100.15
  did=581   s300   shuffle  r=0.10   48.4s  k=10  changed=10  lam_min +0.8499  trJ   99.83
  did=581   s300   noise    r=0.10   48.8s  k=10  changed=10  lam_min -0.4346  trJ   95.31
  did=581   s300   flip     r=0.20   48.6s  k=20  changed=20  lam_min +0.8811  trJ   99.73
  did=581   s300   shuffle  r=0.20   48.2s  k=20  changed=20  lam_min +0.8376  trJ   99.61
  did=581   s300   noise    r=0.20   48.1s  k=20  changed=20  lam_min +0.1001  trJ   97.22
  did=581   s400   flip     r=0.05   48.0s  k=5   changed=5   lam_min +0.4903  trJ   98.77
  did=581   s400   shuffle  r=0.05   48.2s  k=5   changed=5   lam_min +0.6652  trJ   98.14
  did=581   s400   noise    r=0.05   48.0s  k=5   changed=5   lam_min +0.3504  trJ   99.55
  did=581   s400   flip     r=0.10   48.2s  k=10  changed=10  lam_min +0.4895  trJ   97.90
  did=581   s400   shuffle  r=0.10   48.1s  k=10  changed=7   lam_min -0.0231  trJ   98.01
  did=581   s400   noise    r=0.10   48.4s  k=10  changed=10  lam_min +0.3378  trJ   99.38
  did=581   s400   flip     r=0.20   49.8s  k=20  changed=20  lam_min +0.8527  trJ   99.45
  did=581   s400   shuffle  r=0.20   51.0s  k=20  changed=19  lam_min +0.7474  trJ   99.07
  did=581   s400   noise    r=0.20   50.8s  k=20  changed=20  lam_min +0.2207  trJ   98.03

Done.
