  ackley5      seed 0  tabpfn_native      final regret       14.995     6.4s
  ackley5      seed 0  tabpfn_conformal   final regret       17.471     8.3s
  ackley5      seed 0  tabpfn_jacobian    final regret       15.561   525.9s
  ackley5      seed 0  gp                 final regret       16.934     1.8s
  ackley5      seed 0  random             final regret       18.523     0.0s
  ackley5      seed 1  tabpfn_native      final regret       19.591     8.4s
  ackley5      seed 1  tabpfn_conformal   final regret       19.735    10.9s
  ackley5      seed 1  tabpfn_jacobian    final regret       20.218   542.2s
  ackley5      seed 1  gp                 final regret       15.473     1.5s
  ackley5      seed 1  random             final regret       19.522     0.0s
  ackley5      seed 2  tabpfn_native      final regret       19.151     5.6s
  ackley5      seed 2  tabpfn_conformal   final regret       17.343     8.4s
  ackley5      seed 2  tabpfn_jacobian    final regret       15.601   518.7s
  ackley5      seed 2  gp                 final regret       19.313     1.3s
  ackley5      seed 2  random             final regret       19.485     0.0s
  ackley5      seed 3  tabpfn_native      final regret       16.934     5.9s
  ackley5      seed 3  tabpfn_conformal   final regret       14.952     8.3s
  ackley5      seed 3  tabpfn_jacobian    final regret       16.934   517.8s
  ackley5      seed 3  gp                 final regret       16.934     1.3s
  ackley5      seed 3  random             final regret       16.934     0.0s
  ackley5      seed 4  tabpfn_native      final regret       14.708     5.7s
  ackley5      seed 4  tabpfn_conformal   final regret       11.198     8.2s
  ackley5      seed 4  tabpfn_jacobian    final regret        14.78   507.6s
  ackley5      seed 4  gp                 final regret       17.329     1.4s
  ackley5      seed 4  random             final regret       17.329     0.0s
  rosenbrock5  seed 0  tabpfn_native      final regret       1025.5     5.5s
  rosenbrock5  seed 0  tabpfn_conformal   final regret       845.03     8.0s
  rosenbrock5  seed 0  tabpfn_jacobian    final regret       4601.4   515.3s
  rosenbrock5  seed 0  gp                 final regret       2383.7     2.5s
  rosenbrock5  seed 0  random             final regret       2442.9     0.0s
  rosenbrock5  seed 1  tabpfn_native      final regret        25420     5.7s
  rosenbrock5  seed 1  tabpfn_conformal   final regret       4680.4     8.1s
  rosenbrock5  seed 1  tabpfn_jacobian    final regret        49091   503.8s
  rosenbrock5  seed 1  gp                 final regret       2521.8     3.1s
  rosenbrock5  seed 1  random             final regret         4863     0.0s
  rosenbrock5  seed 2  tabpfn_native      final regret         6459     5.6s
  rosenbrock5  seed 2  tabpfn_conformal   final regret       1140.8     8.1s
  rosenbrock5  seed 2  tabpfn_jacobian    final regret         6459   501.3s
  rosenbrock5  seed 2  gp                 final regret       4750.4     3.0s
  rosenbrock5  seed 2  random             final regret         6459     0.0s
  rosenbrock5  seed 3  tabpfn_native      final regret         5269     5.6s
  rosenbrock5  seed 3  tabpfn_conformal   final regret       1434.3     8.0s
  rosenbrock5  seed 3  tabpfn_jacobian    final regret         5269   502.5s
  rosenbrock5  seed 3  gp                 final regret       2027.3     2.4s
  rosenbrock5  seed 3  random             final regret         5269     0.0s
  rosenbrock5  seed 4  tabpfn_native      final regret       1415.6     5.6s
  rosenbrock5  seed 4  tabpfn_conformal   final regret       570.74     7.9s
  rosenbrock5  seed 4  tabpfn_jacobian    final regret       2110.4   500.0s
  rosenbrock5  seed 4  gp                 final regret       1415.6     2.8s
  rosenbrock5  seed 4  random             final regret       2110.4     0.0s

Done.
