
==============================================================================
MODEL tabpfn_v2   K=64 draws per probe
==============================================================================
  did=223    seed 42      37.5s  probes=  2 (neg 0)  Jstar range [+0.295, +0.769]
  did=223    seed 100     47.0s  probes=  2 (neg 0)  Jstar range [+0.456, +0.917]
  did=223    seed 200     49.2s  probes=  2 (neg 0)  Jstar range [+0.353, +0.901]
  did=223    seed 300     49.9s  probes=  2 (neg 0)  Jstar range [+0.373, +1.008]
  did=223    seed 400     38.1s  probes=  2 (neg 0)  Jstar range [+0.414, +0.887]
  did=229    seed 42      37.6s  probes=  2 (neg 0)  Jstar range [+0.123, +0.721]
  did=229    seed 100     37.8s  probes=  2 (neg 0)  Jstar range [+0.146, +1.006]
  did=229    seed 200     47.5s  probes=  2 (neg 0)  Jstar range [+0.165, +0.529]
  did=229    seed 300     49.0s  probes=  2 (neg 0)  Jstar range [+0.142, +0.729]
  did=229    seed 400     37.9s  probes=  2 (neg 0)  Jstar range [+0.001, +0.744]
  did=509    seed 42      36.3s  probes=  2 (neg 0)  Jstar range [+0.053, +0.356]
  did=509    seed 100     36.3s  probes=  2 (neg 0)  Jstar range [+0.015, +0.226]
  did=509    seed 200     72.3s  probes=  4 (neg 1)  Jstar range [-0.012, +0.485]
  did=509    seed 300     35.7s  probes=  2 (neg 0)  Jstar range [+0.006, +0.498]
  did=509    seed 400     76.3s  probes=  4 (neg 1)  Jstar range [-0.025, +0.435]
  did=522    seed 42      46.0s  probes=  2 (neg 0)  Jstar range [+0.060, +0.717]
  did=522    seed 100     86.5s  probes=  4 (neg 1)  Jstar range [-0.039, +0.539]
  did=522    seed 200     36.6s  probes=  2 (neg 0)  Jstar range [+0.068, +0.608]
  did=522    seed 300     36.3s  probes=  2 (neg 0)  Jstar range [+0.129, +0.695]
  did=522    seed 400    142.5s  probes=  8 (neg 3)  Jstar range [-0.144, +0.940]
  did=540    seed 42     577.9s  probes= 32 (neg 15)  Jstar range [-0.066, +0.827]
  did=540    seed 100    689.6s  probes= 38 (neg 18)  Jstar range [-0.326, +0.431]
  did=540    seed 200    254.0s  probes= 14 (neg 6)  Jstar range [-0.030, +0.994]
  did=540    seed 300    362.3s  probes= 20 (neg 9)  Jstar range [-0.456, +0.368]
  did=540    seed 400     72.6s  probes=  4 (neg 1)  Jstar range [-0.021, +0.728]
  did=547    seed 42      36.5s  probes=  2 (neg 0)  Jstar range [+0.074, +0.472]
  did=547    seed 100     36.1s  probes=  2 (neg 0)  Jstar range [+0.072, +0.619]
  did=547    seed 200     36.1s  probes=  2 (neg 0)  Jstar range [+0.062, +0.687]
  did=547    seed 300     72.3s  probes=  4 (neg 1)  Jstar range [-0.247, +0.636]
  did=547    seed 400     35.9s  probes=  2 (neg 0)  Jstar range [+0.064, +0.638]
  did=549    seed 42      35.7s  probes=  2 (neg 0)  Jstar range [+0.020, +1.160]
  did=549    seed 100     35.6s  probes=  2 (neg 0)  Jstar range [+0.158, +1.111]
  did=549    seed 200     35.6s  probes=  2 (neg 0)  Jstar range [+0.057, +0.854]
  did=549    seed 300     36.0s  probes=  2 (neg 0)  Jstar range [+0.068, +0.904]
  did=549    seed 400     36.2s  probes=  2 (neg 0)  Jstar range [+0.026, +1.029]
  did=560    seed 42      36.8s  probes=  2 (neg 0)  Jstar range [+0.032, +0.880]
  did=560    seed 100     37.0s  probes=  2 (neg 0)  Jstar range [+0.053, +1.019]
  did=560    seed 200     37.4s  probes=  2 (neg 0)  Jstar range [+0.066, +0.840]
  did=560    seed 300     37.5s  probes=  2 (neg 0)  Jstar range [+0.011, +0.978]
  did=560    seed 400     76.9s  probes=  4 (neg 1)  Jstar range [-0.052, +0.893]
  did=579    seed 42      35.8s  probes=  2 (neg 0)  Jstar range [+0.236, +0.952]
  did=579    seed 100     36.0s  probes=  2 (neg 0)  Jstar range [+0.334, +0.849]
  did=579    seed 200     36.1s  probes=  2 (neg 0)  Jstar range [+0.432, +1.035]
  did=579    seed 300     35.8s  probes=  2 (neg 0)  Jstar range [+0.386, +0.978]
  did=579    seed 400     36.4s  probes=  2 (neg 0)  Jstar range [+0.270, +0.767]
  did=581    seed 42      37.3s  probes=  2 (neg 0)  Jstar range [+0.524, +1.112]
  did=581    seed 100     37.1s  probes=  2 (neg 0)  Jstar range [+0.400, +1.071]
  did=581    seed 200     37.2s  probes=  2 (neg 0)  Jstar range [+0.358, +0.979]
  did=581    seed 300     37.5s  probes=  2 (neg 0)  Jstar range [+0.306, +1.329]
  did=581    seed 400     37.4s  probes=  2 (neg 0)  Jstar range [+0.259, +1.203]
  did=582    seed 42      37.5s  probes=  2 (neg 0)  Jstar range [+0.492, +1.051]
  did=582    seed 100     37.3s  probes=  2 (neg 0)  Jstar range [+0.504, +0.960]
  did=582    seed 200     37.3s  probes=  2 (neg 0)  Jstar range [+0.446, +1.109]
  did=582    seed 300     37.5s  probes=  2 (neg 0)  Jstar range [+0.437, +1.127]
  did=582    seed 400     37.6s  probes=  2 (neg 0)  Jstar range [+0.407, +0.955]
  did=583    seed 42      38.1s  probes=  2 (neg 0)  Jstar range [+0.457, +1.174]
  did=583    seed 100     38.3s  probes=  2 (neg 0)  Jstar range [+0.549, +1.085]
  did=583    seed 200     38.3s  probes=  2 (neg 0)  Jstar range [+0.543, +1.120]
  did=583    seed 300     38.5s  probes=  2 (neg 0)  Jstar range [+0.492, +0.950]
  did=583    seed 400     38.5s  probes=  2 (neg 0)  Jstar range [+0.301, +1.236]

==============================================================================
MODEL tabswift   K=64 draws per probe
==============================================================================
  did=223    seed 42      34.1s  probes=  4 (neg 1)  Jstar range [-0.496, +1.078]
  did=223    seed 100     83.7s  probes= 10 (neg 4)  Jstar range [-0.408, +1.074]
  did=223    seed 200     82.7s  probes= 10 (neg 4)  Jstar range [-0.740, +1.095]
  did=223    seed 300    134.0s  probes= 16 (neg 7)  Jstar range [-0.602, +1.203]
  did=223    seed 400     33.5s  probes=  4 (neg 1)  Jstar range [-0.047, +1.162]
  did=229    seed 42      16.8s  probes=  2 (neg 0)  Jstar range [+0.284, +0.549]
  did=229    seed 100     16.8s  probes=  2 (neg 0)  Jstar range [+0.343, +0.580]
  did=229    seed 200     16.8s  probes=  2 (neg 0)  Jstar range [+0.294, +0.663]
  did=229    seed 300     17.0s  probes=  2 (neg 0)  Jstar range [+0.335, +1.266]
  did=229    seed 400     16.9s  probes=  2 (neg 0)  Jstar range [+0.301, +1.608]
  did=509    seed 42     431.3s  probes= 52 (neg 25)  Jstar range [-0.144, +0.043]
  did=509    seed 100    264.5s  probes= 32 (neg 15)  Jstar range [-0.123, +0.042]
  did=509    seed 200    301.0s  probes= 36 (neg 17)  Jstar range [-0.123, +0.048]
  did=509    seed 300    286.5s  probes= 34 (neg 16)  Jstar range [-0.163, +0.062]
  did=509    seed 400    184.3s  probes= 22 (neg 10)  Jstar range [-0.139, +0.047]
  did=522    seed 42      16.8s  probes=  2 (neg 0)  Jstar range [+0.184, +0.501]
  did=522    seed 100     16.8s  probes=  2 (neg 0)  Jstar range [+0.163, +0.471]
  did=522    seed 200     16.8s  probes=  2 (neg 0)  Jstar range [+0.188, +0.565]
  did=522    seed 300     16.9s  probes=  2 (neg 0)  Jstar range [+0.290, +0.734]
  did=522    seed 400     16.8s  probes=  2 (neg 0)  Jstar range [+0.191, +0.539]
  did=540    seed 42      16.9s  probes=  2 (neg 0)  Jstar range [+0.135, +0.815]
  did=540    seed 100     16.8s  probes=  2 (neg 0)  Jstar range [+0.092, +0.735]
  did=540    seed 200     16.8s  probes=  2 (neg 0)  Jstar range [+0.028, +0.836]
  did=540    seed 300     16.8s  probes=  2 (neg 0)  Jstar range [+0.178, +0.732]
  did=540    seed 400     17.1s  probes=  2 (neg 0)  Jstar range [+0.074, +0.613]
  did=547    seed 42      16.9s  probes=  2 (neg 0)  Jstar range [+0.152, +0.703]
  did=547    seed 100     16.9s  probes=  2 (neg 0)  Jstar range [+0.217, +0.704]
  did=547    seed 200     16.9s  probes=  2 (neg 0)  Jstar range [+0.233, +0.516]
  did=547    seed 300     16.9s  probes=  2 (neg 0)  Jstar range [+0.219, +0.657]
  did=547    seed 400     16.9s  probes=  2 (neg 0)  Jstar range [+0.163, +0.633]
  did=549    seed 42     570.3s  probes= 68 (neg 33)  Jstar range [-0.052, +0.046]
  did=549    seed 100     50.6s  probes=  6 (neg 2)  Jstar range [-0.016, +0.226]
  did=549    seed 200     34.0s  probes=  4 (neg 1)  Jstar range [-0.037, +0.259]
  did=549    seed 300    320.2s  probes= 38 (neg 18)  Jstar range [-0.048, +0.155]
  did=549    seed 400     68.6s  probes=  8 (neg 3)  Jstar range [-0.036, +0.219]
  did=560    seed 42      17.2s  probes=  2 (neg 0)  Jstar range [+0.158, +0.655]
  did=560    seed 100     17.1s  probes=  2 (neg 0)  Jstar range [+0.114, +0.644]
  did=560    seed 200     17.1s  probes=  2 (neg 0)  Jstar range [+0.172, +0.680]
  did=560    seed 300     17.1s  probes=  2 (neg 0)  Jstar range [+0.138, +0.690]
  did=560    seed 400     17.2s  probes=  2 (neg 0)  Jstar range [+0.036, +0.549]
  did=579    seed 42      17.0s  probes=  2 (neg 0)  Jstar range [+0.372, +0.949]
  did=579    seed 100     16.8s  probes=  2 (neg 0)  Jstar range [+0.486, +1.397]
  did=579    seed 200     16.8s  probes=  2 (neg 0)  Jstar range [+0.525, +1.139]
  did=579    seed 300     16.9s  probes=  2 (neg 0)  Jstar range [+0.685, +1.052]
  did=579    seed 400     16.9s  probes=  2 (neg 0)  Jstar range [+0.592, +0.912]
  did=581    seed 42      17.0s  probes=  2 (neg 0)  Jstar range [+0.257, +0.980]
  did=581    seed 100     16.9s  probes=  2 (neg 0)  Jstar range [+0.339, +0.997]
  did=581    seed 200     16.9s  probes=  2 (neg 0)  Jstar range [+0.052, +0.998]
  did=581    seed 300     17.0s  probes=  2 (neg 0)  Jstar range [+0.435, +1.145]
  did=581    seed 400     17.0s  probes=  2 (neg 0)  Jstar range [+0.280, +1.389]
  did=582    seed 42      17.1s  probes=  2 (neg 0)  Jstar range [+0.210, +1.261]
  did=582    seed 100     16.9s  probes=  2 (neg 0)  Jstar range [+0.304, +1.301]
  did=582    seed 200     17.0s  probes=  2 (neg 0)  Jstar range [+0.066, +1.017]
  did=582    seed 300     17.1s  probes=  2 (neg 0)  Jstar range [+0.258, +0.936]
  did=582    seed 400     17.0s  probes=  2 (neg 0)  Jstar range [+0.202, +1.013]
  did=583    seed 42      16.9s  probes=  2 (neg 0)  Jstar range [+0.215, +0.700]
  did=583    seed 100     17.1s  probes=  2 (neg 0)  Jstar range [+0.194, +1.436]
  did=583    seed 200     17.0s  probes=  2 (neg 0)  Jstar range [+0.027, +1.044]
  did=583    seed 300     17.1s  probes=  2 (neg 0)  Jstar range [+0.486, +0.732]
  did=583    seed 400     17.0s  probes=  2 (neg 0)  Jstar range [+0.300, +1.035]

Done.
