  branin2      seed 0  tabpfn_native      final regret      0.64177     6.3s
  branin2      seed 0  tabpfn_conformal   final regret    0.0014055     8.0s
  branin2      seed 0  tabpfn_jacobian    final regret      0.89448   522.3s
  branin2      seed 0  gp                 final regret    0.0014055     3.1s
  branin2      seed 0  random             final regret       1.8297     0.0s
  branin2      seed 1  tabpfn_native      final regret       1.4189     5.9s
  branin2      seed 1  tabpfn_conformal   final regret      0.55144     8.4s
  branin2      seed 1  tabpfn_jacobian    final regret      0.41998   536.0s
  branin2      seed 1  gp                 final regret     0.083584     3.0s
  branin2      seed 1  random             final regret       1.6023     0.0s
  branin2      seed 2  tabpfn_native      final regret      0.96389     5.9s
  branin2      seed 2  tabpfn_conformal   final regret     0.051155     8.6s
  branin2      seed 2  tabpfn_jacobian    final regret       1.8764   534.0s
  branin2      seed 2  gp                 final regret      0.11042     3.0s
  branin2      seed 2  random             final regret     0.028075     0.0s
  branin2      seed 3  tabpfn_native      final regret      0.87601     5.9s
  branin2      seed 3  tabpfn_conformal   final regret      0.15971     8.4s
  branin2      seed 3  tabpfn_jacobian    final regret      0.68121   535.0s
  branin2      seed 3  gp                 final regret      0.26552     2.5s
  branin2      seed 3  random             final regret       4.3525     0.0s
  branin2      seed 4  tabpfn_native      final regret       1.2161     6.0s
  branin2      seed 4  tabpfn_conformal   final regret    0.0071727     8.6s
  branin2      seed 4  tabpfn_jacobian    final regret       0.3982   539.2s
  branin2      seed 4  gp                 final regret      0.10662     2.5s
  branin2      seed 4  random             final regret      0.63875     0.0s
  hartmann3    seed 0  tabpfn_native      final regret     0.069286     6.0s
  hartmann3    seed 0  tabpfn_conformal   final regret      0.09591     8.7s
  hartmann3    seed 0  tabpfn_jacobian    final regret      0.27497   539.0s
  hartmann3    seed 0  gp                 final regret     0.099529     3.3s
  hartmann3    seed 0  random             final regret      0.88039     0.0s
  hartmann3    seed 1  tabpfn_native      final regret      0.08134     6.0s
  hartmann3    seed 1  tabpfn_conformal   final regret      0.08134     8.7s
  hartmann3    seed 1  tabpfn_jacobian    final regret      0.11227   538.5s
  hartmann3    seed 1  gp                 final regret      0.12301     2.1s
  hartmann3    seed 1  random             final regret          1.1     0.0s
  hartmann3    seed 2  tabpfn_native      final regret     0.046453     5.9s
  hartmann3    seed 2  tabpfn_conformal   final regret     0.018522     8.5s
  hartmann3    seed 2  tabpfn_jacobian    final regret      0.42116   537.5s
  hartmann3    seed 2  gp                 final regret       0.1237     2.0s
  hartmann3    seed 2  random             final regret      0.28321     0.0s
  hartmann3    seed 3  tabpfn_native      final regret      0.04849     5.8s
  hartmann3    seed 3  tabpfn_conformal   final regret      0.04849     8.4s
  hartmann3    seed 3  tabpfn_jacobian    final regret      0.75129   537.4s
  hartmann3    seed 3  gp                 final regret     0.091893     2.9s
  hartmann3    seed 3  random             final regret      0.22711     0.0s
  hartmann3    seed 4  tabpfn_native      final regret     0.028575     6.0s
  hartmann3    seed 4  tabpfn_conformal   final regret     0.028575     8.7s
  hartmann3    seed 4  tabpfn_jacobian    final regret     0.098296   539.9s
  hartmann3    seed 4  gp                 final regret     0.028575     2.2s
  hartmann3    seed 4  random             final regret       0.2962     0.0s
  hartmann6    seed 0  tabpfn_native      final regret      0.74208     6.0s
  hartmann6    seed 0  tabpfn_conformal   final regret      0.74208     8.7s
  hartmann6    seed 0  tabpfn_jacobian    final regret       1.9737   542.2s
  hartmann6    seed 0  gp                 final regret      0.74208     2.3s
  hartmann6    seed 0  random             final regret       2.0371     0.0s
  hartmann6    seed 1  tabpfn_native      final regret      0.99536     5.9s
  hartmann6    seed 1  tabpfn_conformal   final regret         1.41     8.8s
  hartmann6    seed 1  tabpfn_jacobian    final regret        1.498   554.3s
  hartmann6    seed 1  gp                 final regret      0.94475     1.8s
  hartmann6    seed 1  random             final regret       1.8512     0.0s
  hartmann6    seed 2  tabpfn_native      final regret       1.9703     5.7s
  hartmann6    seed 2  tabpfn_conformal   final regret       1.9703     8.1s
  hartmann6    seed 2  tabpfn_jacobian    final regret      0.93237   514.0s
  hartmann6    seed 2  gp                 final regret       0.7935     2.8s
  hartmann6    seed 2  random             final regret       2.3486     0.0s
  hartmann6    seed 3  tabpfn_native      final regret       1.9808     5.7s
  hartmann6    seed 3  tabpfn_conformal   final regret       1.3176     8.7s
  hartmann6    seed 3  tabpfn_jacobian    final regret      0.54503   509.7s
  hartmann6    seed 3  gp                 final regret       2.0817     1.4s
  hartmann6    seed 3  random             final regret       1.7541     0.0s
  hartmann6    seed 4  tabpfn_native      final regret       1.0191     5.8s
  hartmann6    seed 4  tabpfn_conformal   final regret       1.1967     8.1s
  hartmann6    seed 4  tabpfn_jacobian    final regret       1.9647   513.0s
  hartmann6    seed 4  gp                 final regret      0.67098     2.1s
  hartmann6    seed 4  random             final regret      0.55498     0.0s

Done.
