
==============================================================================
MODEL tabpfn_v2   2.3.7 actual LOO, rate 0.10 only
==============================================================================
  did=229   s42    flip       18.3s
  did=229   s42    shuffle    17.8s
  did=229   s42    noise      18.0s
  did=229   s100   flip       17.7s
  did=229   s100   shuffle    18.0s
  did=229   s100   noise      17.7s
  did=229   s200   flip       17.9s
  did=229   s200   shuffle    18.0s
  did=229   s200   noise      17.6s
  did=229   s300   flip       18.1s
  did=229   s300   shuffle    17.8s
  did=229   s300   noise      18.0s
  did=229   s400   flip       18.1s
  did=229   s400   shuffle    17.8s
  did=229   s400   noise      17.9s
  did=509   s42    flip       18.1s
  did=509   s42    shuffle    17.8s
  did=509   s42    noise      17.8s
  did=509   s100   flip       17.8s
  did=509   s100   shuffle    17.8s
  did=509   s100   noise      17.9s
  did=509   s200   flip       17.8s
  did=509   s200   shuffle    17.9s
  did=509   s200   noise      17.7s
  did=509   s300   flip       17.7s
  did=509   s300   shuffle    18.0s
  did=509   s300   noise      17.8s
  did=509   s400   flip       17.9s
  did=509   s400   shuffle    17.9s
  did=509   s400   noise      17.8s
  did=522   s42    flip       17.8s
  did=522   s42    shuffle    17.7s
  did=522   s42    noise      17.7s
  did=522   s100   flip       17.7s
  did=522   s100   shuffle    17.7s
  did=522   s100   noise      17.7s
  did=522   s200   flip       17.6s
  did=522   s200   shuffle    17.5s
  did=522   s200   noise      17.6s
  did=522   s300   flip       17.7s
  did=522   s300   shuffle    17.7s
  did=522   s300   noise      17.8s
  did=522   s400   flip       17.7s
  did=522   s400   shuffle    17.7s
  did=522   s400   noise      17.6s
  did=581   s42    flip       18.6s
  did=581   s42    shuffle    18.7s
  did=581   s42    noise      18.6s
  did=581   s100   flip       18.6s
  did=581   s100   shuffle    18.8s
  did=581   s100   noise      18.7s
  did=581   s200   flip       19.0s
  did=581   s200   shuffle    18.9s
  did=581   s200   noise      19.0s
  did=581   s300   flip       19.1s
  did=581   s300   shuffle    18.7s
  did=581   s300   noise      18.8s
  did=581   s400   flip       18.8s
  did=581   s400   shuffle    26.1s
  did=581   s400   noise      19.3s

==============================================================================
MODEL tabswift   2.3.7 actual LOO, rate 0.10 only
==============================================================================
  did=229   s42    flip       26.5s
  did=229   s42    shuffle    27.1s
  did=229   s42    noise      25.6s
  did=229   s100   flip       25.7s
  did=229   s100   shuffle    25.7s
  did=229   s100   noise      25.7s
  did=229   s200   flip       25.7s
  did=229   s200   shuffle    25.9s
  did=229   s200   noise      25.8s
  did=229   s300   flip       25.8s
  did=229   s300   shuffle    25.8s
  did=229   s300   noise      25.6s
  did=229   s400   flip       25.8s
  did=229   s400   shuffle    25.6s
  did=229   s400   noise      25.8s
  did=509   s42    flip       25.6s
  did=509   s42    shuffle    25.7s
  did=509   s42    noise      25.6s
  did=509   s100   flip       25.6s
  did=509   s100   shuffle    25.5s
  did=509   s100   noise      25.5s
  did=509   s200   flip       25.6s
  did=509   s200   shuffle    25.8s
  did=509   s200   noise      25.6s
  did=509   s300   flip       25.6s
  did=509   s300   shuffle    25.5s
  did=509   s300   noise      25.1s
  did=509   s400   flip       25.3s
  did=509   s400   shuffle    25.2s
  did=509   s400   noise      25.4s
  did=522   s42    flip       25.6s
  did=522   s42    shuffle    25.7s
  did=522   s42    noise      25.9s
  did=522   s100   flip       25.9s
  did=522   s100   shuffle    25.6s
  did=522   s100   noise      25.7s
  did=522   s200   flip       25.5s
  did=522   s200   shuffle    25.7s
  did=522   s200   noise      25.7s
  did=522   s300   flip       25.8s
  did=522   s300   shuffle    25.7s
  did=522   s300   noise      25.8s
  did=522   s400   flip       25.9s
  did=522   s400   shuffle    25.7s
  did=522   s400   noise      25.8s
  did=581   s42    flip       25.7s
  did=581   s42    shuffle    25.7s
  did=581   s42    noise      25.6s
  did=581   s100   flip       25.7s
  did=581   s100   shuffle    25.7s
  did=581   s100   noise      25.8s
  did=581   s200   flip       26.0s
  did=581   s200   shuffle    26.1s
  did=581   s200   noise      25.9s
  did=581   s300   flip       25.7s
  did=581   s300   shuffle    25.7s
  did=581   s300   noise      25.7s
  did=581   s400   flip       25.8s
  did=581   s400   shuffle    25.8s
  did=581   s400   noise      25.8s

Done.
